[2017-10-15 10:35:12 +0000] [31998] [INFO] Starting gunicorn 19.7.1
[2017-10-15 10:35:12 +0000] [31998] [INFO] Listening at: http://127.0.0.1:8000 (31998)
[2017-10-15 10:35:12 +0000] [31998] [INFO] Using worker: sync
[2017-10-15 10:35:12 +0000] [32001] [INFO] Booting worker with pid: 32001
[2017-10-15 10:35:22 +0000] [31998] [INFO] Handling signal: int
[2017-10-15 10:35:22 +0000] [32001] [INFO] Worker exiting (pid: 32001)
[2017-10-15 10:35:22 +0000] [31998] [INFO] Shutting down: Master
[2017-10-15 10:35:52 +0000] [32010] [INFO] Starting gunicorn 19.7.1
[2017-10-15 10:35:52 +0000] [32010] [INFO] Listening at: http://127.0.0.1:8000 (32010)
[2017-10-15 10:35:52 +0000] [32010] [INFO] Using worker: sync
[2017-10-15 10:35:52 +0000] [32013] [INFO] Booting worker with pid: 32013
[2017-10-15 10:36:06 +0000] [32010] [INFO] Handling signal: int
[2017-10-15 10:36:06 +0000] [32013] [INFO] Worker exiting (pid: 32013)
[2017-10-15 10:36:06 +0000] [32010] [INFO] Shutting down: Master
[2017-10-15 10:36:42 +0000] [32021] [INFO] Starting gunicorn 19.7.1
[2017-10-15 10:36:42 +0000] [32021] [INFO] Listening at: http://127.0.0.1:8000 (32021)
[2017-10-15 10:36:42 +0000] [32021] [INFO] Using worker: sync
[2017-10-15 10:36:42 +0000] [32024] [INFO] Booting worker with pid: 32024
[2017-10-15 10:40:40 +0000] [32021] [CRITICAL] WORKER TIMEOUT (pid:32024)
[2017-10-15 10:40:40 +0000] [32021] [INFO] Handling signal: hup
[2017-10-15 10:40:40 +0000] [32021] [INFO] Hang up: Master
[2017-10-15 10:40:40 +0000] [32115] [INFO] Booting worker with pid: 32115
[2017-10-15 10:40:42 +0000] [32115] [ERROR] Exception in worker process
Traceback (most recent call last):
  File "/var/www/registration/venv/lib/python3.5/site-packages/gunicorn/arbiter.py", line 578, in spawn_worker
    worker.init_process()
  File "/var/www/registration/venv/lib/python3.5/site-packages/gunicorn/workers/base.py", line 126, in init_process
    self.load_wsgi()
  File "/var/www/registration/venv/lib/python3.5/site-packages/gunicorn/workers/base.py", line 135, in load_wsgi
    self.wsgi = self.app.wsgi()
  File "/var/www/registration/venv/lib/python3.5/site-packages/gunicorn/app/base.py", line 67, in wsgi
    self.callable = self.load()
  File "/var/www/registration/venv/lib/python3.5/site-packages/gunicorn/app/wsgiapp.py", line 65, in load
    return self.load_wsgiapp()
  File "/var/www/registration/venv/lib/python3.5/site-packages/gunicorn/app/wsgiapp.py", line 52, in load_wsgiapp
    return util.import_app(self.app_uri)
  File "/var/www/registration/venv/lib/python3.5/site-packages/gunicorn/util.py", line 352, in import_app
    __import__(module)
  File "/var/www/registration/run.py", line 1, in <module>
    from app import app
  File "/var/www/registration/app/__init__.py", line 53, in <module>
    print(CLIENT_ACCESS_TOKEN)
OSError: [Errno 5] Input/output error
[2017-10-15 10:40:42 +0000] [32115] [INFO] Worker exiting (pid: 32115)
[2017-10-15 10:40:42 +0000] [32021] [INFO] Shutting down: Master
[2017-10-15 10:40:42 +0000] [32021] [INFO] Reason: Worker failed to boot.
[2017-10-15 10:53:27 +0000] [32289] [INFO] Starting gunicorn 19.7.1
[2017-10-15 10:53:28 +0000] [32289] [INFO] Listening at: http://127.0.0.1:8000 (32289)
[2017-10-15 10:53:28 +0000] [32289] [INFO] Using worker: sync
[2017-10-15 10:53:28 +0000] [32292] [INFO] Booting worker with pid: 32292
[2017-10-15 11:38:54 +0000] [32289] [CRITICAL] WORKER TIMEOUT (pid:32292)
[2017-10-15 11:38:54 +0000] [32289] [INFO] Handling signal: hup
[2017-10-15 11:38:54 +0000] [32289] [INFO] Hang up: Master
[2017-10-15 11:38:54 +0000] [921] [INFO] Booting worker with pid: 921
[2017-10-15 11:38:55 +0000] [921] [ERROR] Exception in worker process
Traceback (most recent call last):
  File "/var/www/registration/venv/lib/python3.5/site-packages/gunicorn/arbiter.py", line 578, in spawn_worker
    worker.init_process()
  File "/var/www/registration/venv/lib/python3.5/site-packages/gunicorn/workers/base.py", line 126, in init_process
    self.load_wsgi()
  File "/var/www/registration/venv/lib/python3.5/site-packages/gunicorn/workers/base.py", line 135, in load_wsgi
    self.wsgi = self.app.wsgi()
  File "/var/www/registration/venv/lib/python3.5/site-packages/gunicorn/app/base.py", line 67, in wsgi
    self.callable = self.load()
  File "/var/www/registration/venv/lib/python3.5/site-packages/gunicorn/app/wsgiapp.py", line 65, in load
    return self.load_wsgiapp()
  File "/var/www/registration/venv/lib/python3.5/site-packages/gunicorn/app/wsgiapp.py", line 52, in load_wsgiapp
    return util.import_app(self.app_uri)
  File "/var/www/registration/venv/lib/python3.5/site-packages/gunicorn/util.py", line 352, in import_app
    __import__(module)
  File "/var/www/registration/run.py", line 1, in <module>
    from app import app
  File "/var/www/registration/app/__init__.py", line 53, in <module>
    print(CLIENT_ACCESS_TOKEN)
OSError: [Errno 5] Input/output error
[2017-10-15 11:38:55 +0000] [921] [INFO] Worker exiting (pid: 921)
[2017-10-15 11:38:55 +0000] [32289] [INFO] Shutting down: Master
[2017-10-15 11:38:55 +0000] [32289] [INFO] Reason: Worker failed to boot.
2017-10-17T11:01:28.052858+00:00 app[web.1]:   File "/app/.heroku/python/lib/python3.6/site-packages/flask_cors/extension.py", line 161, in wrapped_function
2017-10-17T11:01:28.052858+00:00 app[web.1]:     return cors_after_request(app.make_response(f(*args, **kwargs)))
2017-10-17T11:01:28.052859+00:00 app[web.1]:   File "/app/.heroku/python/lib/python3.6/site-packages/flask/app.py", line 1540, in handle_exception
2017-10-17T11:01:28.052860+00:00 app[web.1]:     reraise(exc_type, exc_value, tb)
2017-10-17T11:01:28.052864+00:00 app[web.1]:   File "/app/.heroku/python/lib/python3.6/site-packages/flask/_compat.py", line 33, in reraise
2017-10-17T11:01:28.052865+00:00 app[web.1]:     raise value
2017-10-17T11:01:28.052866+00:00 app[web.1]:   File "/app/.heroku/python/lib/python3.6/site-packages/flask/app.py", line 1982, in wsgi_app
2017-10-17T11:01:28.052866+00:00 app[web.1]:     response = self.full_dispatch_request()
2017-10-17T11:01:28.052867+00:00 app[web.1]:   File "/app/.heroku/python/lib/python3.6/site-packages/flask/app.py", line 1614, in full_dispatch_request
2017-10-17T11:01:28.052868+00:00 app[web.1]:     rv = self.handle_user_exception(e)
2017-10-17T11:01:28.052868+00:00 app[web.1]:   File "/app/.heroku/python/lib/python3.6/site-packages/flask_cors/extension.py", line 161, in wrapped_function
2017-10-17T11:01:28.052869+00:00 app[web.1]:     return cors_after_request(app.make_response(f(*args, **kwargs)))
2017-10-17T11:01:28.052870+00:00 app[web.1]:     reraise(exc_type, exc_value, tb)
2017-10-17T11:01:28.052870+00:00 app[web.1]:   File "/app/.heroku/python/lib/python3.6/site-packages/flask/app.py", line 1517, in handle_user_exception
2017-10-17T11:01:28.052871+00:00 app[web.1]:   File "/app/.heroku/python/lib/python3.6/site-packages/flask/_compat.py", line 33, in reraise
2017-10-17T11:01:28.052871+00:00 app[web.1]:     raise value
2017-10-17T11:01:28.052872+00:00 app[web.1]:   File "/app/.heroku/python/lib/python3.6/site-packages/flask/app.py", line 1612, in full_dispatch_request
2017-10-17T11:01:28.052873+00:00 app[web.1]:     rv = self.dispatch_request()
2017-10-17T11:01:28.052873+00:00 app[web.1]:   File "/app/.heroku/python/lib/python3.6/site-packages/flask/app.py", line 1598, in dispatch_request
2017-10-17T11:01:28.052874+00:00 app[web.1]:     return self.view_functions[rule.endpoint](**req.view_args)
2017-10-17T11:01:28.052875+00:00 app[web.1]:   File "/app/app/__init__.py", line 210, in handle_message
2017-10-17T11:01:28.052876+00:00 app[web.1]:     send_message_response(sender_id, parse_user_message(message_text))
2017-10-17T11:01:28.052876+00:00 app[web.1]: NameError: name 'parse_user_message' is not defined
2017-10-17T11:02:42.421394+00:00 heroku[router]: at=info method=POST path="/fbmessenger" host=chat-intuitionfabric.herokuapp.com request_id=6d9567d0-8207-43cc-9d27-31ca780642bd fwd="66.220.152.140" dyno=web.1 connect=0ms service=3ms status=500 bytes=244 protocol=https
2017-10-17T11:02:42.420308+00:00 app[web.1]: [2017-10-17 11:02:42 +0000] [8] [ERROR] Error handling request /fbmessenger
2017-10-17T11:02:42.420325+00:00 app[web.1]: Traceback (most recent call last):
2017-10-17T11:02:42.420328+00:00 app[web.1]:   File "/app/.heroku/python/lib/python3.6/site-packages/gunicorn/workers/sync.py", line 135, in handle
2017-10-17T11:02:42.420329+00:00 app[web.1]:     self.handle_request(listener, req, client, addr)
2017-10-17T11:02:42.420329+00:00 app[web.1]:   File "/app/.heroku/python/lib/python3.6/site-packages/gunicorn/workers/sync.py", line 176, in handle_request
2017-10-17T11:02:42.420330+00:00 app[web.1]:     respiter = self.wsgi(environ, resp.start_response)
2017-10-17T11:02:42.420331+00:00 app[web.1]:   File "/app/.heroku/python/lib/python3.6/site-packages/flask/app.py", line 1997, in __call__
2017-10-17T11:02:42.420331+00:00 app[web.1]:     return self.wsgi_app(environ, start_response)
2017-10-17T11:02:42.420332+00:00 app[web.1]:     response = self.handle_exception(e)
2017-10-17T11:02:42.420331+00:00 app[web.1]:   File "/app/.heroku/python/lib/python3.6/site-packages/flask/app.py", line 1985, in wsgi_app
2017-10-17T11:02:42.420333+00:00 app[web.1]:   File "/app/.heroku/python/lib/python3.6/site-packages/flask/app.py", line 1540, in handle_exception
2017-10-17T11:02:42.420334+00:00 app[web.1]:     reraise(exc_type, exc_value, tb)
2017-10-17T11:02:42.420332+00:00 app[web.1]:   File "/app/.heroku/python/lib/python3.6/site-packages/flask_cors/extension.py", line 161, in wrapped_function
2017-10-17T11:02:42.420333+00:00 app[web.1]:     return cors_after_request(app.make_response(f(*args, **kwargs)))
2017-10-17T11:02:42.420334+00:00 app[web.1]:   File "/app/.heroku/python/lib/python3.6/site-packages/flask/_compat.py", line 33, in reraise
2017-10-17T11:02:42.420335+00:00 app[web.1]:     raise value
2017-10-17T11:02:42.420335+00:00 app[web.1]:   File "/app/.heroku/python/lib/python3.6/site-packages/flask/app.py", line 1982, in wsgi_app
2017-10-17T11:02:42.420336+00:00 app[web.1]:     response = self.full_dispatch_request()
2017-10-17T11:02:42.420336+00:00 app[web.1]:   File "/app/.heroku/python/lib/python3.6/site-packages/flask/app.py", line 1614, in full_dispatch_request
2017-10-17T11:02:42.420336+00:00 app[web.1]:     rv = self.handle_user_exception(e)
2017-10-17T11:02:42.420337+00:00 app[web.1]:   File "/app/.heroku/python/lib/python3.6/site-packages/flask_cors/extension.py", line 161, in wrapped_function
2017-10-17T11:02:42.420337+00:00 app[web.1]:     return cors_after_request(app.make_response(f(*args, **kwargs)))
2017-10-17T11:02:42.420338+00:00 app[web.1]:   File "/app/.heroku/python/lib/python3.6/site-packages/flask/app.py", line 1517, in handle_user_exception
2017-10-17T11:02:42.420338+00:00 app[web.1]:     reraise(exc_type, exc_value, tb)
2017-10-17T11:02:42.420338+00:00 app[web.1]:   File "/app/.heroku/python/lib/python3.6/site-packages/flask/_compat.py", line 33, in reraise
2017-10-17T11:02:42.420339+00:00 app[web.1]:     raise value
2017-10-17T11:02:42.420339+00:00 app[web.1]:   File "/app/.heroku/python/lib/python3.6/site-packages/flask/app.py", line 1612, in full_dispatch_request
2017-10-17T11:02:42.420339+00:00 app[web.1]:     rv = self.dispatch_request()
2017-10-17T11:02:42.420340+00:00 app[web.1]:   File "/app/.heroku/python/lib/python3.6/site-packages/flask/app.py", line 1598, in dispatch_request
2017-10-17T11:02:42.420340+00:00 app[web.1]:     return self.view_functions[rule.endpoint](**req.view_args)
2017-10-17T11:02:42.420340+00:00 app[web.1]:   File "/app/app/__init__.py", line 210, in handle_message
2017-10-17T11:02:42.420341+00:00 app[web.1]:     send_message_response(sender_id, parse_user_message(message_text))
2017-10-17T11:02:42.420345+00:00 app[web.1]: NameError: name 'parse_user_message' is not defined
2017-10-17T11:03:57.541407+00:00 heroku[router]: at=info method=POST path="/fbmessenger" host=chat-intuitionfabric.herokuapp.com request_id=8b904044-8864-4c06-b976-a56b7390c932 fwd="69.63.188.221" dyno=web.1 connect=0ms service=4ms status=500 bytes=244 protocol=https
2017-10-17T11:03:57.540414+00:00 app[web.1]: [2017-10-17 11:03:57 +0000] [10] [ERROR] Error handling request /fbmessenger
2017-10-17T11:03:57.540432+00:00 app[web.1]: Traceback (most recent call last):
2017-10-17T11:03:57.540433+00:00 app[web.1]:   File "/app/.heroku/python/lib/python3.6/site-packages/gunicorn/workers/sync.py", line 135, in handle
2017-10-17T11:03:57.540434+00:00 app[web.1]:     self.handle_request(listener, req, client, addr)
2017-10-17T11:03:57.540434+00:00 app[web.1]:   File "/app/.heroku/python/lib/python3.6/site-packages/gunicorn/workers/sync.py", line 176, in handle_request
2017-10-17T11:03:57.540435+00:00 app[web.1]:     respiter = self.wsgi(environ, resp.start_response)
2017-10-17T11:03:57.540436+00:00 app[web.1]:   File "/app/.heroku/python/lib/python3.6/site-packages/flask/app.py", line 1997, in __call__
2017-10-17T11:03:57.540437+00:00 app[web.1]:     return self.wsgi_app(environ, start_response)
2017-10-17T11:03:57.540438+00:00 app[web.1]:   File "/app/.heroku/python/lib/python3.6/site-packages/flask/app.py", line 1985, in wsgi_app
2017-10-17T11:03:57.540439+00:00 app[web.1]:     response = self.handle_exception(e)
2017-10-17T11:03:57.540439+00:00 app[web.1]:   File "/app/.heroku/python/lib/python3.6/site-packages/flask_cors/extension.py", line 161, in wrapped_function
2017-10-17T11:03:57.540440+00:00 app[web.1]:     return cors_after_request(app.make_response(f(*args, **kwargs)))
2017-10-17T11:03:57.540441+00:00 app[web.1]:   File "/app/.heroku/python/lib/python3.6/site-packages/flask/app.py", line 1540, in handle_exception
2017-10-17T11:03:57.540441+00:00 app[web.1]:     reraise(exc_type, exc_value, tb)
2017-10-17T11:03:57.540442+00:00 app[web.1]:   File "/app/.heroku/python/lib/python3.6/site-packages/flask/_compat.py", line 33, in reraise
2017-10-17T11:03:57.540443+00:00 app[web.1]:     raise value
2017-10-17T11:03:57.540443+00:00 app[web.1]:   File "/app/.heroku/python/lib/python3.6/site-packages/flask/app.py", line 1982, in wsgi_app
2017-10-17T11:03:57.540444+00:00 app[web.1]:     response = self.full_dispatch_request()
2017-10-17T11:03:57.540445+00:00 app[web.1]:   File "/app/.heroku/python/lib/python3.6/site-packages/flask/app.py", line 1614, in full_dispatch_request
2017-10-17T11:03:57.540446+00:00 app[web.1]:     rv = self.handle_user_exception(e)
2017-10-17T11:03:57.540446+00:00 app[web.1]:   File "/app/.heroku/python/lib/python3.6/site-packages/flask_cors/extension.py", line 161, in wrapped_function
2017-10-17T11:03:57.540447+00:00 app[web.1]:     return cors_after_request(app.make_response(f(*args, **kwargs)))
2017-10-17T11:03:57.540448+00:00 app[web.1]:   File "/app/.heroku/python/lib/python3.6/site-packages/flask/app.py", line 1517, in handle_user_exception
2017-10-17T11:03:57.540448+00:00 app[web.1]:     reraise(exc_type, exc_value, tb)
2017-10-17T11:03:57.540449+00:00 app[web.1]:   File "/app/.heroku/python/lib/python3.6/site-packages/flask/_compat.py", line 33, in reraise
2017-10-17T11:03:57.540450+00:00 app[web.1]:     raise value
2017-10-17T11:03:57.540453+00:00 app[web.1]:   File "/app/.heroku/python/lib/python3.6/site-packages/flask/app.py", line 1612, in full_dispatch_request
2017-10-17T11:03:57.540454+00:00 app[web.1]:     rv = self.dispatch_request()
2017-10-17T11:03:57.540455+00:00 app[web.1]:   File "/app/.heroku/python/lib/python3.6/site-packages/flask/app.py", line 1598, in dispatch_request
2017-10-17T11:03:57.540456+00:00 app[web.1]:     return self.view_functions[rule.endpoint](**req.view_args)
2017-10-17T11:03:57.540456+00:00 app[web.1]:   File "/app/app/__init__.py", line 210, in handle_message
2017-10-17T11:03:57.540457+00:00 app[web.1]:     send_message_response(sender_id, parse_user_message(message_text))
2017-10-17T11:03:57.540461+00:00 app[web.1]: NameError: name 'parse_user_message' is not defined
2017-10-17T11:04:19.000000+00:00 app[api]: Build started by user eduardofvaldez1@gmail.com
2017-10-17T11:04:44.048819+00:00 heroku[web.1]: Restarting
2017-10-17T11:04:44.049329+00:00 heroku[web.1]: State changed from up to starting
2017-10-17T11:04:43.701418+00:00 app[api]: Release v46 created by user eduardofvaldez1@gmail.com
2017-10-17T11:04:43.701418+00:00 app[api]: Deploy 32cd3e17 by user eduardofvaldez1@gmail.com
2017-10-17T11:04:44.800251+00:00 heroku[web.1]: Stopping all processes with SIGTERM
2017-10-17T11:04:44.807588+00:00 app[web.1]: [2017-10-17 11:04:44 +0000] [4] [INFO] Handling signal: term
2017-10-17T11:04:44.807599+00:00 app[web.1]: [2017-10-17 11:04:44 +0000] [10] [INFO] Worker exiting (pid: 10)
2017-10-17T11:04:44.807859+00:00 app[web.1]: [2017-10-17 11:04:44 +0000] [8] [INFO] Worker exiting (pid: 8)
2017-10-17T11:04:45.008420+00:00 app[web.1]: [2017-10-17 11:04:45 +0000] [4] [INFO] Shutting down: Master
2017-10-17T11:04:45.116306+00:00 heroku[web.1]: Process exited with status 0
2017-10-17T11:04:19.000000+00:00 app[api]: Build succeeded
2017-10-17T11:04:48.460746+00:00 heroku[web.1]: Starting process with command `gunicorn run:app --reload`
2017-10-17T11:04:50.220758+00:00 app[web.1]: [2017-10-17 11:04:50 +0000] [4] [INFO] Starting gunicorn 19.7.1
2017-10-17T11:04:50.221268+00:00 app[web.1]: [2017-10-17 11:04:50 +0000] [4] [INFO] Listening at: http://0.0.0.0:25047 (4)
2017-10-17T11:04:50.221393+00:00 app[web.1]: [2017-10-17 11:04:50 +0000] [4] [INFO] Using worker: sync
2017-10-17T11:04:50.224744+00:00 app[web.1]: [2017-10-17 11:04:50 +0000] [8] [INFO] Booting worker with pid: 8
2017-10-17T11:04:50.275771+00:00 app[web.1]: [2017-10-17 11:04:50 +0000] [10] [INFO] Booting worker with pid: 10
2017-10-17T11:04:50.748919+00:00 heroku[web.1]: State changed from starting to up
2017-10-17T11:04:52.328265+00:00 app[web.1]: 70290e7963e543d392a19b33c4e8a90f
2017-10-17T11:04:52.329632+00:00 app[web.1]: 70290e7963e543d392a19b33c4e8a90f
2017-10-17T11:04:52.331030+00:00 app[web.1]: /app/.heroku/python/lib/python3.6/site-packages/flask_sqlalchemy/__init__.py:800: UserWarning: SQLALCHEMY_TRACK_MODIFICATIONS adds significant overhead and will be disabled by default in the future.  Set it to True to suppress this warning.
2017-10-17T11:04:52.331033+00:00 app[web.1]:   warnings.warn('SQLALCHEMY_TRACK_MODIFICATIONS adds significant overhead and will be disabled by default in the future.  Set it to True to suppress this warning.')
2017-10-17T11:04:52.331413+00:00 app[web.1]: /app/.heroku/python/lib/python3.6/site-packages/flask_sqlalchemy/__init__.py:800: UserWarning: SQLALCHEMY_TRACK_MODIFICATIONS adds significant overhead and will be disabled by default in the future.  Set it to True to suppress this warning.
2017-10-17T11:04:52.331414+00:00 app[web.1]:   warnings.warn('SQLALCHEMY_TRACK_MODIFICATIONS adds significant overhead and will be disabled by default in the future.  Set it to True to suppress this warning.')
2017-10-17T11:04:52.476346+00:00 app[web.1]: 2017-10-17 11:04:52,476:INFO:flask_appbuilder.base:Registering class MyIndexView on menu 
2017-10-17T11:04:52.476491+00:00 app[web.1]: 2017-10-17 11:04:52,476:INFO:flask_appbuilder.base:Registering class MyIndexView on menu 
2017-10-17T11:04:52.481251+00:00 app[web.1]: 2017-10-17 11:04:52,481:INFO:flask_appbuilder.base:Registering class UtilView on menu 
2017-10-17T11:04:52.484094+00:00 app[web.1]: 2017-10-17 11:04:52,483:INFO:flask_appbuilder.base:Registering class UtilView on menu 
2017-10-17T11:04:52.484550+00:00 app[web.1]: 2017-10-17 11:04:52,484:INFO:flask_appbuilder.base:Registering class LocaleView on menu 
2017-10-17T11:04:52.487491+00:00 app[web.1]: 2017-10-17 11:04:52,487:INFO:flask_appbuilder.base:Registering class LocaleView on menu 
2017-10-17T11:04:52.488461+00:00 app[web.1]: 2017-10-17 11:04:52,488:INFO:flask_appbuilder.base:Registering class RegisterUserDBView on menu 
2017-10-17T11:04:52.492441+00:00 app[web.1]: 2017-10-17 11:04:52,492:INFO:flask_appbuilder.base:Registering class ResetPasswordView on menu 
2017-10-17T11:04:52.492277+00:00 app[web.1]: 2017-10-17 11:04:52,492:INFO:flask_appbuilder.base:Registering class RegisterUserDBView on menu 
2017-10-17T11:04:52.496339+00:00 app[web.1]: 2017-10-17 11:04:52,496:INFO:flask_appbuilder.base:Registering class ResetPasswordView on menu 
2017-10-17T11:04:52.503724+00:00 app[web.1]: 2017-10-17 11:04:52,503:INFO:flask_appbuilder.base:Registering class ResetMyPasswordView on menu 
2017-10-17T11:04:52.508060+00:00 app[web.1]: 2017-10-17 11:04:52,507:INFO:flask_appbuilder.base:Registering class ResetMyPasswordView on menu 
2017-10-17T11:04:52.514560+00:00 app[web.1]: 2017-10-17 11:04:52,514:INFO:flask_appbuilder.base:Registering class MyUserInfoEditView on menu 
2017-10-17T11:04:52.518465+00:00 app[web.1]: 2017-10-17 11:04:52,518:INFO:flask_appbuilder.base:Registering class MyUserInfoEditView on menu 
2017-10-17T11:04:52.524957+00:00 app[web.1]: 2017-10-17 11:04:52,524:INFO:flask_appbuilder.base:Registering class MyAuthDBView on menu 
2017-10-17T11:04:52.528820+00:00 app[web.1]: 2017-10-17 11:04:52,528:INFO:flask_appbuilder.base:Registering class MyAuthDBView on menu 
2017-10-17T11:04:52.534098+00:00 app[web.1]: 2017-10-17 11:04:52,534:INFO:flask_appbuilder.base:Registering class MyUserDBModelView on menu List Users
2017-10-17T11:04:52.542184+00:00 app[web.1]: 2017-10-17 11:04:52,542:INFO:flask_appbuilder.base:Registering class MyUserDBModelView on menu List Users
2017-10-17T11:04:52.578334+00:00 app[web.1]: 2017-10-17 11:04:52,578:INFO:flask_appbuilder.base:Registering class RoleModelView on menu List Roles
2017-10-17T11:04:52.588028+00:00 app[web.1]: 2017-10-17 11:04:52,587:INFO:flask_appbuilder.base:Registering class RoleModelView on menu List Roles
2017-10-17T11:04:52.615786+00:00 app[web.1]: 2017-10-17 11:04:52,615:INFO:flask_appbuilder.base:Registering class MyUserStatsChartView on menu User's Statistics
2017-10-17T11:04:52.623062+00:00 app[web.1]: 2017-10-17 11:04:52,622:ERROR:flask_appbuilder.base:'NoneType' object has no attribute 'name'
2017-10-17T11:04:52.623063+00:00 app[web.1]: Traceback (most recent call last):
2017-10-17T11:04:52.623064+00:00 app[web.1]:   File "/app/.heroku/python/lib/python3.6/site-packages/flask_appbuilder/base.py", line 462, in _add_permission
2017-10-17T11:04:52.623065+00:00 app[web.1]:     self.sm.add_permissions_view(baseview.base_permissions, baseview.__class__.__name__)
2017-10-17T11:04:52.623066+00:00 app[web.1]:   File "/app/.heroku/python/lib/python3.6/site-packages/flask_appbuilder/security/manager.py", line 804, in add_permissions_view
2017-10-17T11:04:52.623067+00:00 app[web.1]:     if perm_view.permission.name not in base_permissions:
2017-10-17T11:04:52.623069+00:00 app[web.1]: AttributeError: 'NoneType' object has no attribute 'name'
2017-10-17T11:04:52.623173+00:00 app[web.1]: 2017-10-17 11:04:52,623:ERROR:flask_appbuilder.base:Add Permission on View Error: 'NoneType' object has no attribute 'name'
2017-10-17T11:04:52.628266+00:00 app[web.1]: 2017-10-17 11:04:52,628:INFO:flask_appbuilder.base:Registering class MyUserStatsChartView on menu User's Statistics
2017-10-17T11:04:52.635858+00:00 app[web.1]: 2017-10-17 11:04:52,635:ERROR:flask_appbuilder.base:'NoneType' object has no attribute 'name'
2017-10-17T11:04:52.635860+00:00 app[web.1]: Traceback (most recent call last):
2017-10-17T11:04:52.635861+00:00 app[web.1]:   File "/app/.heroku/python/lib/python3.6/site-packages/flask_appbuilder/base.py", line 462, in _add_permission
2017-10-17T11:04:52.635862+00:00 app[web.1]:     self.sm.add_permissions_view(baseview.base_permissions, baseview.__class__.__name__)
2017-10-17T11:04:52.635863+00:00 app[web.1]:   File "/app/.heroku/python/lib/python3.6/site-packages/flask_appbuilder/security/manager.py", line 804, in add_permissions_view
2017-10-17T11:04:52.635863+00:00 app[web.1]:     if perm_view.permission.name not in base_permissions:
2017-10-17T11:04:52.635864+00:00 app[web.1]: AttributeError: 'NoneType' object has no attribute 'name'
2017-10-17T11:04:52.635954+00:00 app[web.1]: 2017-10-17 11:04:52,635:ERROR:flask_appbuilder.base:Add Permission on View Error: 'NoneType' object has no attribute 'name'
2017-10-17T11:04:52.636613+00:00 app[web.1]: 2017-10-17 11:04:52,636:INFO:flask_appbuilder.base:Registering class RegisterUserModelView on menu User's Statistics
2017-10-17T11:04:52.649187+00:00 app[web.1]: 2017-10-17 11:04:52,649:INFO:flask_appbuilder.base:Registering class RegisterUserModelView on menu User's Statistics
2017-10-17T11:04:52.667726+00:00 app[web.1]: 2017-10-17 11:04:52,667:INFO:flask_appbuilder.base:Registering class PermissionModelView on menu Base Permissions
2017-10-17T11:04:52.680374+00:00 app[web.1]: 2017-10-17 11:04:52,680:INFO:flask_appbuilder.base:Registering class PermissionModelView on menu Base Permissions
2017-10-17T11:04:52.695295+00:00 app[web.1]: 2017-10-17 11:04:52,695:INFO:flask_appbuilder.base:Registering class ViewMenuModelView on menu Views/Menus
2017-10-17T11:04:52.709148+00:00 app[web.1]: 2017-10-17 11:04:52,709:INFO:flask_appbuilder.base:Registering class ViewMenuModelView on menu Views/Menus
2017-10-17T11:04:52.760378+00:00 app[web.1]: 2017-10-17 11:04:52,760:INFO:flask_appbuilder.base:Registering class PermissionViewModelView on menu Permission on Views/Menus
2017-10-17T11:04:52.770168+00:00 app[web.1]: 2017-10-17 11:04:52,770:INFO:flask_appbuilder.base:Registering class PermissionViewModelView on menu Permission on Views/Menus
2017-10-17T11:04:52.854602+00:00 app[web.1]: 2017-10-17 11:04:52,854:INFO:flask_appbuilder.base:Registering class CountryStatsModelView on menu List Countries
2017-10-17T11:04:52.855451+00:00 app[web.1]: 2017-10-17 11:04:52,855:INFO:flask_appbuilder.base:Registering class CountryStatsModelView on menu List Countries
2017-10-17T11:04:52.889985+00:00 app[web.1]: 2017-10-17 11:04:52,889:INFO:flask_appbuilder.base:Registering class CountryStatsDirectChart on menu Show Country Chart
2017-10-17T11:04:52.891850+00:00 app[web.1]: 2017-10-17 11:04:52,891:INFO:flask_appbuilder.base:Registering class CountryStatsDirectChart on menu Show Country Chart
2017-10-17T11:05:12.846468+00:00 heroku[router]: at=info method=POST path="/fbmessenger" host=chat-intuitionfabric.herokuapp.com request_id=451e94e7-c573-4071-91a0-b3cc059bee0c fwd="173.252.123.139" dyno=web.1 connect=0ms service=216ms status=500 bytes=244 protocol=https
2017-10-17T11:05:12.840965+00:00 app[web.1]: <class 'str'>
2017-10-17T11:05:12.844744+00:00 app[web.1]: [2017-10-17 11:05:12 +0000] [10] [ERROR] Error handling request /fbmessenger
2017-10-17T11:05:12.844746+00:00 app[web.1]: Traceback (most recent call last):
2017-10-17T11:05:12.844748+00:00 app[web.1]:   File "/app/.heroku/python/lib/python3.6/site-packages/gunicorn/workers/sync.py", line 135, in handle
2017-10-17T11:05:12.844749+00:00 app[web.1]:     self.handle_request(listener, req, client, addr)
2017-10-17T11:05:12.844749+00:00 app[web.1]:   File "/app/.heroku/python/lib/python3.6/site-packages/gunicorn/workers/sync.py", line 176, in handle_request
2017-10-17T11:05:12.844750+00:00 app[web.1]:     respiter = self.wsgi(environ, resp.start_response)
2017-10-17T11:05:12.844751+00:00 app[web.1]:   File "/app/.heroku/python/lib/python3.6/site-packages/flask/app.py", line 1997, in __call__
2017-10-17T11:05:12.844752+00:00 app[web.1]:     return self.wsgi_app(environ, start_response)
2017-10-17T11:05:12.844753+00:00 app[web.1]:   File "/app/.heroku/python/lib/python3.6/site-packages/flask/app.py", line 1985, in wsgi_app
2017-10-17T11:05:12.844753+00:00 app[web.1]:     response = self.handle_exception(e)
2017-10-17T11:05:12.844754+00:00 app[web.1]:   File "/app/.heroku/python/lib/python3.6/site-packages/flask_cors/extension.py", line 161, in wrapped_function
2017-10-17T11:05:12.844755+00:00 app[web.1]:     return cors_after_request(app.make_response(f(*args, **kwargs)))
2017-10-17T11:05:12.844756+00:00 app[web.1]:   File "/app/.heroku/python/lib/python3.6/site-packages/flask/app.py", line 1540, in handle_exception
2017-10-17T11:05:12.844756+00:00 app[web.1]:     reraise(exc_type, exc_value, tb)
2017-10-17T11:05:12.844757+00:00 app[web.1]:   File "/app/.heroku/python/lib/python3.6/site-packages/flask/_compat.py", line 33, in reraise
2017-10-17T11:05:12.844758+00:00 app[web.1]:     raise value
2017-10-17T11:05:12.844759+00:00 app[web.1]:   File "/app/.heroku/python/lib/python3.6/site-packages/flask/app.py", line 1982, in wsgi_app
2017-10-17T11:05:12.844759+00:00 app[web.1]:     response = self.full_dispatch_request()
2017-10-17T11:05:12.844760+00:00 app[web.1]:   File "/app/.heroku/python/lib/python3.6/site-packages/flask/app.py", line 1614, in full_dispatch_request
2017-10-17T11:05:12.844761+00:00 app[web.1]:     rv = self.handle_user_exception(e)
2017-10-17T11:05:12.844762+00:00 app[web.1]:   File "/app/.heroku/python/lib/python3.6/site-packages/flask_cors/extension.py", line 161, in wrapped_function
2017-10-17T11:05:12.844762+00:00 app[web.1]:     return cors_after_request(app.make_response(f(*args, **kwargs)))
2017-10-17T11:05:12.844763+00:00 app[web.1]:   File "/app/.heroku/python/lib/python3.6/site-packages/flask/app.py", line 1517, in handle_user_exception
2017-10-17T11:05:12.844764+00:00 app[web.1]:     reraise(exc_type, exc_value, tb)
2017-10-17T11:05:12.844765+00:00 app[web.1]:   File "/app/.heroku/python/lib/python3.6/site-packages/flask/_compat.py", line 33, in reraise
2017-10-17T11:05:12.844765+00:00 app[web.1]:     raise value
2017-10-17T11:05:12.844766+00:00 app[web.1]:   File "/app/.heroku/python/lib/python3.6/site-packages/flask/app.py", line 1612, in full_dispatch_request
2017-10-17T11:05:12.844767+00:00 app[web.1]:     rv = self.dispatch_request()
2017-10-17T11:05:12.844767+00:00 app[web.1]:   File "/app/.heroku/python/lib/python3.6/site-packages/flask/app.py", line 1598, in dispatch_request
2017-10-17T11:05:12.844768+00:00 app[web.1]:     return self.view_functions[rule.endpoint](**req.view_args)
2017-10-17T11:05:12.844769+00:00 app[web.1]:   File "/app/app/__init__.py", line 210, in handle_message
2017-10-17T11:05:12.844770+00:00 app[web.1]:     send_message_response(sender_id, chatbot_response(message_text))
2017-10-17T11:05:12.844771+00:00 app[web.1]:   File "/app/app/__init__.py", line 260, in send_message_response
2017-10-17T11:05:12.844771+00:00 app[web.1]:     messages = message_text.split(sentenceDelimeter)
2017-10-17T11:05:12.844772+00:00 app[web.1]: NameError: name 'sentenceDelimeter' is not defined
2017-10-17T11:06:25.911800+00:00 app[web.1]: <class 'str'>
2017-10-17T11:06:25.914156+00:00 app[web.1]: [2017-10-17 11:06:25 +0000] [10] [ERROR] Error handling request /fbmessenger
2017-10-17T11:06:25.914158+00:00 app[web.1]: Traceback (most recent call last):
2017-10-17T11:06:25.914159+00:00 app[web.1]:   File "/app/.heroku/python/lib/python3.6/site-packages/gunicorn/workers/sync.py", line 135, in handle
2017-10-17T11:06:25.914160+00:00 app[web.1]:     self.handle_request(listener, req, client, addr)
2017-10-17T11:06:25.914161+00:00 app[web.1]:   File "/app/.heroku/python/lib/python3.6/site-packages/gunicorn/workers/sync.py", line 176, in handle_request
2017-10-17T11:06:25.914162+00:00 app[web.1]:     respiter = self.wsgi(environ, resp.start_response)
2017-10-17T11:06:25.914163+00:00 app[web.1]:   File "/app/.heroku/python/lib/python3.6/site-packages/flask/app.py", line 1997, in __call__
2017-10-17T11:06:25.914164+00:00 app[web.1]:     return self.wsgi_app(environ, start_response)
2017-10-17T11:06:25.914165+00:00 app[web.1]:   File "/app/.heroku/python/lib/python3.6/site-packages/flask/app.py", line 1985, in wsgi_app
2017-10-17T11:06:25.914165+00:00 app[web.1]:     response = self.handle_exception(e)
2017-10-17T11:06:25.914166+00:00 app[web.1]:   File "/app/.heroku/python/lib/python3.6/site-packages/flask_cors/extension.py", line 161, in wrapped_function
2017-10-17T11:06:25.914167+00:00 app[web.1]:     return cors_after_request(app.make_response(f(*args, **kwargs)))
2017-10-17T11:06:25.914168+00:00 app[web.1]:   File "/app/.heroku/python/lib/python3.6/site-packages/flask/app.py", line 1540, in handle_exception
2017-10-17T11:06:25.914168+00:00 app[web.1]:     reraise(exc_type, exc_value, tb)
2017-10-17T11:06:25.914169+00:00 app[web.1]:   File "/app/.heroku/python/lib/python3.6/site-packages/flask/_compat.py", line 33, in reraise
2017-10-17T11:06:25.914170+00:00 app[web.1]:     raise value
2017-10-17T11:06:25.914171+00:00 app[web.1]:   File "/app/.heroku/python/lib/python3.6/site-packages/flask/app.py", line 1982, in wsgi_app
2017-10-17T11:06:25.914171+00:00 app[web.1]:     response = self.full_dispatch_request()
2017-10-17T11:06:25.914172+00:00 app[web.1]:   File "/app/.heroku/python/lib/python3.6/site-packages/flask/app.py", line 1614, in full_dispatch_request
2017-10-17T11:06:25.914172+00:00 app[web.1]:     rv = self.handle_user_exception(e)
2017-10-17T11:06:25.914173+00:00 app[web.1]:   File "/app/.heroku/python/lib/python3.6/site-packages/flask_cors/extension.py", line 161, in wrapped_function
2017-10-17T11:06:25.914174+00:00 app[web.1]:     return cors_after_request(app.make_response(f(*args, **kwargs)))
2017-10-17T11:06:25.914175+00:00 app[web.1]:   File "/app/.heroku/python/lib/python3.6/site-packages/flask/app.py", line 1517, in handle_user_exception
2017-10-17T11:06:25.914175+00:00 app[web.1]:     reraise(exc_type, exc_value, tb)
2017-10-17T11:06:25.914176+00:00 app[web.1]:   File "/app/.heroku/python/lib/python3.6/site-packages/flask/_compat.py", line 33, in reraise
2017-10-17T11:06:25.914177+00:00 app[web.1]:     raise value
2017-10-17T11:06:25.914178+00:00 app[web.1]:   File "/app/.heroku/python/lib/python3.6/site-packages/flask/app.py", line 1612, in full_dispatch_request
2017-10-17T11:06:25.914178+00:00 app[web.1]:     rv = self.dispatch_request()
2017-10-17T11:06:25.914179+00:00 app[web.1]:   File "/app/.heroku/python/lib/python3.6/site-packages/flask/app.py", line 1598, in dispatch_request
2017-10-17T11:06:25.914180+00:00 app[web.1]:     return self.view_functions[rule.endpoint](**req.view_args)
2017-10-17T11:06:25.914180+00:00 app[web.1]:   File "/app/app/__init__.py", line 210, in handle_message
2017-10-17T11:06:25.914181+00:00 app[web.1]:     send_message_response(sender_id, chatbot_response(message_text))
2017-10-17T11:06:25.914182+00:00 app[web.1]:   File "/app/app/__init__.py", line 260, in send_message_response
2017-10-17T11:06:25.914182+00:00 app[web.1]:     messages = message_text.split(sentenceDelimeter)
2017-10-17T11:06:25.914279+00:00 app[web.1]: NameError: name 'sentenceDelimeter' is not defined
2017-10-17T11:06:25.916422+00:00 heroku[router]: at=info method=POST path="/fbmessenger" host=chat-intuitionfabric.herokuapp.com request_id=9aa91ba3-9ffa-4a9e-bb2d-0d39821a7870 fwd="66.220.152.174" dyno=web.1 connect=0ms service=263ms status=500 bytes=244 protocol=https
2017-10-17T11:07:52.241581+00:00 app[web.1]: <class 'str'>
2017-10-17T11:07:52.242838+00:00 app[web.1]: [2017-10-17 11:07:52 +0000] [10] [ERROR] Error handling request /fbmessenger
2017-10-17T11:07:52.242839+00:00 app[web.1]: Traceback (most recent call last):
2017-10-17T11:07:52.242841+00:00 app[web.1]:   File "/app/.heroku/python/lib/python3.6/site-packages/gunicorn/workers/sync.py", line 135, in handle
2017-10-17T11:07:52.242844+00:00 app[web.1]:     self.handle_request(listener, req, client, addr)
2017-10-17T11:07:52.242845+00:00 app[web.1]:   File "/app/.heroku/python/lib/python3.6/site-packages/gunicorn/workers/sync.py", line 176, in handle_request
2017-10-17T11:07:52.242847+00:00 app[web.1]:   File "/app/.heroku/python/lib/python3.6/site-packages/flask/app.py", line 1997, in __call__
2017-10-17T11:07:52.242845+00:00 app[web.1]:     respiter = self.wsgi(environ, resp.start_response)
2017-10-17T11:07:52.242848+00:00 app[web.1]:     return self.wsgi_app(environ, start_response)
2017-10-17T11:07:52.242849+00:00 app[web.1]:   File "/app/.heroku/python/lib/python3.6/site-packages/flask/app.py", line 1985, in wsgi_app
2017-10-17T11:07:52.242850+00:00 app[web.1]:     response = self.handle_exception(e)
2017-10-17T11:07:52.242850+00:00 app[web.1]:   File "/app/.heroku/python/lib/python3.6/site-packages/flask_cors/extension.py", line 161, in wrapped_function
2017-10-17T11:07:52.242851+00:00 app[web.1]:     return cors_after_request(app.make_response(f(*args, **kwargs)))
2017-10-17T11:07:52.242852+00:00 app[web.1]:   File "/app/.heroku/python/lib/python3.6/site-packages/flask/app.py", line 1540, in handle_exception
2017-10-17T11:07:52.242852+00:00 app[web.1]:     reraise(exc_type, exc_value, tb)
2017-10-17T11:07:52.242853+00:00 app[web.1]:   File "/app/.heroku/python/lib/python3.6/site-packages/flask/_compat.py", line 33, in reraise
2017-10-17T11:07:52.242854+00:00 app[web.1]:     raise value
2017-10-17T11:07:52.242854+00:00 app[web.1]:   File "/app/.heroku/python/lib/python3.6/site-packages/flask/app.py", line 1982, in wsgi_app
2017-10-17T11:07:52.242855+00:00 app[web.1]:     response = self.full_dispatch_request()
2017-10-17T11:07:52.242856+00:00 app[web.1]:   File "/app/.heroku/python/lib/python3.6/site-packages/flask/app.py", line 1614, in full_dispatch_request
2017-10-17T11:07:52.242856+00:00 app[web.1]:     rv = self.handle_user_exception(e)
2017-10-17T11:07:52.242857+00:00 app[web.1]:   File "/app/.heroku/python/lib/python3.6/site-packages/flask_cors/extension.py", line 161, in wrapped_function
2017-10-17T11:07:52.242858+00:00 app[web.1]:     return cors_after_request(app.make_response(f(*args, **kwargs)))
2017-10-17T11:07:52.242859+00:00 app[web.1]:   File "/app/.heroku/python/lib/python3.6/site-packages/flask/app.py", line 1517, in handle_user_exception
2017-10-17T11:07:52.242860+00:00 app[web.1]:     reraise(exc_type, exc_value, tb)
2017-10-17T11:07:52.242860+00:00 app[web.1]:   File "/app/.heroku/python/lib/python3.6/site-packages/flask/_compat.py", line 33, in reraise
2017-10-17T11:07:52.242861+00:00 app[web.1]:     raise value
2017-10-17T11:07:52.242862+00:00 app[web.1]:   File "/app/.heroku/python/lib/python3.6/site-packages/flask/app.py", line 1612, in full_dispatch_request
2017-10-17T11:07:52.242862+00:00 app[web.1]:     rv = self.dispatch_request()
2017-10-17T11:07:52.242863+00:00 app[web.1]:   File "/app/.heroku/python/lib/python3.6/site-packages/flask/app.py", line 1598, in dispatch_request
2017-10-17T11:07:52.242864+00:00 app[web.1]:     return self.view_functions[rule.endpoint](**req.view_args)
2017-10-17T11:07:52.242864+00:00 app[web.1]:   File "/app/app/__init__.py", line 210, in handle_message
2017-10-17T11:07:52.242865+00:00 app[web.1]:     send_message_response(sender_id, chatbot_response(message_text))
2017-10-17T11:07:52.242866+00:00 app[web.1]:   File "/app/app/__init__.py", line 260, in send_message_response
2017-10-17T11:07:52.242866+00:00 app[web.1]:     messages = message_text.split(sentenceDelimeter)
2017-10-17T11:07:52.242885+00:00 app[web.1]: NameError: name 'sentenceDelimeter' is not defined
2017-10-17T11:07:52.244701+00:00 heroku[router]: at=info method=POST path="/fbmessenger" host=chat-intuitionfabric.herokuapp.com request_id=9f69a0e3-427f-402d-933c-b39cb4dd45e4 fwd="173.252.123.129" dyno=web.1 connect=0ms service=258ms status=500 bytes=244 protocol=https
2017-10-17T11:08:06.000000+00:00 app[api]: Build started by user eduardofvaldez1@gmail.com
2017-10-17T11:08:28.476624+00:00 heroku[web.1]: Restarting
2017-10-17T11:08:28.477033+00:00 heroku[web.1]: State changed from up to starting
2017-10-17T11:08:27.761012+00:00 app[api]: Release v47 created by user eduardofvaldez1@gmail.com
2017-10-17T11:08:27.761012+00:00 app[api]: Deploy 61786dd1 by user eduardofvaldez1@gmail.com
2017-10-17T11:08:06.000000+00:00 app[api]: Build succeeded
2017-10-17T11:08:29.385060+00:00 heroku[web.1]: Stopping all processes with SIGTERM
2017-10-17T11:08:29.403474+00:00 app[web.1]: [2017-10-17 11:08:29 +0000] [4] [INFO] Handling signal: term
2017-10-17T11:08:29.404550+00:00 app[web.1]: [2017-10-17 11:08:29 +0000] [10] [INFO] Worker exiting (pid: 10)
2017-10-17T11:08:29.404833+00:00 app[web.1]: [2017-10-17 11:08:29 +0000] [8] [INFO] Worker exiting (pid: 8)
2017-10-17T11:08:29.807558+00:00 app[web.1]: [2017-10-17 11:08:29 +0000] [4] [INFO] Shutting down: Master
2017-10-17T11:08:29.942121+00:00 heroku[web.1]: Process exited with status 0
2017-10-17T11:08:33.497127+00:00 heroku[web.1]: Starting process with command `gunicorn run:app --reload`
2017-10-17T11:08:35.256076+00:00 app[web.1]: [2017-10-17 11:08:35 +0000] [4] [INFO] Starting gunicorn 19.7.1
2017-10-17T11:08:35.256551+00:00 app[web.1]: [2017-10-17 11:08:35 +0000] [4] [INFO] Listening at: http://0.0.0.0:50943 (4)
2017-10-17T11:08:35.256645+00:00 app[web.1]: [2017-10-17 11:08:35 +0000] [4] [INFO] Using worker: sync
2017-10-17T11:08:35.259803+00:00 app[web.1]: [2017-10-17 11:08:35 +0000] [8] [INFO] Booting worker with pid: 8
2017-10-17T11:08:35.336376+00:00 app[web.1]: [2017-10-17 11:08:35 +0000] [10] [INFO] Booting worker with pid: 10
2017-10-17T11:08:35.773753+00:00 heroku[web.1]: State changed from starting to up
2017-10-17T11:08:37.361613+00:00 app[web.1]: 70290e7963e543d392a19b33c4e8a90f
2017-10-17T11:08:37.361836+00:00 app[web.1]: 70290e7963e543d392a19b33c4e8a90f
2017-10-17T11:08:37.363801+00:00 app[web.1]: /app/.heroku/python/lib/python3.6/site-packages/flask_sqlalchemy/__init__.py:800: UserWarning: SQLALCHEMY_TRACK_MODIFICATIONS adds significant overhead and will be disabled by default in the future.  Set it to True to suppress this warning.
2017-10-17T11:08:37.363804+00:00 app[web.1]:   warnings.warn('SQLALCHEMY_TRACK_MODIFICATIONS adds significant overhead and will be disabled by default in the future.  Set it to True to suppress this warning.')
2017-10-17T11:08:37.364022+00:00 app[web.1]: /app/.heroku/python/lib/python3.6/site-packages/flask_sqlalchemy/__init__.py:800: UserWarning: SQLALCHEMY_TRACK_MODIFICATIONS adds significant overhead and will be disabled by default in the future.  Set it to True to suppress this warning.
2017-10-17T11:08:37.364024+00:00 app[web.1]:   warnings.warn('SQLALCHEMY_TRACK_MODIFICATIONS adds significant overhead and will be disabled by default in the future.  Set it to True to suppress this warning.')
2017-10-17T11:08:37.524660+00:00 app[web.1]: 2017-10-17 11:08:37,524:INFO:flask_appbuilder.base:Registering class MyIndexView on menu 
2017-10-17T11:08:37.526388+00:00 app[web.1]: 2017-10-17 11:08:37,526:INFO:flask_appbuilder.base:Registering class MyIndexView on menu 
2017-10-17T11:08:37.531309+00:00 app[web.1]: 2017-10-17 11:08:37,531:INFO:flask_appbuilder.base:Registering class UtilView on menu 
2017-10-17T11:08:37.532024+00:00 app[web.1]: 2017-10-17 11:08:37,531:INFO:flask_appbuilder.base:Registering class UtilView on menu 
2017-10-17T11:08:37.535320+00:00 app[web.1]: 2017-10-17 11:08:37,535:INFO:flask_appbuilder.base:Registering class LocaleView on menu 
2017-10-17T11:08:37.535894+00:00 app[web.1]: 2017-10-17 11:08:37,535:INFO:flask_appbuilder.base:Registering class LocaleView on menu 
2017-10-17T11:08:37.539903+00:00 app[web.1]: 2017-10-17 11:08:37,539:INFO:flask_appbuilder.base:Registering class RegisterUserDBView on menu 
2017-10-17T11:08:37.540358+00:00 app[web.1]: 2017-10-17 11:08:37,540:INFO:flask_appbuilder.base:Registering class RegisterUserDBView on menu 
2017-10-17T11:08:37.544918+00:00 app[web.1]: 2017-10-17 11:08:37,544:INFO:flask_appbuilder.base:Registering class ResetPasswordView on menu 
2017-10-17T11:08:37.545021+00:00 app[web.1]: 2017-10-17 11:08:37,544:INFO:flask_appbuilder.base:Registering class ResetPasswordView on menu 
2017-10-17T11:08:37.559442+00:00 app[web.1]: 2017-10-17 11:08:37,559:INFO:flask_appbuilder.base:Registering class ResetMyPasswordView on menu 
2017-10-17T11:08:37.561701+00:00 app[web.1]: 2017-10-17 11:08:37,561:INFO:flask_appbuilder.base:Registering class ResetMyPasswordView on menu 
2017-10-17T11:08:37.579358+00:00 app[web.1]: 2017-10-17 11:08:37,579:INFO:flask_appbuilder.base:Registering class MyUserInfoEditView on menu 
2017-10-17T11:08:37.580305+00:00 app[web.1]: 2017-10-17 11:08:37,580:INFO:flask_appbuilder.base:Registering class MyUserInfoEditView on menu 
2017-10-17T11:08:37.592983+00:00 app[web.1]: 2017-10-17 11:08:37,592:INFO:flask_appbuilder.base:Registering class MyAuthDBView on menu 
2017-10-17T11:08:37.594746+00:00 app[web.1]: 2017-10-17 11:08:37,594:INFO:flask_appbuilder.base:Registering class MyAuthDBView on menu 
2017-10-17T11:08:37.604056+00:00 app[web.1]: 2017-10-17 11:08:37,603:INFO:flask_appbuilder.base:Registering class MyUserDBModelView on menu List Users
2017-10-17T11:08:37.607010+00:00 app[web.1]: 2017-10-17 11:08:37,606:INFO:flask_appbuilder.base:Registering class MyUserDBModelView on menu List Users
2017-10-17T11:08:37.654863+00:00 app[web.1]: 2017-10-17 11:08:37,654:INFO:flask_appbuilder.base:Registering class RoleModelView on menu List Roles
2017-10-17T11:08:37.662478+00:00 app[web.1]: 2017-10-17 11:08:37,662:INFO:flask_appbuilder.base:Registering class RoleModelView on menu List Roles
2017-10-17T11:08:37.706798+00:00 app[web.1]: 2017-10-17 11:08:37,706:INFO:flask_appbuilder.base:Registering class MyUserStatsChartView on menu User's Statistics
2017-10-17T11:08:37.713510+00:00 app[web.1]: 2017-10-17 11:08:37,713:INFO:flask_appbuilder.base:Registering class MyUserStatsChartView on menu User's Statistics
2017-10-17T11:08:37.722738+00:00 app[web.1]: Traceback (most recent call last):
2017-10-17T11:08:37.716926+00:00 app[web.1]: 2017-10-17 11:08:37,715:ERROR:flask_appbuilder.base:'NoneType' object has no attribute 'name'
2017-10-17T11:08:37.716928+00:00 app[web.1]: Traceback (most recent call last):
2017-10-17T11:08:37.716929+00:00 app[web.1]:   File "/app/.heroku/python/lib/python3.6/site-packages/flask_appbuilder/base.py", line 462, in _add_permission
2017-10-17T11:08:37.716930+00:00 app[web.1]:     self.sm.add_permissions_view(baseview.base_permissions, baseview.__class__.__name__)
2017-10-17T11:08:37.716931+00:00 app[web.1]:   File "/app/.heroku/python/lib/python3.6/site-packages/flask_appbuilder/security/manager.py", line 804, in add_permissions_view
2017-10-17T11:08:37.716932+00:00 app[web.1]: AttributeError: 'NoneType' object has no attribute 'name'
2017-10-17T11:08:37.717045+00:00 app[web.1]: 2017-10-17 11:08:37,716:ERROR:flask_appbuilder.base:Add Permission on View Error: 'NoneType' object has no attribute 'name'
2017-10-17T11:08:37.722735+00:00 app[web.1]: 2017-10-17 11:08:37,721:ERROR:flask_appbuilder.base:'NoneType' object has no attribute 'name'
2017-10-17T11:08:37.722739+00:00 app[web.1]:   File "/app/.heroku/python/lib/python3.6/site-packages/flask_appbuilder/base.py", line 462, in _add_permission
2017-10-17T11:08:37.722739+00:00 app[web.1]:     self.sm.add_permissions_view(baseview.base_permissions, baseview.__class__.__name__)
2017-10-17T11:08:37.716932+00:00 app[web.1]:     if perm_view.permission.name not in base_permissions:
2017-10-17T11:08:37.722852+00:00 app[web.1]: 2017-10-17 11:08:37,722:ERROR:flask_appbuilder.base:Add Permission on View Error: 'NoneType' object has no attribute 'name'
2017-10-17T11:08:37.734238+00:00 app[web.1]: 2017-10-17 11:08:37,734:INFO:flask_appbuilder.base:Registering class RegisterUserModelView on menu User's Statistics
2017-10-17T11:08:37.740571+00:00 app[web.1]: 2017-10-17 11:08:37,740:INFO:flask_appbuilder.base:Registering class RegisterUserModelView on menu User's Statistics
2017-10-17T11:08:37.777336+00:00 app[web.1]: 2017-10-17 11:08:37,777:INFO:flask_appbuilder.base:Registering class PermissionModelView on menu Base Permissions
2017-10-17T11:08:37.782185+00:00 app[web.1]: 2017-10-17 11:08:37,782:INFO:flask_appbuilder.base:Registering class PermissionModelView on menu Base Permissions
2017-10-17T11:08:37.821704+00:00 app[web.1]: 2017-10-17 11:08:37,821:INFO:flask_appbuilder.base:Registering class ViewMenuModelView on menu Views/Menus
2017-10-17T11:08:37.825059+00:00 app[web.1]: 2017-10-17 11:08:37,824:INFO:flask_appbuilder.base:Registering class ViewMenuModelView on menu Views/Menus
2017-10-17T11:08:37.722740+00:00 app[web.1]:   File "/app/.heroku/python/lib/python3.6/site-packages/flask_appbuilder/security/manager.py", line 804, in add_permissions_view
2017-10-17T11:08:37.889949+00:00 app[web.1]: 2017-10-17 11:08:37,889:INFO:flask_appbuilder.base:Registering class PermissionViewModelView on menu Permission on Views/Menus
2017-10-17T11:08:37.722741+00:00 app[web.1]:     if perm_view.permission.name not in base_permissions:
2017-10-17T11:08:37.891784+00:00 app[web.1]: 2017-10-17 11:08:37,891:INFO:flask_appbuilder.base:Registering class PermissionViewModelView on menu Permission on Views/Menus
2017-10-17T11:08:37.722745+00:00 app[web.1]: AttributeError: 'NoneType' object has no attribute 'name'
2017-10-17T11:08:38.009337+00:00 app[web.1]: 2017-10-17 11:08:38,009:INFO:flask_appbuilder.base:Registering class CountryStatsModelView on menu List Countries
2017-10-17T11:08:38.015553+00:00 app[web.1]: 2017-10-17 11:08:38,015:INFO:flask_appbuilder.base:Registering class CountryStatsModelView on menu List Countries
2017-10-17T11:08:38.051885+00:00 app[web.1]: 2017-10-17 11:08:38,051:INFO:flask_appbuilder.base:Registering class CountryStatsDirectChart on menu Show Country Chart
2017-10-17T11:08:38.066825+00:00 app[web.1]: 2017-10-17 11:08:38,066:INFO:flask_appbuilder.base:Registering class CountryStatsDirectChart on menu Show Country Chart
2017-10-17T11:09:13.875374+00:00 app[web.1]: <class 'str'>
2017-10-17T11:09:13.880621+00:00 app[web.1]: 2017-10-17 11:09:13,880:DEBUG:urllib3.connectionpool:Starting new HTTPS connection (1): graph.facebook.com
2017-10-17T11:09:13.916680+00:00 app[web.1]: 2017-10-17 11:09:13,916:DEBUG:urllib3.connectionpool:https://graph.facebook.com:443 "POST /v2.6/me/messages?access_token=EAACkXOgsTTEBAFdnUYxUurh8nCoCgWvNJ1jy2XNFM5M9DMG8P582KYAWCpztupmQGRXGZCp3yZBR13PnCoiaRO73JunN4waCNmr84Inl0LgsFZC3wCkLAY1Phh0RkDa6Eb5YVMggW309GKRQjGMuJTAiQIXLq3cyVUZCnx%24 HTTP/1.1" 400 265
2017-10-17T11:09:13.920797+00:00 heroku[router]: at=info method=POST path="/fbmessenger" host=chat-intuitionfabric.herokuapp.com request_id=9b5bee06-49be-4361-9695-12161469a0af fwd="173.252.123.135" dyno=web.1 connect=0ms service=269ms status=200 bytes=193 protocol=https
2017-10-17T11:09:14.181345+00:00 app[web.1]: <class 'str'>
2017-10-17T11:09:14.183573+00:00 app[web.1]: 2017-10-17 11:09:14,183:DEBUG:urllib3.connectionpool:Starting new HTTPS connection (1): graph.facebook.com
2017-10-17T11:09:14.215383+00:00 app[web.1]: 2017-10-17 11:09:14,215:DEBUG:urllib3.connectionpool:https://graph.facebook.com:443 "POST /v2.6/me/messages?access_token=EAACkXOgsTTEBAFdnUYxUurh8nCoCgWvNJ1jy2XNFM5M9DMG8P582KYAWCpztupmQGRXGZCp3yZBR13PnCoiaRO73JunN4waCNmr84Inl0LgsFZC3wCkLAY1Phh0RkDa6Eb5YVMggW309GKRQjGMuJTAiQIXLq3cyVUZCnx%24 HTTP/1.1" 400 265
2017-10-17T11:09:14.217345+00:00 heroku[router]: at=info method=POST path="/fbmessenger" host=chat-intuitionfabric.herokuapp.com request_id=22a4620f-81ac-4c40-98af-1fc68822ab9d fwd="69.63.188.201" dyno=web.1 connect=1ms service=166ms status=200 bytes=193 protocol=https
2017-10-17T11:09:14.521592+00:00 heroku[router]: at=info method=POST path="/fbmessenger" host=chat-intuitionfabric.herokuapp.com request_id=6f8cae2f-0619-440f-b4eb-91d90812134c fwd="66.220.152.131" dyno=web.1 connect=1ms service=162ms status=200 bytes=193 protocol=https
2017-10-17T11:09:14.486026+00:00 app[web.1]: <class 'str'>
2017-10-17T11:09:14.488254+00:00 app[web.1]: 2017-10-17 11:09:14,488:DEBUG:urllib3.connectionpool:Starting new HTTPS connection (1): graph.facebook.com
2017-10-17T11:09:14.520061+00:00 app[web.1]: 2017-10-17 11:09:14,519:DEBUG:urllib3.connectionpool:https://graph.facebook.com:443 "POST /v2.6/me/messages?access_token=EAACkXOgsTTEBAFdnUYxUurh8nCoCgWvNJ1jy2XNFM5M9DMG8P582KYAWCpztupmQGRXGZCp3yZBR13PnCoiaRO73JunN4waCNmr84Inl0LgsFZC3wCkLAY1Phh0RkDa6Eb5YVMggW309GKRQjGMuJTAiQIXLq3cyVUZCnx%24 HTTP/1.1" 400 266
2017-10-17T11:09:14.791255+00:00 heroku[router]: at=info method=POST path="/fbmessenger" host=chat-intuitionfabric.herokuapp.com request_id=558f6579-2197-4a2e-9f6d-c34cb992ae63 fwd="173.252.123.136" dyno=web.1 connect=0ms service=171ms status=200 bytes=193 protocol=https
2017-10-17T11:09:14.743517+00:00 app[web.1]: <class 'str'>
2017-10-17T11:09:14.749640+00:00 app[web.1]: 2017-10-17 11:09:14,749:DEBUG:urllib3.connectionpool:Starting new HTTPS connection (1): graph.facebook.com
2017-10-17T11:09:14.786557+00:00 app[web.1]: 2017-10-17 11:09:14,786:DEBUG:urllib3.connectionpool:https://graph.facebook.com:443 "POST /v2.6/me/messages?access_token=EAACkXOgsTTEBAFdnUYxUurh8nCoCgWvNJ1jy2XNFM5M9DMG8P582KYAWCpztupmQGRXGZCp3yZBR13PnCoiaRO73JunN4waCNmr84Inl0LgsFZC3wCkLAY1Phh0RkDa6Eb5YVMggW309GKRQjGMuJTAiQIXLq3cyVUZCnx%24 HTTP/1.1" 400 265
2017-10-17T11:09:31.869241+00:00 heroku[router]: at=info method=POST path="/fbmessenger" host=chat-intuitionfabric.herokuapp.com request_id=a6b2ae1b-e7b0-43c3-8b4a-78442bf322b2 fwd="69.63.188.209" dyno=web.1 connect=0ms service=116ms status=200 bytes=193 protocol=https
2017-10-17T11:09:31.828879+00:00 app[web.1]: <class 'str'>
2017-10-17T11:09:31.831454+00:00 app[web.1]: 2017-10-17 11:09:31,831:DEBUG:urllib3.connectionpool:Starting new HTTPS connection (1): graph.facebook.com
2017-10-17T11:09:31.867421+00:00 app[web.1]: 2017-10-17 11:09:31,867:DEBUG:urllib3.connectionpool:https://graph.facebook.com:443 "POST /v2.6/me/messages?access_token=EAACkXOgsTTEBAFdnUYxUurh8nCoCgWvNJ1jy2XNFM5M9DMG8P582KYAWCpztupmQGRXGZCp3yZBR13PnCoiaRO73JunN4waCNmr84Inl0LgsFZC3wCkLAY1Phh0RkDa6Eb5YVMggW309GKRQjGMuJTAiQIXLq3cyVUZCnx%24 HTTP/1.1" 400 265
2017-10-17T11:10:01.903316+00:00 app[web.1]: <class 'str'>
2017-10-17T11:10:01.907255+00:00 app[web.1]: 2017-10-17 11:10:01,907:DEBUG:urllib3.connectionpool:Starting new HTTPS connection (1): graph.facebook.com
2017-10-17T11:10:01.950309+00:00 app[web.1]: 2017-10-17 11:10:01,950:DEBUG:urllib3.connectionpool:https://graph.facebook.com:443 "POST /v2.6/me/messages?access_token=EAACkXOgsTTEBAFdnUYxUurh8nCoCgWvNJ1jy2XNFM5M9DMG8P582KYAWCpztupmQGRXGZCp3yZBR13PnCoiaRO73JunN4waCNmr84Inl0LgsFZC3wCkLAY1Phh0RkDa6Eb5YVMggW309GKRQjGMuJTAiQIXLq3cyVUZCnx%24 HTTP/1.1" 400 265
2017-10-17T11:10:01.954669+00:00 heroku[router]: at=info method=POST path="/fbmessenger" host=chat-intuitionfabric.herokuapp.com request_id=5b430da3-9f7a-4804-b562-fbb2ba868acf fwd="66.220.152.130" dyno=web.1 connect=1ms service=182ms status=200 bytes=193 protocol=https
2017-10-17T11:10:05.191970+00:00 heroku[router]: at=info method=POST path="/fbmessenger" host=chat-intuitionfabric.herokuapp.com request_id=f42905ba-a78f-4f54-b6c9-3a6c1f210fc3 fwd="69.63.188.196" dyno=web.1 connect=1ms service=4ms status=200 bytes=193 protocol=https
2017-10-17T11:10:07.843355+00:00 heroku[router]: at=info method=POST path="/fbmessenger" host=chat-intuitionfabric.herokuapp.com request_id=d28e06dc-953d-4165-af5c-d7bc470cb374 fwd="69.63.188.221" dyno=web.1 connect=1ms service=174ms status=200 bytes=193 protocol=https
2017-10-17T11:10:07.803511+00:00 app[web.1]: <class 'str'>
2017-10-17T11:10:07.806935+00:00 app[web.1]: 2017-10-17 11:10:07,806:DEBUG:urllib3.connectionpool:Starting new HTTPS connection (1): graph.facebook.com
2017-10-17T11:10:07.841794+00:00 app[web.1]: 2017-10-17 11:10:07,841:DEBUG:urllib3.connectionpool:https://graph.facebook.com:443 "POST /v2.6/me/messages?access_token=EAACkXOgsTTEBAFdnUYxUurh8nCoCgWvNJ1jy2XNFM5M9DMG8P582KYAWCpztupmQGRXGZCp3yZBR13PnCoiaRO73JunN4waCNmr84Inl0LgsFZC3wCkLAY1Phh0RkDa6Eb5YVMggW309GKRQjGMuJTAiQIXLq3cyVUZCnx%24 HTTP/1.1" 400 267
2017-10-17T11:10:07.803603+00:00 heroku[router]: at=info method=POST path="/fbmessenger" host=chat-intuitionfabric.herokuapp.com request_id=895b5e8d-778e-494a-9d62-14a359307adf fwd="69.63.188.201" dyno=web.1 connect=5ms service=18ms status=200 bytes=193 protocol=https
2017-10-17T11:10:07.964029+00:00 heroku[router]: at=info method=POST path="/fbmessenger" host=chat-intuitionfabric.herokuapp.com request_id=4350ba87-44d6-4552-9fa9-065a024e9d80 fwd="69.63.188.214" dyno=web.1 connect=0ms service=2ms status=200 bytes=193 protocol=https
2017-10-17T11:11:56.004164+00:00 heroku[router]: at=info method=POST path="/fbmessenger" host=chat-intuitionfabric.herokuapp.com request_id=13a891bb-7964-421d-b456-64a1bc58a854 fwd="66.220.152.135" dyno=web.1 connect=1ms service=209ms status=200 bytes=193 protocol=https
2017-10-17T11:11:55.925654+00:00 app[web.1]: <class 'str'>
2017-10-17T11:11:55.927931+00:00 app[web.1]: 2017-10-17 11:11:55,927:DEBUG:urllib3.connectionpool:Starting new HTTPS connection (1): graph.facebook.com
2017-10-17T11:11:56.002578+00:00 app[web.1]: 2017-10-17 11:11:56,002:DEBUG:urllib3.connectionpool:https://graph.facebook.com:443 "POST /v2.6/me/messages?access_token=EAACkXOgsTTEBAFdnUYxUurh8nCoCgWvNJ1jy2XNFM5M9DMG8P582KYAWCpztupmQGRXGZCp3yZBR13PnCoiaRO73JunN4waCNmr84Inl0LgsFZC3wCkLAY1Phh0RkDa6Eb5YVMggW309GKRQjGMuJTAiQIXLq3cyVUZCnx%24 HTTP/1.1" 400 267
2017-10-17T11:17:07.398663+00:00 heroku[web.1]: Restarting
2017-10-17T11:17:07.399167+00:00 heroku[web.1]: State changed from up to starting
2017-10-17T11:17:07.111739+00:00 app[api]: Release v48 created by user eduardofvaldez1@gmail.com
2017-10-17T11:17:07.111739+00:00 app[api]: Set PAT config vars by user eduardofvaldez1@gmail.com
2017-10-17T11:17:08.004892+00:00 heroku[web.1]: Stopping all processes with SIGTERM
2017-10-17T11:17:08.018026+00:00 app[web.1]: [2017-10-17 11:17:08 +0000] [4] [INFO] Handling signal: term
2017-10-17T11:17:08.018049+00:00 app[web.1]: [2017-10-17 11:17:08 +0000] [8] [INFO] Worker exiting (pid: 8)
2017-10-17T11:17:08.019047+00:00 app[web.1]: [2017-10-17 11:17:08 +0000] [10] [INFO] Worker exiting (pid: 10)
2017-10-17T11:17:08.215328+00:00 app[web.1]: [2017-10-17 11:17:08 +0000] [4] [INFO] Shutting down: Master
2017-10-17T11:17:08.341036+00:00 heroku[web.1]: Process exited with status 0
2017-10-17T11:17:11.814877+00:00 heroku[web.1]: Starting process with command `gunicorn run:app --reload`
2017-10-17T11:17:13.081922+00:00 app[web.1]: [2017-10-17 11:17:13 +0000] [4] [INFO] Starting gunicorn 19.7.1
2017-10-17T11:17:13.082405+00:00 app[web.1]: [2017-10-17 11:17:13 +0000] [4] [INFO] Listening at: http://0.0.0.0:12530 (4)
2017-10-17T11:17:13.082496+00:00 app[web.1]: [2017-10-17 11:17:13 +0000] [4] [INFO] Using worker: sync
2017-10-17T11:17:13.085620+00:00 app[web.1]: [2017-10-17 11:17:13 +0000] [8] [INFO] Booting worker with pid: 8
2017-10-17T11:17:13.137913+00:00 app[web.1]: [2017-10-17 11:17:13 +0000] [10] [INFO] Booting worker with pid: 10
2017-10-17T11:17:13.438893+00:00 heroku[web.1]: State changed from starting to up
2017-10-17T11:17:15.198770+00:00 app[web.1]: 70290e7963e543d392a19b33c4e8a90f
2017-10-17T11:17:15.200532+00:00 app[web.1]: /app/.heroku/python/lib/python3.6/site-packages/flask_sqlalchemy/__init__.py:800: UserWarning: SQLALCHEMY_TRACK_MODIFICATIONS adds significant overhead and will be disabled by default in the future.  Set it to True to suppress this warning.
2017-10-17T11:17:15.200535+00:00 app[web.1]:   warnings.warn('SQLALCHEMY_TRACK_MODIFICATIONS adds significant overhead and will be disabled by default in the future.  Set it to True to suppress this warning.')
2017-10-17T11:17:15.202182+00:00 app[web.1]: 70290e7963e543d392a19b33c4e8a90f
2017-10-17T11:17:15.203633+00:00 app[web.1]:   warnings.warn('SQLALCHEMY_TRACK_MODIFICATIONS adds significant overhead and will be disabled by default in the future.  Set it to True to suppress this warning.')
2017-10-17T11:17:15.203631+00:00 app[web.1]: /app/.heroku/python/lib/python3.6/site-packages/flask_sqlalchemy/__init__.py:800: UserWarning: SQLALCHEMY_TRACK_MODIFICATIONS adds significant overhead and will be disabled by default in the future.  Set it to True to suppress this warning.
2017-10-17T11:17:15.378713+00:00 app[web.1]: 2017-10-17 11:17:15,378:INFO:flask_appbuilder.base:Registering class MyIndexView on menu 
2017-10-17T11:17:15.384420+00:00 app[web.1]: 2017-10-17 11:17:15,384:INFO:flask_appbuilder.base:Registering class UtilView on menu 
2017-10-17T11:17:15.385577+00:00 app[web.1]: 2017-10-17 11:17:15,385:INFO:flask_appbuilder.base:Registering class MyIndexView on menu 
2017-10-17T11:17:15.389044+00:00 app[web.1]: 2017-10-17 11:17:15,388:INFO:flask_appbuilder.base:Registering class LocaleView on menu 
2017-10-17T11:17:15.393575+00:00 app[web.1]: 2017-10-17 11:17:15,393:INFO:flask_appbuilder.base:Registering class UtilView on menu 
2017-10-17T11:17:15.394455+00:00 app[web.1]: 2017-10-17 11:17:15,394:INFO:flask_appbuilder.base:Registering class RegisterUserDBView on menu 
2017-10-17T11:17:15.399513+00:00 app[web.1]: 2017-10-17 11:17:15,399:INFO:flask_appbuilder.base:Registering class LocaleView on menu 
2017-10-17T11:17:15.399964+00:00 app[web.1]: 2017-10-17 11:17:15,399:INFO:flask_appbuilder.base:Registering class ResetPasswordView on menu 
2017-10-17T11:17:15.406547+00:00 app[web.1]: 2017-10-17 11:17:15,406:INFO:flask_appbuilder.base:Registering class RegisterUserDBView on menu 
2017-10-17T11:17:15.414312+00:00 app[web.1]: 2017-10-17 11:17:15,414:INFO:flask_appbuilder.base:Registering class ResetPasswordView on menu 
2017-10-17T11:17:15.415052+00:00 app[web.1]: 2017-10-17 11:17:15,414:INFO:flask_appbuilder.base:Registering class ResetMyPasswordView on menu 
2017-10-17T11:17:15.427936+00:00 app[web.1]: 2017-10-17 11:17:15,427:INFO:flask_appbuilder.base:Registering class MyUserInfoEditView on menu 
2017-10-17T11:17:15.434460+00:00 app[web.1]: 2017-10-17 11:17:15,434:INFO:flask_appbuilder.base:Registering class ResetMyPasswordView on menu 
2017-10-17T11:17:15.441341+00:00 app[web.1]: 2017-10-17 11:17:15,441:INFO:flask_appbuilder.base:Registering class MyAuthDBView on menu 
2017-10-17T11:17:15.451984+00:00 app[web.1]: 2017-10-17 11:17:15,451:INFO:flask_appbuilder.base:Registering class MyUserDBModelView on menu List Users
2017-10-17T11:17:15.472094+00:00 app[web.1]: 2017-10-17 11:17:15,471:INFO:flask_appbuilder.base:Registering class MyAuthDBView on menu 
2017-10-17T11:17:15.453252+00:00 app[web.1]: 2017-10-17 11:17:15,453:INFO:flask_appbuilder.base:Registering class MyUserInfoEditView on menu 
2017-10-17T11:17:15.491984+00:00 app[web.1]: 2017-10-17 11:17:15,491:INFO:flask_appbuilder.base:Registering class MyUserDBModelView on menu List Users
2017-10-17T11:17:15.505366+00:00 app[web.1]: 2017-10-17 11:17:15,505:INFO:flask_appbuilder.base:Registering class RoleModelView on menu List Roles
2017-10-17T11:17:15.553223+00:00 app[web.1]: 2017-10-17 11:17:15,553:INFO:flask_appbuilder.base:Registering class MyUserStatsChartView on menu User's Statistics
2017-10-17T11:17:15.559953+00:00 app[web.1]: 2017-10-17 11:17:15,559:INFO:flask_appbuilder.base:Registering class RoleModelView on menu List Roles
2017-10-17T11:17:15.565958+00:00 app[web.1]: 2017-10-17 11:17:15,565:ERROR:flask_appbuilder.base:'NoneType' object has no attribute 'name'
2017-10-17T11:17:15.565960+00:00 app[web.1]: Traceback (most recent call last):
2017-10-17T11:17:15.565961+00:00 app[web.1]:   File "/app/.heroku/python/lib/python3.6/site-packages/flask_appbuilder/base.py", line 462, in _add_permission
2017-10-17T11:17:15.565962+00:00 app[web.1]:     self.sm.add_permissions_view(baseview.base_permissions, baseview.__class__.__name__)
2017-10-17T11:17:15.565966+00:00 app[web.1]:   File "/app/.heroku/python/lib/python3.6/site-packages/flask_appbuilder/security/manager.py", line 804, in add_permissions_view
2017-10-17T11:17:15.565967+00:00 app[web.1]:     if perm_view.permission.name not in base_permissions:
2017-10-17T11:17:15.565971+00:00 app[web.1]: AttributeError: 'NoneType' object has no attribute 'name'
2017-10-17T11:17:15.566079+00:00 app[web.1]: 2017-10-17 11:17:15,565:ERROR:flask_appbuilder.base:Add Permission on View Error: 'NoneType' object has no attribute 'name'
2017-10-17T11:17:15.614968+00:00 app[web.1]: 2017-10-17 11:17:15,614:INFO:flask_appbuilder.base:Registering class MyUserStatsChartView on menu User's Statistics
2017-10-17T11:17:15.584381+00:00 app[web.1]: 2017-10-17 11:17:15,584:INFO:flask_appbuilder.base:Registering class RegisterUserModelView on menu User's Statistics
2017-10-17T11:17:15.626174+00:00 app[web.1]: 2017-10-17 11:17:15,626:INFO:flask_appbuilder.base:Registering class PermissionModelView on menu Base Permissions
2017-10-17T11:17:15.626721+00:00 app[web.1]: 2017-10-17 11:17:15,625:ERROR:flask_appbuilder.base:'NoneType' object has no attribute 'name'
2017-10-17T11:17:15.626724+00:00 app[web.1]: Traceback (most recent call last):
2017-10-17T11:17:15.626725+00:00 app[web.1]:   File "/app/.heroku/python/lib/python3.6/site-packages/flask_appbuilder/base.py", line 462, in _add_permission
2017-10-17T11:17:15.626725+00:00 app[web.1]:     self.sm.add_permissions_view(baseview.base_permissions, baseview.__class__.__name__)
2017-10-17T11:17:15.626727+00:00 app[web.1]:   File "/app/.heroku/python/lib/python3.6/site-packages/flask_appbuilder/security/manager.py", line 804, in add_permissions_view
2017-10-17T11:17:15.626727+00:00 app[web.1]:     if perm_view.permission.name not in base_permissions:
2017-10-17T11:17:15.626728+00:00 app[web.1]: AttributeError: 'NoneType' object has no attribute 'name'
2017-10-17T11:17:15.647428+00:00 app[web.1]: 2017-10-17 11:17:15,647:INFO:flask_appbuilder.base:Registering class RegisterUserModelView on menu User's Statistics
2017-10-17T11:17:15.626832+00:00 app[web.1]: 2017-10-17 11:17:15,626:ERROR:flask_appbuilder.base:Add Permission on View Error: 'NoneType' object has no attribute 'name'
2017-10-17T11:17:15.669537+00:00 app[web.1]: 2017-10-17 11:17:15,669:INFO:flask_appbuilder.base:Registering class ViewMenuModelView on menu Views/Menus
2017-10-17T11:17:15.698767+00:00 app[web.1]: 2017-10-17 11:17:15,698:INFO:flask_appbuilder.base:Registering class PermissionModelView on menu Base Permissions
2017-10-17T11:17:15.739010+00:00 app[web.1]: 2017-10-17 11:17:15,738:INFO:flask_appbuilder.base:Registering class PermissionViewModelView on menu Permission on Views/Menus
2017-10-17T11:17:15.739778+00:00 app[web.1]: 2017-10-17 11:17:15,739:INFO:flask_appbuilder.base:Registering class ViewMenuModelView on menu Views/Menus
2017-10-17T11:17:15.789801+00:00 app[web.1]: 2017-10-17 11:17:15,789:INFO:flask_appbuilder.base:Registering class PermissionViewModelView on menu Permission on Views/Menus
2017-10-17T11:17:15.880559+00:00 app[web.1]: 2017-10-17 11:17:15,880:INFO:flask_appbuilder.base:Registering class CountryStatsModelView on menu List Countries
2017-10-17T11:17:15.950155+00:00 app[web.1]: 2017-10-17 11:17:15,949:INFO:flask_appbuilder.base:Registering class CountryStatsDirectChart on menu Show Country Chart
2017-10-17T11:17:15.954282+00:00 app[web.1]: 2017-10-17 11:17:15,954:INFO:flask_appbuilder.base:Registering class CountryStatsModelView on menu List Countries
2017-10-17T11:17:16.008918+00:00 app[web.1]: 2017-10-17 11:17:16,008:INFO:flask_appbuilder.base:Registering class CountryStatsDirectChart on menu Show Country Chart
2017-10-17T11:19:36.059892+00:00 app[web.1]: <class 'str'>
2017-10-17T11:19:36.064886+00:00 app[web.1]: 2017-10-17 11:19:36,064:DEBUG:urllib3.connectionpool:Starting new HTTPS connection (1): graph.facebook.com
2017-10-17T11:19:36.769513+00:00 app[web.1]: 2017-10-17 11:19:36,769:DEBUG:urllib3.connectionpool:https://graph.facebook.com:443 "POST /v2.6/me/messages?access_token=EAACkXOgsTTEBAICIT4YDjDwLJ1GuoJQEG3PGgMcoU0HA7FtRGGgzcYg16MTlIbyLRIQZBZBZBuqU16ZC0FQfL04zF1gvj0HPmZCu4tZARzUwjReBK2RBZAuZALJRLa61DUXLkuX50SEByGEPSLQ0yL9A4sLKnKRvozuVq45LTwQ43AZDZD HTTP/1.1" 200 85
2017-10-17T11:19:36.780678+00:00 heroku[router]: at=info method=POST path="/fbmessenger" host=chat-intuitionfabric.herokuapp.com request_id=371109b4-f3fc-4824-af2e-385dbbc48925 fwd="69.63.188.199" dyno=web.1 connect=1ms service=908ms status=200 bytes=193 protocol=https
2017-10-17T11:19:37.330297+00:00 app[web.1]: <class 'str'>
2017-10-17T11:19:37.332318+00:00 app[web.1]: 2017-10-17 11:19:37,332:DEBUG:urllib3.connectionpool:Starting new HTTPS connection (1): graph.facebook.com
2017-10-17T11:19:37.423807+00:00 app[web.1]: 2017-10-17 11:19:37,423:DEBUG:urllib3.connectionpool:https://graph.facebook.com:443 "POST /v2.6/me/messages?access_token=EAACkXOgsTTEBAICIT4YDjDwLJ1GuoJQEG3PGgMcoU0HA7FtRGGgzcYg16MTlIbyLRIQZBZBZBuqU16ZC0FQfL04zF1gvj0HPmZCu4tZARzUwjReBK2RBZAuZALJRLa61DUXLkuX50SEByGEPSLQ0yL9A4sLKnKRvozuVq45LTwQ43AZDZD HTTP/1.1" 400 139
2017-10-17T11:19:37.426218+00:00 heroku[router]: at=info method=POST path="/fbmessenger" host=chat-intuitionfabric.herokuapp.com request_id=83af0f19-e6c8-4afd-84fe-a0cc2869b7f2 fwd="173.252.123.130" dyno=web.1 connect=0ms service=541ms status=200 bytes=193 protocol=https
2017-10-17T11:20:38.914556+00:00 app[web.1]: HEY
2017-10-17T11:20:38.914571+00:00 app[web.1]: 
2017-10-17T11:20:38.914571+00:00 app[web.1]: 
2017-10-17T11:20:38.914572+00:00 app[web.1]: 
2017-10-17T11:20:39.056210+00:00 heroku[router]: at=info method=GET path="/" host=chat-intuitionfabric.herokuapp.com request_id=e31df72d-824f-459f-a1b2-6d8c5522146c fwd="119.95.244.171" dyno=web.1 connect=0ms service=146ms status=200 bytes=8015 protocol=https
2017-10-17T11:20:47.842611+00:00 heroku[router]: at=info method=GET path="/favicon.ico" host=chat-intuitionfabric.herokuapp.com request_id=b4013423-ce94-43a6-a25e-2064c65b7ec5 fwd="119.95.244.171" dyno=web.1 connect=0ms service=20ms status=404 bytes=6215 protocol=https
2017-10-17T11:20:52.238734+00:00 heroku[router]: at=info method=GET path="/login/" host=chat-intuitionfabric.herokuapp.com request_id=48573a3f-cb39-4e56-8703-a902c855612b fwd="119.95.244.171" dyno=web.1 connect=0ms service=134ms status=200 bytes=8725 protocol=https
2017-10-17T11:20:52.568000+00:00 heroku[router]: at=info method=GET path="/static/css/chat.css" host=chat-intuitionfabric.herokuapp.com request_id=5074530f-63a5-42aa-8719-bc8886b982af fwd="119.95.244.171" dyno=web.1 connect=4ms service=7ms status=200 bytes=1813 protocol=https
2017-10-17T11:20:52.822930+00:00 heroku[router]: at=info method=GET path="/static/js/chat.js" host=chat-intuitionfabric.herokuapp.com request_id=7541378d-9f8b-4e58-a187-135eb84bf463 fwd="119.95.244.171" dyno=web.1 connect=0ms service=6ms status=200 bytes=1691 protocol=https
2017-10-17T11:20:52.883268+00:00 heroku[router]: at=info method=GET path="/login/static/img/intuitionmachine.png" host=chat-intuitionfabric.herokuapp.com request_id=5f4dd895-c7fe-4f1d-be9b-95c48c740402 fwd="119.95.244.171" dyno=web.1 connect=0ms service=17ms status=404 bytes=6215 protocol=https
2017-10-17T11:20:54.439361+00:00 heroku[router]: at=info method=POST path="/fbmessenger" host=chat-intuitionfabric.herokuapp.com request_id=c9eaf5b4-82f7-4484-a7c4-b08b6c621f8a fwd="69.63.188.210" dyno=web.1 connect=1ms service=3ms status=200 bytes=193 protocol=https
2017-10-17T11:20:58.409362+00:00 app[web.1]: <class 'str'>
2017-10-17T11:20:58.412214+00:00 app[web.1]: 2017-10-17 11:20:58,412:DEBUG:urllib3.connectionpool:Starting new HTTPS connection (1): graph.facebook.com
2017-10-17T11:20:59.219428+00:00 heroku[router]: at=info method=POST path="/fbmessenger" host=chat-intuitionfabric.herokuapp.com request_id=1e6e5b02-7565-40c7-a951-fdb7e4336832 fwd="66.220.152.179" dyno=web.1 connect=0ms service=954ms status=200 bytes=193 protocol=https
2017-10-17T11:20:59.218033+00:00 app[web.1]: 2017-10-17 11:20:59,217:DEBUG:urllib3.connectionpool:https://graph.facebook.com:443 "POST /v2.6/me/messages?access_token=EAACkXOgsTTEBAICIT4YDjDwLJ1GuoJQEG3PGgMcoU0HA7FtRGGgzcYg16MTlIbyLRIQZBZBZBuqU16ZC0FQfL04zF1gvj0HPmZCu4tZARzUwjReBK2RBZAuZALJRLa61DUXLkuX50SEByGEPSLQ0yL9A4sLKnKRvozuVq45LTwQ43AZDZD HTTP/1.1" 200 85
2017-10-17T11:20:59.617072+00:00 heroku[router]: at=info method=POST path="/fbmessenger" host=chat-intuitionfabric.herokuapp.com request_id=3cdc7ab4-c7b2-47db-afbd-2ac93180de5e fwd="69.63.188.204" dyno=web.1 connect=0ms service=2ms status=200 bytes=193 protocol=https
2017-10-17T11:20:59.637687+00:00 app[web.1]: <class 'str'>
2017-10-17T11:20:59.639864+00:00 app[web.1]: 2017-10-17 11:20:59,639:DEBUG:urllib3.connectionpool:Starting new HTTPS connection (1): graph.facebook.com
2017-10-17T11:20:59.693421+00:00 app[web.1]: 2017-10-17 11:20:59,693:DEBUG:urllib3.connectionpool:https://graph.facebook.com:443 "POST /v2.6/me/messages?access_token=EAACkXOgsTTEBAICIT4YDjDwLJ1GuoJQEG3PGgMcoU0HA7FtRGGgzcYg16MTlIbyLRIQZBZBZBuqU16ZC0FQfL04zF1gvj0HPmZCu4tZARzUwjReBK2RBZAuZALJRLa61DUXLkuX50SEByGEPSLQ0yL9A4sLKnKRvozuVq45LTwQ43AZDZD HTTP/1.1" 400 139
2017-10-17T11:20:59.698017+00:00 app[web.1]: 2017-10-17 11:20:59,697:DEBUG:urllib3.connectionpool:Starting new HTTPS connection (1): graph.facebook.com
2017-10-17T11:20:59.752211+00:00 app[web.1]: 2017-10-17 11:20:59,752:DEBUG:urllib3.connectionpool:https://graph.facebook.com:443 "POST /v2.6/me/messages?access_token=EAACkXOgsTTEBAICIT4YDjDwLJ1GuoJQEG3PGgMcoU0HA7FtRGGgzcYg16MTlIbyLRIQZBZBZBuqU16ZC0FQfL04zF1gvj0HPmZCu4tZARzUwjReBK2RBZAuZALJRLa61DUXLkuX50SEByGEPSLQ0yL9A4sLKnKRvozuVq45LTwQ43AZDZD HTTP/1.1" 400 139
2017-10-17T11:20:59.756159+00:00 app[web.1]: 2017-10-17 11:20:59,756:DEBUG:urllib3.connectionpool:Starting new HTTPS connection (1): graph.facebook.com
2017-10-17T11:20:59.814195+00:00 app[web.1]: 2017-10-17 11:20:59,811:DEBUG:urllib3.connectionpool:https://graph.facebook.com:443 "POST /v2.6/me/messages?access_token=EAACkXOgsTTEBAICIT4YDjDwLJ1GuoJQEG3PGgMcoU0HA7FtRGGgzcYg16MTlIbyLRIQZBZBZBuqU16ZC0FQfL04zF1gvj0HPmZCu4tZARzUwjReBK2RBZAuZALJRLa61DUXLkuX50SEByGEPSLQ0yL9A4sLKnKRvozuVq45LTwQ43AZDZD HTTP/1.1" 400 168
2017-10-17T11:20:59.814611+00:00 heroku[router]: at=info method=POST path="/fbmessenger" host=chat-intuitionfabric.herokuapp.com request_id=d9179bed-621e-4ab3-a075-be8bdee9b613 fwd="173.252.123.136" dyno=web.1 connect=1ms service=472ms status=200 bytes=193 protocol=https
2017-10-17T11:21:02.246513+00:00 app[web.1]: <class 'str'>
2017-10-17T11:21:02.249995+00:00 app[web.1]: 2017-10-17 11:21:02,249:DEBUG:urllib3.connectionpool:Starting new HTTPS connection (1): graph.facebook.com
2017-10-17T11:21:02.872531+00:00 heroku[router]: at=info method=POST path="/fbmessenger" host=chat-intuitionfabric.herokuapp.com request_id=a03ac3ac-aa91-44f8-87e4-720c3fc32e6c fwd="173.252.123.129" dyno=web.1 connect=0ms service=740ms status=200 bytes=193 protocol=https
2017-10-17T11:21:02.870393+00:00 app[web.1]: 2017-10-17 11:21:02,870:DEBUG:urllib3.connectionpool:https://graph.facebook.com:443 "POST /v2.6/me/messages?access_token=EAACkXOgsTTEBAICIT4YDjDwLJ1GuoJQEG3PGgMcoU0HA7FtRGGgzcYg16MTlIbyLRIQZBZBZBuqU16ZC0FQfL04zF1gvj0HPmZCu4tZARzUwjReBK2RBZAuZALJRLa61DUXLkuX50SEByGEPSLQ0yL9A4sLKnKRvozuVq45LTwQ43AZDZD HTTP/1.1" 200 85
2017-10-17T11:21:03.264631+00:00 heroku[router]: at=info method=POST path="/fbmessenger" host=chat-intuitionfabric.herokuapp.com request_id=7924ea2f-1860-4264-8f41-1436059e8ec7 fwd="66.220.152.179" dyno=web.1 connect=0ms service=353ms status=200 bytes=193 protocol=https
2017-10-17T11:21:03.206691+00:00 app[web.1]: <class 'str'>
2017-10-17T11:21:03.209560+00:00 app[web.1]: 2017-10-17 11:21:03,209:DEBUG:urllib3.connectionpool:Starting new HTTPS connection (1): graph.facebook.com
2017-10-17T11:21:03.262968+00:00 app[web.1]: 2017-10-17 11:21:03,262:DEBUG:urllib3.connectionpool:https://graph.facebook.com:443 "POST /v2.6/me/messages?access_token=EAACkXOgsTTEBAICIT4YDjDwLJ1GuoJQEG3PGgMcoU0HA7FtRGGgzcYg16MTlIbyLRIQZBZBZBuqU16ZC0FQfL04zF1gvj0HPmZCu4tZARzUwjReBK2RBZAuZALJRLa61DUXLkuX50SEByGEPSLQ0yL9A4sLKnKRvozuVq45LTwQ43AZDZD HTTP/1.1" 400 140
2017-10-17T11:21:07.983455+00:00 heroku[router]: at=info method=POST path="/fbmessenger" host=chat-intuitionfabric.herokuapp.com request_id=4ee3b60e-f9e2-44d9-9d5f-5ffdd3e90bf8 fwd="69.63.188.216" dyno=web.1 connect=1ms service=3ms status=200 bytes=193 protocol=https
2017-10-17T11:21:11.629907+00:00 app[web.1]: <class 'str'>
2017-10-17T11:21:11.632357+00:00 app[web.1]: 2017-10-17 11:21:11,632:DEBUG:urllib3.connectionpool:Starting new HTTPS connection (1): graph.facebook.com
2017-10-17T11:21:12.248261+00:00 app[web.1]: 2017-10-17 11:21:12,248:DEBUG:urllib3.connectionpool:https://graph.facebook.com:443 "POST /v2.6/me/messages?access_token=EAACkXOgsTTEBAICIT4YDjDwLJ1GuoJQEG3PGgMcoU0HA7FtRGGgzcYg16MTlIbyLRIQZBZBZBuqU16ZC0FQfL04zF1gvj0HPmZCu4tZARzUwjReBK2RBZAuZALJRLa61DUXLkuX50SEByGEPSLQ0yL9A4sLKnKRvozuVq45LTwQ43AZDZD HTTP/1.1" 200 85
2017-10-17T11:21:12.252246+00:00 app[web.1]: 2017-10-17 11:21:12,252:DEBUG:urllib3.connectionpool:Starting new HTTPS connection (1): graph.facebook.com
2017-10-17T11:21:12.869895+00:00 heroku[router]: at=info method=POST path="/fbmessenger" host=chat-intuitionfabric.herokuapp.com request_id=0d8e96a0-84ee-4c4d-b926-3f99b74830e5 fwd="173.252.123.129" dyno=web.1 connect=8ms service=1361ms status=200 bytes=193 protocol=https
2017-10-17T11:21:12.865409+00:00 app[web.1]: 2017-10-17 11:21:12,865:DEBUG:urllib3.connectionpool:https://graph.facebook.com:443 "POST /v2.6/me/messages?access_token=EAACkXOgsTTEBAICIT4YDjDwLJ1GuoJQEG3PGgMcoU0HA7FtRGGgzcYg16MTlIbyLRIQZBZBZBuqU16ZC0FQfL04zF1gvj0HPmZCu4tZARzUwjReBK2RBZAuZALJRLa61DUXLkuX50SEByGEPSLQ0yL9A4sLKnKRvozuVq45LTwQ43AZDZD HTTP/1.1" 200 85
2017-10-17T11:21:13.246260+00:00 app[web.1]: <class 'str'>
2017-10-17T11:21:13.248458+00:00 app[web.1]: 2017-10-17 11:21:13,248:DEBUG:urllib3.connectionpool:Starting new HTTPS connection (1): graph.facebook.com
2017-10-17T11:21:13.303919+00:00 app[web.1]: 2017-10-17 11:21:13,303:DEBUG:urllib3.connectionpool:https://graph.facebook.com:443 "POST /v2.6/me/messages?access_token=EAACkXOgsTTEBAICIT4YDjDwLJ1GuoJQEG3PGgMcoU0HA7FtRGGgzcYg16MTlIbyLRIQZBZBZBuqU16ZC0FQfL04zF1gvj0HPmZCu4tZARzUwjReBK2RBZAuZALJRLa61DUXLkuX50SEByGEPSLQ0yL9A4sLKnKRvozuVq45LTwQ43AZDZD HTTP/1.1" 400 139
2017-10-17T11:21:13.308290+00:00 heroku[router]: at=info method=POST path="/fbmessenger" host=chat-intuitionfabric.herokuapp.com request_id=eb17cc8f-96b6-4b38-b5ef-4bfa1ef37526 fwd="66.220.152.186" dyno=web.1 connect=0ms service=324ms status=200 bytes=193 protocol=https
2017-10-17T11:21:13.739607+00:00 heroku[router]: at=info method=POST path="/fbmessenger" host=chat-intuitionfabric.herokuapp.com request_id=c362ba7e-dccc-42b7-b2c1-2a26e2659312 fwd="66.220.152.183" dyno=web.1 connect=1ms service=341ms status=200 bytes=193 protocol=https
2017-10-17T11:21:13.628318+00:00 app[web.1]: <class 'str'>
2017-10-17T11:21:13.630400+00:00 app[web.1]: 2017-10-17 11:21:13,630:DEBUG:urllib3.connectionpool:Starting new HTTPS connection (1): graph.facebook.com
2017-10-17T11:21:13.685198+00:00 app[web.1]: 2017-10-17 11:21:13,685:DEBUG:urllib3.connectionpool:https://graph.facebook.com:443 "POST /v2.6/me/messages?access_token=EAACkXOgsTTEBAICIT4YDjDwLJ1GuoJQEG3PGgMcoU0HA7FtRGGgzcYg16MTlIbyLRIQZBZBZBuqU16ZC0FQfL04zF1gvj0HPmZCu4tZARzUwjReBK2RBZAuZALJRLa61DUXLkuX50SEByGEPSLQ0yL9A4sLKnKRvozuVq45LTwQ43AZDZD HTTP/1.1" 400 139
2017-10-17T11:21:13.688535+00:00 app[web.1]: 2017-10-17 11:21:13,688:DEBUG:urllib3.connectionpool:Starting new HTTPS connection (1): graph.facebook.com
2017-10-17T11:21:13.739479+00:00 app[web.1]: 2017-10-17 11:21:13,739:DEBUG:urllib3.connectionpool:https://graph.facebook.com:443 "POST /v2.6/me/messages?access_token=EAACkXOgsTTEBAICIT4YDjDwLJ1GuoJQEG3PGgMcoU0HA7FtRGGgzcYg16MTlIbyLRIQZBZBZBuqU16ZC0FQfL04zF1gvj0HPmZCu4tZARzUwjReBK2RBZAuZALJRLa61DUXLkuX50SEByGEPSLQ0yL9A4sLKnKRvozuVq45LTwQ43AZDZD HTTP/1.1" 400 167
2017-10-17T11:21:31.771289+00:00 heroku[router]: at=info method=POST path="/fbmessenger" host=chat-intuitionfabric.herokuapp.com request_id=9a293b82-80eb-4546-84fd-64270c854b57 fwd="69.63.188.196" dyno=web.1 connect=0ms service=3ms status=200 bytes=193 protocol=https
2017-10-17T11:21:34.855743+00:00 heroku[router]: at=info method=POST path="/fbmessenger" host=chat-intuitionfabric.herokuapp.com request_id=0587b6d6-0173-4a01-a844-1d3b0e09d954 fwd="69.63.188.221" dyno=web.1 connect=1ms service=2ms status=200 bytes=193 protocol=https
2017-10-17T11:21:37.115065+00:00 app[web.1]: <class 'str'>
2017-10-17T11:21:37.117256+00:00 app[web.1]: 2017-10-17 11:21:37,117:DEBUG:urllib3.connectionpool:Starting new HTTPS connection (1): graph.facebook.com
2017-10-17T11:21:37.808939+00:00 app[web.1]: 2017-10-17 11:21:37,808:DEBUG:urllib3.connectionpool:https://graph.facebook.com:443 "POST /v2.6/me/messages?access_token=EAACkXOgsTTEBAICIT4YDjDwLJ1GuoJQEG3PGgMcoU0HA7FtRGGgzcYg16MTlIbyLRIQZBZBZBuqU16ZC0FQfL04zF1gvj0HPmZCu4tZARzUwjReBK2RBZAuZALJRLa61DUXLkuX50SEByGEPSLQ0yL9A4sLKnKRvozuVq45LTwQ43AZDZD HTTP/1.1" 200 85
2017-10-17T11:21:37.815557+00:00 app[web.1]: 2017-10-17 11:21:37,815:DEBUG:urllib3.connectionpool:Starting new HTTPS connection (1): graph.facebook.com
2017-10-17T11:21:37.906719+00:00 app[web.1]: 2017-10-17 11:21:37,906:DEBUG:urllib3.connectionpool:https://graph.facebook.com:443 "POST /v2.6/me/messages?access_token=EAACkXOgsTTEBAICIT4YDjDwLJ1GuoJQEG3PGgMcoU0HA7FtRGGgzcYg16MTlIbyLRIQZBZBZBuqU16ZC0FQfL04zF1gvj0HPmZCu4tZARzUwjReBK2RBZAuZALJRLa61DUXLkuX50SEByGEPSLQ0yL9A4sLKnKRvozuVq45LTwQ43AZDZD HTTP/1.1" 400 171
2017-10-17T11:21:37.908671+00:00 heroku[router]: at=info method=POST path="/fbmessenger" host=chat-intuitionfabric.herokuapp.com request_id=cd7c7d98-eff2-4baf-93ea-252f9dd4c75f fwd="69.63.188.200" dyno=web.1 connect=1ms service=914ms status=200 bytes=193 protocol=https
2017-10-17T11:21:38.170425+00:00 app[web.1]: <class 'str'>
2017-10-17T11:21:38.172650+00:00 app[web.1]: 2017-10-17 11:21:38,172:DEBUG:urllib3.connectionpool:Starting new HTTPS connection (1): graph.facebook.com
2017-10-17T11:21:38.262421+00:00 app[web.1]: 2017-10-17 11:21:38,262:DEBUG:urllib3.connectionpool:https://graph.facebook.com:443 "POST /v2.6/me/messages?access_token=EAACkXOgsTTEBAICIT4YDjDwLJ1GuoJQEG3PGgMcoU0HA7FtRGGgzcYg16MTlIbyLRIQZBZBZBuqU16ZC0FQfL04zF1gvj0HPmZCu4tZARzUwjReBK2RBZAuZALJRLa61DUXLkuX50SEByGEPSLQ0yL9A4sLKnKRvozuVq45LTwQ43AZDZD HTTP/1.1" 400 140
2017-10-17T11:21:38.265905+00:00 app[web.1]: 2017-10-17 11:21:38,265:DEBUG:urllib3.connectionpool:Starting new HTTPS connection (1): graph.facebook.com
2017-10-17T11:21:38.392835+00:00 app[web.1]: 2017-10-17 11:21:38,392:DEBUG:urllib3.connectionpool:https://graph.facebook.com:443 "POST /v2.6/me/messages?access_token=EAACkXOgsTTEBAICIT4YDjDwLJ1GuoJQEG3PGgMcoU0HA7FtRGGgzcYg16MTlIbyLRIQZBZBZBuqU16ZC0FQfL04zF1gvj0HPmZCu4tZARzUwjReBK2RBZAuZALJRLa61DUXLkuX50SEByGEPSLQ0yL9A4sLKnKRvozuVq45LTwQ43AZDZD HTTP/1.1" 400 167
2017-10-17T11:21:38.420257+00:00 heroku[router]: at=info method=POST path="/fbmessenger" host=chat-intuitionfabric.herokuapp.com request_id=f0b80af3-adee-4a39-8476-5a8e5e44a79c fwd="69.63.188.213" dyno=web.1 connect=0ms service=1ms status=200 bytes=193 protocol=https
2017-10-17T11:21:38.396630+00:00 heroku[router]: at=info method=POST path="/fbmessenger" host=chat-intuitionfabric.herokuapp.com request_id=a3178ce1-d8b5-4dd1-b569-6fb95a77f042 fwd="69.63.188.218" dyno=web.1 connect=1ms service=366ms status=200 bytes=193 protocol=https
2017-10-17T11:22:08.987379+00:00 app[web.1]: 2017-10-17 11:22:08,987:DEBUG:urllib3.connectionpool:Starting new HTTPS connection (1): graph.facebook.com
2017-10-17T11:22:08.985338+00:00 app[web.1]: <class 'str'>
2017-10-17T11:22:09.695226+00:00 heroku[router]: at=info method=POST path="/fbmessenger" host=chat-intuitionfabric.herokuapp.com request_id=1fd58f3d-8086-4bd1-99d0-f65d243b7532 fwd="173.252.123.142" dyno=web.1 connect=0ms service=894ms status=200 bytes=193 protocol=https
2017-10-17T11:22:09.692708+00:00 app[web.1]: 2017-10-17 11:22:09,692:DEBUG:urllib3.connectionpool:https://graph.facebook.com:443 "POST /v2.6/me/messages?access_token=EAACkXOgsTTEBAICIT4YDjDwLJ1GuoJQEG3PGgMcoU0HA7FtRGGgzcYg16MTlIbyLRIQZBZBZBuqU16ZC0FQfL04zF1gvj0HPmZCu4tZARzUwjReBK2RBZAuZALJRLa61DUXLkuX50SEByGEPSLQ0yL9A4sLKnKRvozuVq45LTwQ43AZDZD HTTP/1.1" 200 85
2017-10-17T11:22:10.353536+00:00 app[web.1]: <class 'str'>
2017-10-17T11:22:10.355545+00:00 app[web.1]: 2017-10-17 11:22:10,355:DEBUG:urllib3.connectionpool:Starting new HTTPS connection (1): graph.facebook.com
2017-10-17T11:22:10.443204+00:00 app[web.1]: 2017-10-17 11:22:10,443:DEBUG:urllib3.connectionpool:https://graph.facebook.com:443 "POST /v2.6/me/messages?access_token=EAACkXOgsTTEBAICIT4YDjDwLJ1GuoJQEG3PGgMcoU0HA7FtRGGgzcYg16MTlIbyLRIQZBZBZBuqU16ZC0FQfL04zF1gvj0HPmZCu4tZARzUwjReBK2RBZAuZALJRLa61DUXLkuX50SEByGEPSLQ0yL9A4sLKnKRvozuVq45LTwQ43AZDZD HTTP/1.1" 400 139
2017-10-17T11:22:10.448890+00:00 heroku[router]: at=info method=POST path="/fbmessenger" host=chat-intuitionfabric.herokuapp.com request_id=2aea49f1-4a04-4cd7-999b-97f10c637c9a fwd="173.252.123.141" dyno=web.1 connect=1ms service=697ms status=200 bytes=193 protocol=https
2017-10-17T11:22:11.508091+00:00 heroku[router]: at=info method=POST path="/fbmessenger" host=chat-intuitionfabric.herokuapp.com request_id=33652049-b25b-444d-bfe1-51be79d3c9f4 fwd="69.63.188.213" dyno=web.1 connect=0ms service=2ms status=200 bytes=193 protocol=https
2017-10-17T11:22:13.575688+00:00 app[web.1]: <class 'str'>
2017-10-17T11:22:13.578721+00:00 app[web.1]: 2017-10-17 11:22:13,578:DEBUG:urllib3.connectionpool:Starting new HTTPS connection (1): graph.facebook.com
2017-10-17T11:22:14.183192+00:00 heroku[router]: at=info method=POST path="/fbmessenger" host=chat-intuitionfabric.herokuapp.com request_id=dccc8e8d-02d0-4efa-80e6-fa00cf9492ab fwd="173.252.123.131" dyno=web.1 connect=0ms service=691ms status=200 bytes=193 protocol=https
2017-10-17T11:22:14.178913+00:00 app[web.1]: 2017-10-17 11:22:14,178:DEBUG:urllib3.connectionpool:https://graph.facebook.com:443 "POST /v2.6/me/messages?access_token=EAACkXOgsTTEBAICIT4YDjDwLJ1GuoJQEG3PGgMcoU0HA7FtRGGgzcYg16MTlIbyLRIQZBZBZBuqU16ZC0FQfL04zF1gvj0HPmZCu4tZARzUwjReBK2RBZAuZALJRLa61DUXLkuX50SEByGEPSLQ0yL9A4sLKnKRvozuVq45LTwQ43AZDZD HTTP/1.1" 200 85
2017-10-17T11:22:14.543561+00:00 heroku[router]: at=info method=POST path="/fbmessenger" host=chat-intuitionfabric.herokuapp.com request_id=393916cd-110b-4ac3-9980-42f159b95fca fwd="69.63.188.218" dyno=web.1 connect=1ms service=3ms status=200 bytes=193 protocol=https
2017-10-17T11:22:14.718440+00:00 heroku[router]: at=info method=POST path="/fbmessenger" host=chat-intuitionfabric.herokuapp.com request_id=e47ecdbc-ad41-4ae0-bc01-67e1e711bb20 fwd="173.252.123.140" dyno=web.1 connect=0ms service=424ms status=200 bytes=193 protocol=https
2017-10-17T11:22:14.649416+00:00 app[web.1]: <class 'str'>
2017-10-17T11:22:14.653260+00:00 app[web.1]: 2017-10-17 11:22:14,653:DEBUG:urllib3.connectionpool:Starting new HTTPS connection (1): graph.facebook.com
2017-10-17T11:22:14.715387+00:00 app[web.1]: 2017-10-17 11:22:14,715:DEBUG:urllib3.connectionpool:https://graph.facebook.com:443 "POST /v2.6/me/messages?access_token=EAACkXOgsTTEBAICIT4YDjDwLJ1GuoJQEG3PGgMcoU0HA7FtRGGgzcYg16MTlIbyLRIQZBZBZBuqU16ZC0FQfL04zF1gvj0HPmZCu4tZARzUwjReBK2RBZAuZALJRLa61DUXLkuX50SEByGEPSLQ0yL9A4sLKnKRvozuVq45LTwQ43AZDZD HTTP/1.1" 400 140
2017-10-17T11:22:21.105001+00:00 app[web.1]: <class 'str'>
2017-10-17T11:22:21.105017+00:00 app[web.1]: type
2017-10-17T11:22:21.105017+00:00 app[web.1]: <class 'list'>
2017-10-17T11:22:21.105042+00:00 app[web.1]: {'name': 'ask-email', 'parameters': {'given-name.original': 'Carlos', 'email.original': 'eduardofvaldez1@gmail.com', 'given-name': 'Carlos', 'email': 'eduardofvaldez1@gmail.com'}, 'lifespan': 4}
2017-10-17T11:22:21.105097+00:00 app[web.1]: YEJMPRBA
2017-10-17T11:22:21.166203+00:00 app[web.1]: https://chat-intuitionfabric.herokuapp.com
2017-10-17T11:22:21.255916+00:00 app[web.1]: 202
2017-10-17T11:22:21.255922+00:00 app[web.1]: b''
2017-10-17T11:22:21.260149+00:00 app[web.1]: Server: nginx
2017-10-17T11:22:21.260151+00:00 app[web.1]: Date: Tue, 17 Oct 2017 11:22:21 GMT
2017-10-17T11:22:21.260151+00:00 app[web.1]: Content-Type: text/plain; charset=utf-8
2017-10-17T11:22:21.260152+00:00 app[web.1]: Content-Length: 0
2017-10-17T11:22:21.260152+00:00 app[web.1]: Connection: close
2017-10-17T11:22:21.260153+00:00 app[web.1]: X-Message-Id: G_oaoNw9QJWk_i9W0efdsQ
2017-10-17T11:22:21.260153+00:00 app[web.1]: Access-Control-Allow-Origin: https://sendgrid.api-docs.io
2017-10-17T11:22:21.260154+00:00 app[web.1]: Access-Control-Allow-Methods: POST
2017-10-17T11:22:21.260155+00:00 app[web.1]: Access-Control-Allow-Headers: Authorization, Content-Type, On-behalf-of, x-sg-elas-acl
2017-10-17T11:22:21.260155+00:00 app[web.1]: Access-Control-Max-Age: 600
2017-10-17T11:22:21.260156+00:00 app[web.1]: X-No-CORS-Reason: https://sendgrid.com/docs/Classroom/Basics/API/cors.html
2017-10-17T11:22:21.260156+00:00 app[web.1]: 
2017-10-17T11:22:21.260158+00:00 app[web.1]: 
2017-10-17T11:22:21.260179+00:00 app[web.1]: X
2017-10-17T11:22:21.262337+00:00 app[web.1]: 2017-10-17 11:22:21,262:DEBUG:urllib3.connectionpool:Starting new HTTPS connection (1): graph.facebook.com
2017-10-17T11:22:22.063214+00:00 heroku[router]: at=info method=POST path="/fbmessenger" host=chat-intuitionfabric.herokuapp.com request_id=c056d370-b7ac-4b4c-8981-039bc0c66235 fwd="66.220.152.133" dyno=web.1 connect=1ms service=1074ms status=200 bytes=324 protocol=https
2017-10-17T11:22:22.058904+00:00 app[web.1]: 2017-10-17 11:22:22,058:DEBUG:urllib3.connectionpool:https://graph.facebook.com:443 "POST /v2.6/me/messages?access_token=EAACkXOgsTTEBAICIT4YDjDwLJ1GuoJQEG3PGgMcoU0HA7FtRGGgzcYg16MTlIbyLRIQZBZBZBuqU16ZC0FQfL04zF1gvj0HPmZCu4tZARzUwjReBK2RBZAuZALJRLa61DUXLkuX50SEByGEPSLQ0yL9A4sLKnKRvozuVq45LTwQ43AZDZD HTTP/1.1" 200 85
2017-10-17T11:22:22.633912+00:00 heroku[router]: at=info method=POST path="/fbmessenger" host=chat-intuitionfabric.herokuapp.com request_id=88e4f3c0-0baa-4559-bf36-bf1f88222ccc fwd="69.63.188.208" dyno=web.1 connect=0ms service=2ms status=200 bytes=193 protocol=https
2017-10-17T11:22:22.822376+00:00 app[web.1]: 2017-10-17 11:22:22,822:DEBUG:urllib3.connectionpool:https://graph.facebook.com:443 "POST /v2.6/me/messages?access_token=EAACkXOgsTTEBAICIT4YDjDwLJ1GuoJQEG3PGgMcoU0HA7FtRGGgzcYg16MTlIbyLRIQZBZBZBuqU16ZC0FQfL04zF1gvj0HPmZCu4tZARzUwjReBK2RBZAuZALJRLa61DUXLkuX50SEByGEPSLQ0yL9A4sLKnKRvozuVq45LTwQ43AZDZD HTTP/1.1" 400 139
2017-10-17T11:22:22.749665+00:00 app[web.1]: 2017-10-17 11:22:22,749:DEBUG:urllib3.connectionpool:Starting new HTTPS connection (1): graph.facebook.com
2017-10-17T11:22:22.825811+00:00 app[web.1]: 2017-10-17 11:22:22,825:DEBUG:urllib3.connectionpool:Starting new HTTPS connection (1): graph.facebook.com
2017-10-17T11:22:22.879141+00:00 app[web.1]: 2017-10-17 11:22:22,879:DEBUG:urllib3.connectionpool:https://graph.facebook.com:443 "POST /v2.6/me/messages?access_token=EAACkXOgsTTEBAICIT4YDjDwLJ1GuoJQEG3PGgMcoU0HA7FtRGGgzcYg16MTlIbyLRIQZBZBZBuqU16ZC0FQfL04zF1gvj0HPmZCu4tZARzUwjReBK2RBZAuZALJRLa61DUXLkuX50SEByGEPSLQ0yL9A4sLKnKRvozuVq45LTwQ43AZDZD HTTP/1.1" 400 170
2017-10-17T11:22:22.747536+00:00 app[web.1]: <class 'str'>
2017-10-17T11:22:22.880261+00:00 heroku[router]: at=info method=POST path="/fbmessenger" host=chat-intuitionfabric.herokuapp.com request_id=bce4aaf1-ea51-45a7-acf8-e8fd662a26d1 fwd="173.252.123.135" dyno=web.1 connect=1ms service=429ms status=200 bytes=193 protocol=https
2017-10-17T11:22:29.631835+00:00 app[web.1]: <class 'str'>
2017-10-17T11:22:29.633830+00:00 app[web.1]: 2017-10-17 11:22:29,633:DEBUG:urllib3.connectionpool:Starting new HTTPS connection (1): graph.facebook.com
2017-10-17T11:22:30.260260+00:00 heroku[router]: at=info method=POST path="/fbmessenger" host=chat-intuitionfabric.herokuapp.com request_id=c948c484-710a-4aaa-a112-0eb8372dd481 fwd="69.63.188.216" dyno=web.1 connect=0ms service=766ms status=200 bytes=193 protocol=https
2017-10-17T11:22:30.260188+00:00 app[web.1]: 2017-10-17 11:22:30,260:DEBUG:urllib3.connectionpool:https://graph.facebook.com:443 "POST /v2.6/me/messages?access_token=EAACkXOgsTTEBAICIT4YDjDwLJ1GuoJQEG3PGgMcoU0HA7FtRGGgzcYg16MTlIbyLRIQZBZBZBuqU16ZC0FQfL04zF1gvj0HPmZCu4tZARzUwjReBK2RBZAuZALJRLa61DUXLkuX50SEByGEPSLQ0yL9A4sLKnKRvozuVq45LTwQ43AZDZD HTTP/1.1" 200 85
2017-10-17T11:22:30.531228+00:00 app[web.1]: <class 'str'>
2017-10-17T11:22:30.587411+00:00 heroku[router]: at=info method=POST path="/fbmessenger" host=chat-intuitionfabric.herokuapp.com request_id=042012c8-5035-41a8-b75b-a23ccd2a393d fwd="173.252.123.144" dyno=web.1 connect=0ms service=209ms status=200 bytes=193 protocol=https
2017-10-17T11:22:30.533296+00:00 app[web.1]: 2017-10-17 11:22:30,533:DEBUG:urllib3.connectionpool:Starting new HTTPS connection (1): graph.facebook.com
2017-10-17T11:22:30.583867+00:00 app[web.1]: 2017-10-17 11:22:30,583:DEBUG:urllib3.connectionpool:https://graph.facebook.com:443 "POST /v2.6/me/messages?access_token=EAACkXOgsTTEBAICIT4YDjDwLJ1GuoJQEG3PGgMcoU0HA7FtRGGgzcYg16MTlIbyLRIQZBZBZBuqU16ZC0FQfL04zF1gvj0HPmZCu4tZARzUwjReBK2RBZAuZALJRLa61DUXLkuX50SEByGEPSLQ0yL9A4sLKnKRvozuVq45LTwQ43AZDZD HTTP/1.1" 400 139
2017-10-17T11:22:30.614235+00:00 heroku[router]: at=info method=POST path="/fbmessenger" host=chat-intuitionfabric.herokuapp.com request_id=ded1e9fd-6d51-4e33-97f8-18472278a583 fwd="69.63.188.216" dyno=web.1 connect=0ms service=1ms status=200 bytes=193 protocol=https
2017-10-17T11:22:33.259423+00:00 app[web.1]: <class 'str'>
2017-10-17T11:22:33.263183+00:00 app[web.1]: 2017-10-17 11:22:33,263:DEBUG:urllib3.connectionpool:Starting new HTTPS connection (1): graph.facebook.com
2017-10-17T11:22:33.887694+00:00 heroku[router]: at=info method=POST path="/fbmessenger" host=chat-intuitionfabric.herokuapp.com request_id=64866173-79f1-42df-92be-f335b472c88b fwd="173.252.123.141" dyno=web.1 connect=1ms service=715ms status=200 bytes=193 protocol=https
2017-10-17T11:22:33.886163+00:00 app[web.1]: 2017-10-17 11:22:33,886:DEBUG:urllib3.connectionpool:https://graph.facebook.com:443 "POST /v2.6/me/messages?access_token=EAACkXOgsTTEBAICIT4YDjDwLJ1GuoJQEG3PGgMcoU0HA7FtRGGgzcYg16MTlIbyLRIQZBZBZBuqU16ZC0FQfL04zF1gvj0HPmZCu4tZARzUwjReBK2RBZAuZALJRLa61DUXLkuX50SEByGEPSLQ0yL9A4sLKnKRvozuVq45LTwQ43AZDZD HTTP/1.1" 200 85
2017-10-17T11:22:34.425885+00:00 heroku[router]: at=info method=POST path="/fbmessenger" host=chat-intuitionfabric.herokuapp.com request_id=7993603b-a607-4699-a861-11630bee1866 fwd="69.63.188.204" dyno=web.1 connect=0ms service=2ms status=200 bytes=193 protocol=https
2017-10-17T11:22:34.815069+00:00 app[web.1]: <class 'str'>
2017-10-17T11:22:34.817247+00:00 app[web.1]: 2017-10-17 11:22:34,817:DEBUG:urllib3.connectionpool:Starting new HTTPS connection (1): graph.facebook.com
2017-10-17T11:22:34.956528+00:00 app[web.1]: 2017-10-17 11:22:34,956:DEBUG:urllib3.connectionpool:https://graph.facebook.com:443 "POST /v2.6/me/messages?access_token=EAACkXOgsTTEBAICIT4YDjDwLJ1GuoJQEG3PGgMcoU0HA7FtRGGgzcYg16MTlIbyLRIQZBZBZBuqU16ZC0FQfL04zF1gvj0HPmZCu4tZARzUwjReBK2RBZAuZALJRLa61DUXLkuX50SEByGEPSLQ0yL9A4sLKnKRvozuVq45LTwQ43AZDZD HTTP/1.1" 400 139
2017-10-17T11:22:34.959718+00:00 app[web.1]: 2017-10-17 11:22:34,959:DEBUG:urllib3.connectionpool:Starting new HTTPS connection (1): graph.facebook.com
2017-10-17T11:22:35.015726+00:00 app[web.1]: 2017-10-17 11:22:35,015:DEBUG:urllib3.connectionpool:https://graph.facebook.com:443 "POST /v2.6/me/messages?access_token=EAACkXOgsTTEBAICIT4YDjDwLJ1GuoJQEG3PGgMcoU0HA7FtRGGgzcYg16MTlIbyLRIQZBZBZBuqU16ZC0FQfL04zF1gvj0HPmZCu4tZARzUwjReBK2RBZAuZALJRLa61DUXLkuX50SEByGEPSLQ0yL9A4sLKnKRvozuVq45LTwQ43AZDZD HTTP/1.1" 400 139
2017-10-17T11:22:35.019347+00:00 app[web.1]: 2017-10-17 11:22:35,019:DEBUG:urllib3.connectionpool:Starting new HTTPS connection (1): graph.facebook.com
2017-10-17T11:22:35.074663+00:00 app[web.1]: 2017-10-17 11:22:35,074:DEBUG:urllib3.connectionpool:https://graph.facebook.com:443 "POST /v2.6/me/messages?access_token=EAACkXOgsTTEBAICIT4YDjDwLJ1GuoJQEG3PGgMcoU0HA7FtRGGgzcYg16MTlIbyLRIQZBZBZBuqU16ZC0FQfL04zF1gvj0HPmZCu4tZARzUwjReBK2RBZAuZALJRLa61DUXLkuX50SEByGEPSLQ0yL9A4sLKnKRvozuVq45LTwQ43AZDZD HTTP/1.1" 400 167
2017-10-17T11:22:35.077097+00:00 heroku[router]: at=info method=POST path="/fbmessenger" host=chat-intuitionfabric.herokuapp.com request_id=0b585089-bcf3-4193-8fa7-c3498d4a7196 fwd="66.220.152.133" dyno=web.1 connect=1ms service=843ms status=200 bytes=193 protocol=https
2017-10-17T11:22:39.455705+00:00 app[web.1]: <class 'str'>
2017-10-17T11:22:39.455719+00:00 app[web.1]: type
2017-10-17T11:22:39.455720+00:00 app[web.1]: <class 'list'>
2017-10-17T11:22:39.455721+00:00 app[web.1]: {'name': 'ask-email', 'parameters': {'given-name.original': 'Carlos', 'email.original': 'valdez@intuitionmachine.com', 'given-name': 'Carlos', 'email': 'valdez@intuitionmachine.com'}, 'lifespan': 3}
2017-10-17T11:22:39.455770+00:00 app[web.1]: RSOSPJYCWGS
2017-10-17T11:22:39.516575+00:00 app[web.1]: https://chat-intuitionfabric.herokuapp.com
2017-10-17T11:22:39.609305+00:00 app[web.1]: 202
2017-10-17T11:22:39.609308+00:00 app[web.1]: b''
2017-10-17T11:22:39.610051+00:00 app[web.1]: Server: nginx
2017-10-17T11:22:39.610053+00:00 app[web.1]: Date: Tue, 17 Oct 2017 11:22:39 GMT
2017-10-17T11:22:39.610053+00:00 app[web.1]: Content-Type: text/plain; charset=utf-8
2017-10-17T11:22:39.610054+00:00 app[web.1]: Content-Length: 0
2017-10-17T11:22:39.610054+00:00 app[web.1]: Connection: close
2017-10-17T11:22:39.610054+00:00 app[web.1]: X-Message-Id: sTmutcOhSyu9XgFOvLPpYA
2017-10-17T11:22:39.610055+00:00 app[web.1]: Access-Control-Allow-Origin: https://sendgrid.api-docs.io
2017-10-17T11:22:39.610056+00:00 app[web.1]: Access-Control-Allow-Methods: POST
2017-10-17T11:22:39.610056+00:00 app[web.1]: Access-Control-Allow-Headers: Authorization, Content-Type, On-behalf-of, x-sg-elas-acl
2017-10-17T11:22:39.610057+00:00 app[web.1]: Access-Control-Max-Age: 600
2017-10-17T11:22:39.610058+00:00 app[web.1]: X-No-CORS-Reason: https://sendgrid.com/docs/Classroom/Basics/API/cors.html
2017-10-17T11:22:39.610058+00:00 app[web.1]: 
2017-10-17T11:22:39.610060+00:00 app[web.1]: 
2017-10-17T11:22:39.610061+00:00 app[web.1]: X
2017-10-17T11:22:39.612219+00:00 app[web.1]: 2017-10-17 11:22:39,612:DEBUG:urllib3.connectionpool:Starting new HTTPS connection (1): graph.facebook.com
2017-10-17T11:22:40.226781+00:00 heroku[router]: at=info method=POST path="/fbmessenger" host=chat-intuitionfabric.herokuapp.com request_id=98ea20b8-1e32-43f6-b57c-96ac662ddc56 fwd="173.252.123.134" dyno=web.1 connect=1ms service=889ms status=200 bytes=324 protocol=https
2017-10-17T11:22:40.221305+00:00 app[web.1]: 2017-10-17 11:22:40,221:DEBUG:urllib3.connectionpool:https://graph.facebook.com:443 "POST /v2.6/me/messages?access_token=EAACkXOgsTTEBAICIT4YDjDwLJ1GuoJQEG3PGgMcoU0HA7FtRGGgzcYg16MTlIbyLRIQZBZBZBuqU16ZC0FQfL04zF1gvj0HPmZCu4tZARzUwjReBK2RBZAuZALJRLa61DUXLkuX50SEByGEPSLQ0yL9A4sLKnKRvozuVq45LTwQ43AZDZD HTTP/1.1" 200 85
2017-10-17T11:22:40.592082+00:00 heroku[router]: at=info method=POST path="/fbmessenger" host=chat-intuitionfabric.herokuapp.com request_id=3672c527-fedd-4f40-a15b-af63c39b7d80 fwd="173.252.123.134" dyno=web.1 connect=0ms service=325ms status=200 bytes=193 protocol=https
2017-10-17T11:22:40.484953+00:00 app[web.1]: <class 'str'>
2017-10-17T11:22:40.486981+00:00 app[web.1]: 2017-10-17 11:22:40,486:DEBUG:urllib3.connectionpool:Starting new HTTPS connection (1): graph.facebook.com
2017-10-17T11:22:40.536992+00:00 app[web.1]: 2017-10-17 11:22:40,536:DEBUG:urllib3.connectionpool:https://graph.facebook.com:443 "POST /v2.6/me/messages?access_token=EAACkXOgsTTEBAICIT4YDjDwLJ1GuoJQEG3PGgMcoU0HA7FtRGGgzcYg16MTlIbyLRIQZBZBZBuqU16ZC0FQfL04zF1gvj0HPmZCu4tZARzUwjReBK2RBZAuZALJRLa61DUXLkuX50SEByGEPSLQ0yL9A4sLKnKRvozuVq45LTwQ43AZDZD HTTP/1.1" 400 139
2017-10-17T11:22:40.540198+00:00 app[web.1]: 2017-10-17 11:22:40,540:DEBUG:urllib3.connectionpool:Starting new HTTPS connection (1): graph.facebook.com
2017-10-17T11:22:40.591503+00:00 app[web.1]: 2017-10-17 11:22:40,591:DEBUG:urllib3.connectionpool:https://graph.facebook.com:443 "POST /v2.6/me/messages?access_token=EAACkXOgsTTEBAICIT4YDjDwLJ1GuoJQEG3PGgMcoU0HA7FtRGGgzcYg16MTlIbyLRIQZBZBZBuqU16ZC0FQfL04zF1gvj0HPmZCu4tZARzUwjReBK2RBZAuZALJRLa61DUXLkuX50SEByGEPSLQ0yL9A4sLKnKRvozuVq45LTwQ43AZDZD HTTP/1.1" 400 139
2017-10-17T11:22:40.603213+00:00 heroku[router]: at=info method=POST path="/fbmessenger" host=chat-intuitionfabric.herokuapp.com request_id=6425f252-9483-4551-b49a-af4b8d64e583 fwd="69.63.188.206" dyno=web.1 connect=1ms service=3ms status=200 bytes=193 protocol=https
2017-10-17T11:23:00.003062+00:00 app[web.1]: <class 'str'>
2017-10-17T11:23:00.005062+00:00 app[web.1]: 2017-10-17 11:23:00,004:DEBUG:urllib3.connectionpool:Starting new HTTPS connection (1): graph.facebook.com
2017-10-17T11:23:00.634393+00:00 heroku[router]: at=info method=POST path="/fbmessenger" host=chat-intuitionfabric.herokuapp.com request_id=c82bd284-4245-49b8-90c0-684e4c5edf8b fwd="173.252.123.134" dyno=web.1 connect=1ms service=763ms status=200 bytes=193 protocol=https
2017-10-17T11:23:00.632838+00:00 app[web.1]: 2017-10-17 11:23:00,632:DEBUG:urllib3.connectionpool:https://graph.facebook.com:443 "POST /v2.6/me/messages?access_token=EAACkXOgsTTEBAICIT4YDjDwLJ1GuoJQEG3PGgMcoU0HA7FtRGGgzcYg16MTlIbyLRIQZBZBZBuqU16ZC0FQfL04zF1gvj0HPmZCu4tZARzUwjReBK2RBZAuZALJRLa61DUXLkuX50SEByGEPSLQ0yL9A4sLKnKRvozuVq45LTwQ43AZDZD HTTP/1.1" 200 85
2017-10-17T11:23:01.029343+00:00 heroku[router]: at=info method=POST path="/fbmessenger" host=chat-intuitionfabric.herokuapp.com request_id=91052fa1-6e41-4252-b36d-2c02fb7b25fd fwd="69.63.188.201" dyno=web.1 connect=1ms service=4ms status=200 bytes=193 protocol=https
2017-10-17T11:23:01.132809+00:00 heroku[router]: at=info method=POST path="/fbmessenger" host=chat-intuitionfabric.herokuapp.com request_id=009d1b84-d63c-4783-b469-7b286c7e4844 fwd="66.220.152.186" dyno=web.1 connect=1ms service=450ms status=200 bytes=193 protocol=https
2017-10-17T11:23:01.057933+00:00 app[web.1]: <class 'str'>
2017-10-17T11:23:01.061532+00:00 app[web.1]: 2017-10-17 11:23:01,061:DEBUG:urllib3.connectionpool:Starting new HTTPS connection (1): graph.facebook.com
2017-10-17T11:23:01.130205+00:00 app[web.1]: 2017-10-17 11:23:01,130:DEBUG:urllib3.connectionpool:https://graph.facebook.com:443 "POST /v2.6/me/messages?access_token=EAACkXOgsTTEBAICIT4YDjDwLJ1GuoJQEG3PGgMcoU0HA7FtRGGgzcYg16MTlIbyLRIQZBZBZBuqU16ZC0FQfL04zF1gvj0HPmZCu4tZARzUwjReBK2RBZAuZALJRLa61DUXLkuX50SEByGEPSLQ0yL9A4sLKnKRvozuVq45LTwQ43AZDZD HTTP/1.1" 400 139
2017-10-17T11:23:03.730100+00:00 app[web.1]: <class 'str'>
2017-10-17T11:23:03.732162+00:00 app[web.1]: 2017-10-17 11:23:03,732:DEBUG:urllib3.connectionpool:Starting new HTTPS connection (1): graph.facebook.com
2017-10-17T11:23:04.389583+00:00 heroku[router]: at=info method=POST path="/fbmessenger" host=chat-intuitionfabric.herokuapp.com request_id=b3c29dd4-2eb3-4057-b2ae-5c1a322809e4 fwd="66.220.152.178" dyno=web.1 connect=1ms service=738ms status=200 bytes=193 protocol=https
2017-10-17T11:23:04.387568+00:00 app[web.1]: 2017-10-17 11:23:04,387:DEBUG:urllib3.connectionpool:https://graph.facebook.com:443 "POST /v2.6/me/messages?access_token=EAACkXOgsTTEBAICIT4YDjDwLJ1GuoJQEG3PGgMcoU0HA7FtRGGgzcYg16MTlIbyLRIQZBZBZBuqU16ZC0FQfL04zF1gvj0HPmZCu4tZARzUwjReBK2RBZAuZALJRLa61DUXLkuX50SEByGEPSLQ0yL9A4sLKnKRvozuVq45LTwQ43AZDZD HTTP/1.1" 200 85
2017-10-17T11:23:05.046068+00:00 heroku[router]: at=info method=POST path="/fbmessenger" host=chat-intuitionfabric.herokuapp.com request_id=9c9c0241-c143-4a95-9b30-99b6640a6c3a fwd="69.63.188.212" dyno=web.1 connect=1ms service=3ms status=200 bytes=193 protocol=https
2017-10-17T11:23:05.086666+00:00 app[web.1]: <class 'str'>
2017-10-17T11:23:05.088764+00:00 app[web.1]: 2017-10-17 11:23:05,088:DEBUG:urllib3.connectionpool:Starting new HTTPS connection (1): graph.facebook.com
2017-10-17T11:23:05.142916+00:00 app[web.1]: 2017-10-17 11:23:05,142:DEBUG:urllib3.connectionpool:https://graph.facebook.com:443 "POST /v2.6/me/messages?access_token=EAACkXOgsTTEBAICIT4YDjDwLJ1GuoJQEG3PGgMcoU0HA7FtRGGgzcYg16MTlIbyLRIQZBZBZBuqU16ZC0FQfL04zF1gvj0HPmZCu4tZARzUwjReBK2RBZAuZALJRLa61DUXLkuX50SEByGEPSLQ0yL9A4sLKnKRvozuVq45LTwQ43AZDZD HTTP/1.1" 400 139
2017-10-17T11:23:05.146315+00:00 app[web.1]: 2017-10-17 11:23:05,146:DEBUG:urllib3.connectionpool:Starting new HTTPS connection (1): graph.facebook.com
2017-10-17T11:23:05.196637+00:00 app[web.1]: 2017-10-17 11:23:05,196:DEBUG:urllib3.connectionpool:https://graph.facebook.com:443 "POST /v2.6/me/messages?access_token=EAACkXOgsTTEBAICIT4YDjDwLJ1GuoJQEG3PGgMcoU0HA7FtRGGgzcYg16MTlIbyLRIQZBZBZBuqU16ZC0FQfL04zF1gvj0HPmZCu4tZARzUwjReBK2RBZAuZALJRLa61DUXLkuX50SEByGEPSLQ0yL9A4sLKnKRvozuVq45LTwQ43AZDZD HTTP/1.1" 400 167
2017-10-17T11:23:05.196458+00:00 heroku[router]: at=info method=POST path="/fbmessenger" host=chat-intuitionfabric.herokuapp.com request_id=e17b4613-1c42-4a93-a917-ceef04650749 fwd="66.220.152.161" dyno=web.1 connect=1ms service=504ms status=200 bytes=193 protocol=https
2017-10-17T11:23:09.691424+00:00 app[web.1]: <class 'str'>
2017-10-17T11:23:09.691438+00:00 app[web.1]: type
2017-10-17T11:23:09.691439+00:00 app[web.1]: <class 'list'>
2017-10-17T11:23:09.691493+00:00 app[web.1]: NDRBNGWEX
2017-10-17T11:23:09.750741+00:00 app[web.1]: https://chat-intuitionfabric.herokuapp.com
2017-10-17T11:23:09.795564+00:00 app[web.1]: 202
2017-10-17T11:23:09.691442+00:00 app[web.1]: {'name': 'ask-email', 'parameters': {'given-name.original': 'Ed', 'email.original': 'eduardofvaldez1@gmail.com', 'given-name': 'Ed', 'email': 'eduardofvaldez1@gmail.com'}, 'lifespan': 3}
2017-10-17T11:23:09.797172+00:00 app[web.1]: Date: Tue, 17 Oct 2017 11:23:09 GMT
2017-10-17T11:23:09.797171+00:00 app[web.1]: Server: nginx
2017-10-17T11:23:09.795567+00:00 app[web.1]: b''
2017-10-17T11:23:09.797174+00:00 app[web.1]: Content-Length: 0
2017-10-17T11:23:09.797174+00:00 app[web.1]: Connection: close
2017-10-17T11:23:09.797173+00:00 app[web.1]: Content-Type: text/plain; charset=utf-8
2017-10-17T11:23:09.797174+00:00 app[web.1]: X-Message-Id: RcyxlyVjT3Gpp-khHdEeFg
2017-10-17T11:23:09.797175+00:00 app[web.1]: Access-Control-Allow-Origin: https://sendgrid.api-docs.io
2017-10-17T11:23:09.797176+00:00 app[web.1]: Access-Control-Allow-Methods: POST
2017-10-17T11:23:09.797176+00:00 app[web.1]: Access-Control-Allow-Headers: Authorization, Content-Type, On-behalf-of, x-sg-elas-acl
2017-10-17T11:23:09.797177+00:00 app[web.1]: Access-Control-Max-Age: 600
2017-10-17T11:23:09.797178+00:00 app[web.1]: X-No-CORS-Reason: https://sendgrid.com/docs/Classroom/Basics/API/cors.html
2017-10-17T11:23:09.797178+00:00 app[web.1]: 
2017-10-17T11:23:09.797180+00:00 app[web.1]: 
2017-10-17T11:23:09.797199+00:00 app[web.1]: X
2017-10-17T11:23:09.799316+00:00 app[web.1]: 2017-10-17 11:23:09,799:DEBUG:urllib3.connectionpool:Starting new HTTPS connection (1): graph.facebook.com
2017-10-17T11:23:10.407461+00:00 heroku[router]: at=info method=POST path="/fbmessenger" host=chat-intuitionfabric.herokuapp.com request_id=f7c3d0a8-80b7-4f2e-8377-cab0c23c50b1 fwd="66.220.152.138" dyno=web.1 connect=0ms service=864ms status=200 bytes=324 protocol=https
2017-10-17T11:23:10.405723+00:00 app[web.1]: 2017-10-17 11:23:10,405:DEBUG:urllib3.connectionpool:https://graph.facebook.com:443 "POST /v2.6/me/messages?access_token=EAACkXOgsTTEBAICIT4YDjDwLJ1GuoJQEG3PGgMcoU0HA7FtRGGgzcYg16MTlIbyLRIQZBZBZBuqU16ZC0FQfL04zF1gvj0HPmZCu4tZARzUwjReBK2RBZAuZALJRLa61DUXLkuX50SEByGEPSLQ0yL9A4sLKnKRvozuVq45LTwQ43AZDZD HTTP/1.1" 200 85
2017-10-17T11:23:10.815935+00:00 heroku[router]: at=info method=POST path="/fbmessenger" host=chat-intuitionfabric.herokuapp.com request_id=241ac817-291a-464e-9346-6e313ccf9dd1 fwd="69.63.188.196" dyno=web.1 connect=0ms service=2ms status=200 bytes=193 protocol=https
2017-10-17T11:23:10.750002+00:00 app[web.1]: <class 'str'>
2017-10-17T11:23:10.752403+00:00 app[web.1]: 2017-10-17 11:23:10,752:DEBUG:urllib3.connectionpool:Starting new HTTPS connection (1): graph.facebook.com
2017-10-17T11:23:10.817006+00:00 app[web.1]: 2017-10-17 11:23:10,816:DEBUG:urllib3.connectionpool:Starting new HTTPS connection (1): graph.facebook.com
2017-10-17T11:23:10.813735+00:00 app[web.1]: 2017-10-17 11:23:10,813:DEBUG:urllib3.connectionpool:https://graph.facebook.com:443 "POST /v2.6/me/messages?access_token=EAACkXOgsTTEBAICIT4YDjDwLJ1GuoJQEG3PGgMcoU0HA7FtRGGgzcYg16MTlIbyLRIQZBZBZBuqU16ZC0FQfL04zF1gvj0HPmZCu4tZARzUwjReBK2RBZAuZALJRLa61DUXLkuX50SEByGEPSLQ0yL9A4sLKnKRvozuVq45LTwQ43AZDZD HTTP/1.1" 400 139
2017-10-17T11:23:10.872825+00:00 app[web.1]: 2017-10-17 11:23:10,872:DEBUG:urllib3.connectionpool:https://graph.facebook.com:443 "POST /v2.6/me/messages?access_token=EAACkXOgsTTEBAICIT4YDjDwLJ1GuoJQEG3PGgMcoU0HA7FtRGGgzcYg16MTlIbyLRIQZBZBZBuqU16ZC0FQfL04zF1gvj0HPmZCu4tZARzUwjReBK2RBZAuZALJRLa61DUXLkuX50SEByGEPSLQ0yL9A4sLKnKRvozuVq45LTwQ43AZDZD HTTP/1.1" 400 169
2017-10-17T11:23:10.874922+00:00 heroku[router]: at=info method=POST path="/fbmessenger" host=chat-intuitionfabric.herokuapp.com request_id=f3fce391-3bd7-4098-a330-20061c54de10 fwd="173.252.123.128" dyno=web.1 connect=1ms service=353ms status=200 bytes=193 protocol=https
2017-10-17T11:24:11.940910+00:00 app[web.1]: <class 'str'>
2017-10-17T11:24:11.943158+00:00 app[web.1]: 2017-10-17 11:24:11,943:DEBUG:urllib3.connectionpool:Starting new HTTPS connection (1): graph.facebook.com
2017-10-17T11:24:12.608180+00:00 heroku[router]: at=info method=POST path="/fbmessenger" host=chat-intuitionfabric.herokuapp.com request_id=a1b9a154-ca34-4927-9620-5a339991e2d0 fwd="66.220.152.170" dyno=web.1 connect=1ms service=843ms status=200 bytes=193 protocol=https
2017-10-17T11:24:12.604596+00:00 app[web.1]: 2017-10-17 11:24:12,604:DEBUG:urllib3.connectionpool:https://graph.facebook.com:443 "POST /v2.6/me/messages?access_token=EAACkXOgsTTEBAICIT4YDjDwLJ1GuoJQEG3PGgMcoU0HA7FtRGGgzcYg16MTlIbyLRIQZBZBZBuqU16ZC0FQfL04zF1gvj0HPmZCu4tZARzUwjReBK2RBZAuZALJRLa61DUXLkuX50SEByGEPSLQ0yL9A4sLKnKRvozuVq45LTwQ43AZDZD HTTP/1.1" 200 85
2017-10-17T11:24:12.973461+00:00 heroku[router]: at=info method=POST path="/fbmessenger" host=chat-intuitionfabric.herokuapp.com request_id=e48fc9fb-4b8c-4fc8-84a0-e251663e155b fwd="69.63.188.216" dyno=web.1 connect=1ms service=8ms status=200 bytes=193 protocol=https
2017-10-17T11:24:13.241722+00:00 heroku[router]: at=info method=POST path="/fbmessenger" host=chat-intuitionfabric.herokuapp.com request_id=2e752e10-c6c6-452d-b0d4-df35f8ae3fd6 fwd="66.220.152.134" dyno=web.1 connect=1ms service=472ms status=200 bytes=193 protocol=https
2017-10-17T11:24:13.136940+00:00 app[web.1]: <class 'str'>
2017-10-17T11:24:13.140981+00:00 app[web.1]: 2017-10-17 11:24:13,140:DEBUG:urllib3.connectionpool:Starting new HTTPS connection (1): graph.facebook.com
2017-10-17T11:24:13.240870+00:00 app[web.1]: 2017-10-17 11:24:13,240:DEBUG:urllib3.connectionpool:https://graph.facebook.com:443 "POST /v2.6/me/messages?access_token=EAACkXOgsTTEBAICIT4YDjDwLJ1GuoJQEG3PGgMcoU0HA7FtRGGgzcYg16MTlIbyLRIQZBZBZBuqU16ZC0FQfL04zF1gvj0HPmZCu4tZARzUwjReBK2RBZAuZALJRLa61DUXLkuX50SEByGEPSLQ0yL9A4sLKnKRvozuVq45LTwQ43AZDZD HTTP/1.1" 400 139
2017-10-17T11:24:17.400978+00:00 app[web.1]: <class 'str'>
2017-10-17T11:24:17.403024+00:00 app[web.1]: 2017-10-17 11:24:17,402:DEBUG:urllib3.connectionpool:Starting new HTTPS connection (1): graph.facebook.com
2017-10-17T11:24:18.153343+00:00 heroku[router]: at=info method=POST path="/fbmessenger" host=chat-intuitionfabric.herokuapp.com request_id=9afde4e6-716f-4f56-afc3-9b33614cb60e fwd="66.220.152.135" dyno=web.1 connect=0ms service=835ms status=200 bytes=193 protocol=https
2017-10-17T11:24:18.153063+00:00 app[web.1]: 2017-10-17 11:24:18,152:DEBUG:urllib3.connectionpool:https://graph.facebook.com:443 "POST /v2.6/me/messages?access_token=EAACkXOgsTTEBAICIT4YDjDwLJ1GuoJQEG3PGgMcoU0HA7FtRGGgzcYg16MTlIbyLRIQZBZBZBuqU16ZC0FQfL04zF1gvj0HPmZCu4tZARzUwjReBK2RBZAuZALJRLa61DUXLkuX50SEByGEPSLQ0yL9A4sLKnKRvozuVq45LTwQ43AZDZD HTTP/1.1" 200 85
2017-10-17T11:24:18.656148+00:00 heroku[router]: at=info method=POST path="/fbmessenger" host=chat-intuitionfabric.herokuapp.com request_id=582c5e60-fd03-4fc9-99c2-686bda7113f6 fwd="173.252.123.136" dyno=web.1 connect=0ms service=443ms status=200 bytes=193 protocol=https
2017-10-17T11:24:18.530759+00:00 heroku[router]: at=info method=POST path="/fbmessenger" host=chat-intuitionfabric.herokuapp.com request_id=935a6e83-7529-4028-b6db-c19beee696c6 fwd="69.63.188.212" dyno=web.1 connect=1ms service=3ms status=200 bytes=193 protocol=https
2017-10-17T11:24:18.535886+00:00 app[web.1]: <class 'str'>
2017-10-17T11:24:18.537866+00:00 app[web.1]: 2017-10-17 11:24:18,537:DEBUG:urllib3.connectionpool:Starting new HTTPS connection (1): graph.facebook.com
2017-10-17T11:24:18.654982+00:00 app[web.1]: 2017-10-17 11:24:18,654:DEBUG:urllib3.connectionpool:https://graph.facebook.com:443 "POST /v2.6/me/messages?access_token=EAACkXOgsTTEBAICIT4YDjDwLJ1GuoJQEG3PGgMcoU0HA7FtRGGgzcYg16MTlIbyLRIQZBZBZBuqU16ZC0FQfL04zF1gvj0HPmZCu4tZARzUwjReBK2RBZAuZALJRLa61DUXLkuX50SEByGEPSLQ0yL9A4sLKnKRvozuVq45LTwQ43AZDZD HTTP/1.1" 400 139
2017-10-17T11:24:26.400606+00:00 app[web.1]: <class 'str'>
2017-10-17T11:24:26.400618+00:00 app[web.1]: type
2017-10-17T11:24:26.400619+00:00 app[web.1]: <class 'list'>
2017-10-17T11:24:26.400641+00:00 app[web.1]: {'name': 'ask-email', 'parameters': {'given-name.original': 'Ed', 'email.original': 'valdez@intuitionmachine.com', 'given-name': 'Ed', 'email': 'valdez@intuitionmachine.com'}, 'lifespan': 2}
2017-10-17T11:24:26.400774+00:00 app[web.1]: QIXOUJ
2017-10-17T11:24:26.456400+00:00 app[web.1]: https://chat-intuitionfabric.herokuapp.com
2017-10-17T11:24:26.499414+00:00 app[web.1]: b''
2017-10-17T11:24:26.500095+00:00 app[web.1]: Server: nginx
2017-10-17T11:24:26.499408+00:00 app[web.1]: 202
2017-10-17T11:24:26.500097+00:00 app[web.1]: Date: Tue, 17 Oct 2017 11:24:26 GMT
2017-10-17T11:24:26.500098+00:00 app[web.1]: Content-Type: text/plain; charset=utf-8
2017-10-17T11:24:26.500100+00:00 app[web.1]: X-Message-Id: YJBbaQ5VR1CcTzm_JNrdow
2017-10-17T11:24:26.500098+00:00 app[web.1]: Content-Length: 0
2017-10-17T11:24:26.500099+00:00 app[web.1]: Connection: close
2017-10-17T11:24:26.500101+00:00 app[web.1]: Access-Control-Allow-Origin: https://sendgrid.api-docs.io
2017-10-17T11:24:26.500102+00:00 app[web.1]: Access-Control-Allow-Methods: POST
2017-10-17T11:24:26.500103+00:00 app[web.1]: Access-Control-Allow-Headers: Authorization, Content-Type, On-behalf-of, x-sg-elas-acl
2017-10-17T11:24:26.500103+00:00 app[web.1]: Access-Control-Max-Age: 600
2017-10-17T11:24:26.500104+00:00 app[web.1]: X-No-CORS-Reason: https://sendgrid.com/docs/Classroom/Basics/API/cors.html
2017-10-17T11:24:26.500105+00:00 app[web.1]: 
2017-10-17T11:24:26.500105+00:00 app[web.1]: 
2017-10-17T11:24:26.500108+00:00 app[web.1]: X
2017-10-17T11:24:26.502119+00:00 app[web.1]: 2017-10-17 11:24:26,502:DEBUG:urllib3.connectionpool:Starting new HTTPS connection (1): graph.facebook.com
2017-10-17T11:24:27.411379+00:00 heroku[router]: at=info method=POST path="/fbmessenger" host=chat-intuitionfabric.herokuapp.com request_id=1797839e-069e-49b7-9023-c10635ee5879 fwd="66.220.152.179" dyno=web.1 connect=2ms service=1135ms status=200 bytes=324 protocol=https
2017-10-17T11:24:27.408706+00:00 app[web.1]: 2017-10-17 11:24:27,408:DEBUG:urllib3.connectionpool:https://graph.facebook.com:443 "POST /v2.6/me/messages?access_token=EAACkXOgsTTEBAICIT4YDjDwLJ1GuoJQEG3PGgMcoU0HA7FtRGGgzcYg16MTlIbyLRIQZBZBZBuqU16ZC0FQfL04zF1gvj0HPmZCu4tZARzUwjReBK2RBZAuZALJRLa61DUXLkuX50SEByGEPSLQ0yL9A4sLKnKRvozuVq45LTwQ43AZDZD HTTP/1.1" 200 85
2017-10-17T11:24:27.743173+00:00 heroku[router]: at=info method=POST path="/fbmessenger" host=chat-intuitionfabric.herokuapp.com request_id=5071bfc9-c0e3-471c-8186-f0f91f4b5b8a fwd="69.63.188.196" dyno=web.1 connect=1ms service=2ms status=200 bytes=193 protocol=https
2017-10-17T11:24:27.762968+00:00 app[web.1]: <class 'str'>
2017-10-17T11:24:27.765567+00:00 app[web.1]: 2017-10-17 11:24:27,765:DEBUG:urllib3.connectionpool:Starting new HTTPS connection (1): graph.facebook.com
2017-10-17T11:24:28.126087+00:00 heroku[router]: at=info method=POST path="/fbmessenger" host=chat-intuitionfabric.herokuapp.com request_id=599932dd-5873-4de0-ae15-ac59841b0e9d fwd="66.220.152.168" dyno=web.1 connect=1ms service=579ms status=200 bytes=193 protocol=https
2017-10-17T11:24:28.123541+00:00 app[web.1]: 2017-10-17 11:24:28,123:DEBUG:urllib3.connectionpool:https://graph.facebook.com:443 "POST /v2.6/me/messages?access_token=EAACkXOgsTTEBAICIT4YDjDwLJ1GuoJQEG3PGgMcoU0HA7FtRGGgzcYg16MTlIbyLRIQZBZBZBuqU16ZC0FQfL04zF1gvj0HPmZCu4tZARzUwjReBK2RBZAuZALJRLa61DUXLkuX50SEByGEPSLQ0yL9A4sLKnKRvozuVq45LTwQ43AZDZD HTTP/1.1" 400 139
2017-10-17T11:25:52.000000+00:00 app[api]: Build started by user eduardofvaldez1@gmail.com
2017-10-17T11:26:13.581530+00:00 heroku[web.1]: Restarting
2017-10-17T11:26:13.582557+00:00 heroku[web.1]: State changed from up to starting
2017-10-17T11:26:14.092303+00:00 heroku[web.1]: Stopping all processes with SIGTERM
2017-10-17T11:26:14.096093+00:00 app[web.1]: [2017-10-17 11:26:14 +0000] [8] [INFO] Worker exiting (pid: 8)
2017-10-17T11:26:14.095972+00:00 app[web.1]: [2017-10-17 11:26:14 +0000] [4] [INFO] Handling signal: term
2017-10-17T11:26:14.096296+00:00 app[web.1]: [2017-10-17 11:26:14 +0000] [10] [INFO] Worker exiting (pid: 10)
2017-10-17T11:26:14.296716+00:00 app[web.1]: [2017-10-17 11:26:14 +0000] [4] [INFO] Shutting down: Master
2017-10-17T11:26:12.997814+00:00 app[api]: Deploy e83bc39b by user eduardofvaldez1@gmail.com
2017-10-17T11:26:12.997814+00:00 app[api]: Release v49 created by user eduardofvaldez1@gmail.com
2017-10-17T11:26:14.374779+00:00 heroku[web.1]: Process exited with status 0
2017-10-17T11:25:52.000000+00:00 app[api]: Build succeeded
2017-10-17T11:26:18.741109+00:00 heroku[web.1]: Starting process with command `gunicorn run:app --reload`
2017-10-17T11:26:20.904038+00:00 app[web.1]: [2017-10-17 11:26:20 +0000] [4] [INFO] Starting gunicorn 19.7.1
2017-10-17T11:26:20.904661+00:00 app[web.1]: [2017-10-17 11:26:20 +0000] [4] [INFO] Listening at: http://0.0.0.0:38310 (4)
2017-10-17T11:26:20.904757+00:00 app[web.1]: [2017-10-17 11:26:20 +0000] [4] [INFO] Using worker: sync
2017-10-17T11:26:20.909185+00:00 app[web.1]: [2017-10-17 11:26:20 +0000] [8] [INFO] Booting worker with pid: 8
2017-10-17T11:26:20.990531+00:00 app[web.1]: [2017-10-17 11:26:20 +0000] [10] [INFO] Booting worker with pid: 10
2017-10-17T11:26:22.419070+00:00 heroku[web.1]: State changed from starting to up
2017-10-17T11:26:23.411743+00:00 app[web.1]: 70290e7963e543d392a19b33c4e8a90f
2017-10-17T11:26:23.413592+00:00 app[web.1]: /app/.heroku/python/lib/python3.6/site-packages/flask_sqlalchemy/__init__.py:800: UserWarning: SQLALCHEMY_TRACK_MODIFICATIONS adds significant overhead and will be disabled by default in the future.  Set it to True to suppress this warning.
2017-10-17T11:26:23.413595+00:00 app[web.1]:   warnings.warn('SQLALCHEMY_TRACK_MODIFICATIONS adds significant overhead and will be disabled by default in the future.  Set it to True to suppress this warning.')
2017-10-17T11:26:23.415467+00:00 app[web.1]: 70290e7963e543d392a19b33c4e8a90f
2017-10-17T11:26:23.416497+00:00 app[web.1]: /app/.heroku/python/lib/python3.6/site-packages/flask_sqlalchemy/__init__.py:800: UserWarning: SQLALCHEMY_TRACK_MODIFICATIONS adds significant overhead and will be disabled by default in the future.  Set it to True to suppress this warning.
2017-10-17T11:26:23.416499+00:00 app[web.1]:   warnings.warn('SQLALCHEMY_TRACK_MODIFICATIONS adds significant overhead and will be disabled by default in the future.  Set it to True to suppress this warning.')
2017-10-17T11:26:23.561226+00:00 app[web.1]: 2017-10-17 11:26:23,561:INFO:flask_appbuilder.base:Registering class MyIndexView on menu 
2017-10-17T11:26:23.563447+00:00 app[web.1]: 2017-10-17 11:26:23,563:INFO:flask_appbuilder.base:Registering class MyIndexView on menu 
2017-10-17T11:26:23.567900+00:00 app[web.1]: 2017-10-17 11:26:23,567:INFO:flask_appbuilder.base:Registering class UtilView on menu 
2017-10-17T11:26:23.569631+00:00 app[web.1]: 2017-10-17 11:26:23,569:INFO:flask_appbuilder.base:Registering class UtilView on menu 
2017-10-17T11:26:23.572490+00:00 app[web.1]: 2017-10-17 11:26:23,572:INFO:flask_appbuilder.base:Registering class LocaleView on menu 
2017-10-17T11:26:23.574348+00:00 app[web.1]: 2017-10-17 11:26:23,574:INFO:flask_appbuilder.base:Registering class LocaleView on menu 
2017-10-17T11:26:23.578110+00:00 app[web.1]: 2017-10-17 11:26:23,578:INFO:flask_appbuilder.base:Registering class RegisterUserDBView on menu 
2017-10-17T11:26:23.579704+00:00 app[web.1]: 2017-10-17 11:26:23,579:INFO:flask_appbuilder.base:Registering class RegisterUserDBView on menu 
2017-10-17T11:26:23.584146+00:00 app[web.1]: 2017-10-17 11:26:23,584:INFO:flask_appbuilder.base:Registering class ResetPasswordView on menu 
2017-10-17T11:26:23.585828+00:00 app[web.1]: 2017-10-17 11:26:23,585:INFO:flask_appbuilder.base:Registering class ResetPasswordView on menu 
2017-10-17T11:26:23.599241+00:00 app[web.1]: 2017-10-17 11:26:23,599:INFO:flask_appbuilder.base:Registering class ResetMyPasswordView on menu 
2017-10-17T11:26:23.600733+00:00 app[web.1]: 2017-10-17 11:26:23,600:INFO:flask_appbuilder.base:Registering class ResetMyPasswordView on menu 
2017-10-17T11:26:23.612825+00:00 app[web.1]: 2017-10-17 11:26:23,612:INFO:flask_appbuilder.base:Registering class MyUserInfoEditView on menu 
2017-10-17T11:26:23.614186+00:00 app[web.1]: 2017-10-17 11:26:23,614:INFO:flask_appbuilder.base:Registering class MyUserInfoEditView on menu 
2017-10-17T11:26:23.626271+00:00 app[web.1]: 2017-10-17 11:26:23,626:INFO:flask_appbuilder.base:Registering class MyAuthDBView on menu 
2017-10-17T11:26:23.627545+00:00 app[web.1]: 2017-10-17 11:26:23,627:INFO:flask_appbuilder.base:Registering class MyAuthDBView on menu 
2017-10-17T11:26:23.641937+00:00 app[web.1]: 2017-10-17 11:26:23,641:INFO:flask_appbuilder.base:Registering class MyUserDBModelView on menu List Users
2017-10-17T11:26:23.642054+00:00 app[web.1]: 2017-10-17 11:26:23,641:INFO:flask_appbuilder.base:Registering class MyUserDBModelView on menu List Users
2017-10-17T11:26:23.697074+00:00 app[web.1]: 2017-10-17 11:26:23,696:INFO:flask_appbuilder.base:Registering class RoleModelView on menu List Roles
2017-10-17T11:26:23.698348+00:00 app[web.1]: 2017-10-17 11:26:23,698:INFO:flask_appbuilder.base:Registering class RoleModelView on menu List Roles
2017-10-17T11:26:23.745417+00:00 app[web.1]: 2017-10-17 11:26:23,745:INFO:flask_appbuilder.base:Registering class MyUserStatsChartView on menu User's Statistics
2017-10-17T11:26:23.746047+00:00 app[web.1]: 2017-10-17 11:26:23,745:INFO:flask_appbuilder.base:Registering class MyUserStatsChartView on menu User's Statistics
2017-10-17T11:26:23.753802+00:00 app[web.1]: 2017-10-17 11:26:23,752:ERROR:flask_appbuilder.base:'NoneType' object has no attribute 'name'
2017-10-17T11:26:23.753806+00:00 app[web.1]: Traceback (most recent call last):
2017-10-17T11:26:23.753807+00:00 app[web.1]:   File "/app/.heroku/python/lib/python3.6/site-packages/flask_appbuilder/base.py", line 462, in _add_permission
2017-10-17T11:26:23.753808+00:00 app[web.1]:     self.sm.add_permissions_view(baseview.base_permissions, baseview.__class__.__name__)
2017-10-17T11:26:23.753809+00:00 app[web.1]:   File "/app/.heroku/python/lib/python3.6/site-packages/flask_appbuilder/security/manager.py", line 804, in add_permissions_view
2017-10-17T11:26:23.753810+00:00 app[web.1]:     if perm_view.permission.name not in base_permissions:
2017-10-17T11:26:23.753814+00:00 app[web.1]: AttributeError: 'NoneType' object has no attribute 'name'
2017-10-17T11:26:23.753924+00:00 app[web.1]: 2017-10-17 11:26:23,753:ERROR:flask_appbuilder.base:Add Permission on View Error: 'NoneType' object has no attribute 'name'
2017-10-17T11:26:23.754527+00:00 app[web.1]: 2017-10-17 11:26:23,753:ERROR:flask_appbuilder.base:'NoneType' object has no attribute 'name'
2017-10-17T11:26:23.754529+00:00 app[web.1]: Traceback (most recent call last):
2017-10-17T11:26:23.754530+00:00 app[web.1]:   File "/app/.heroku/python/lib/python3.6/site-packages/flask_appbuilder/base.py", line 462, in _add_permission
2017-10-17T11:26:23.754531+00:00 app[web.1]:     self.sm.add_permissions_view(baseview.base_permissions, baseview.__class__.__name__)
2017-10-17T11:26:23.754531+00:00 app[web.1]:   File "/app/.heroku/python/lib/python3.6/site-packages/flask_appbuilder/security/manager.py", line 804, in add_permissions_view
2017-10-17T11:26:23.754532+00:00 app[web.1]:     if perm_view.permission.name not in base_permissions:
2017-10-17T11:26:23.754533+00:00 app[web.1]: AttributeError: 'NoneType' object has no attribute 'name'
2017-10-17T11:26:23.754615+00:00 app[web.1]: 2017-10-17 11:26:23,754:ERROR:flask_appbuilder.base:Add Permission on View Error: 'NoneType' object has no attribute 'name'
2017-10-17T11:26:23.768424+00:00 app[web.1]: 2017-10-17 11:26:23,768:INFO:flask_appbuilder.base:Registering class RegisterUserModelView on menu User's Statistics
2017-10-17T11:26:23.768429+00:00 app[web.1]: 2017-10-17 11:26:23,768:INFO:flask_appbuilder.base:Registering class RegisterUserModelView on menu User's Statistics
2017-10-17T11:26:23.810568+00:00 app[web.1]: 2017-10-17 11:26:23,810:INFO:flask_appbuilder.base:Registering class PermissionModelView on menu Base Permissions
2017-10-17T11:26:23.811987+00:00 app[web.1]: 2017-10-17 11:26:23,811:INFO:flask_appbuilder.base:Registering class PermissionModelView on menu Base Permissions
2017-10-17T11:26:23.840246+00:00 app[web.1]: 2017-10-17 11:26:23,840:INFO:flask_appbuilder.base:Registering class ViewMenuModelView on menu Views/Menus
2017-10-17T11:26:23.842649+00:00 app[web.1]: 2017-10-17 11:26:23,842:INFO:flask_appbuilder.base:Registering class ViewMenuModelView on menu Views/Menus
2017-10-17T11:26:23.869032+00:00 app[web.1]: 2017-10-17 11:26:23,868:INFO:flask_appbuilder.base:Registering class PermissionViewModelView on menu Permission on Views/Menus
2017-10-17T11:26:23.904398+00:00 app[web.1]: 2017-10-17 11:26:23,904:INFO:flask_appbuilder.base:Registering class PermissionViewModelView on menu Permission on Views/Menus
2017-10-17T11:26:24.014281+00:00 app[web.1]: 2017-10-17 11:26:24,014:INFO:flask_appbuilder.base:Registering class CountryStatsModelView on menu List Countries
2017-10-17T11:26:24.024032+00:00 app[web.1]: 2017-10-17 11:26:24,023:INFO:flask_appbuilder.base:Registering class CountryStatsModelView on menu List Countries
2017-10-17T11:26:24.052279+00:00 app[web.1]: 2017-10-17 11:26:24,052:INFO:flask_appbuilder.base:Registering class CountryStatsDirectChart on menu Show Country Chart
2017-10-17T11:26:24.076280+00:00 app[web.1]: 2017-10-17 11:26:24,076:INFO:flask_appbuilder.base:Registering class CountryStatsDirectChart on menu Show Country Chart
2017-10-17T11:33:31.284053+00:00 app[web.1]: <class 'str'>
2017-10-17T11:33:31.288866+00:00 app[web.1]: 2017-10-17 11:33:31,288:DEBUG:urllib3.connectionpool:Starting new HTTPS connection (1): graph.facebook.com
2017-10-17T11:33:31.940160+00:00 heroku[router]: at=info method=POST path="/fbmessenger" host=chat-intuitionfabric.herokuapp.com request_id=995b2a0d-0fd3-4f78-9870-8bbee95eead7 fwd="66.220.152.136" dyno=web.1 connect=1ms service=917ms status=200 bytes=193 protocol=https
2017-10-17T11:33:31.930591+00:00 app[web.1]: 2017-10-17 11:33:31,930:DEBUG:urllib3.connectionpool:https://graph.facebook.com:443 "POST /v2.6/me/messages?access_token=EAACkXOgsTTEBAICIT4YDjDwLJ1GuoJQEG3PGgMcoU0HA7FtRGGgzcYg16MTlIbyLRIQZBZBZBuqU16ZC0FQfL04zF1gvj0HPmZCu4tZARzUwjReBK2RBZAuZALJRLa61DUXLkuX50SEByGEPSLQ0yL9A4sLKnKRvozuVq45LTwQ43AZDZD HTTP/1.1" 200 85
2017-10-17T11:33:32.348301+00:00 app[web.1]: <class 'str'>
2017-10-17T11:33:32.351708+00:00 app[web.1]: 2017-10-17 11:33:32,351:DEBUG:urllib3.connectionpool:Starting new HTTPS connection (1): graph.facebook.com
2017-10-17T11:33:32.477382+00:00 heroku[router]: at=info method=POST path="/fbmessenger" host=chat-intuitionfabric.herokuapp.com request_id=2e0b7412-fd3e-4175-8ace-bed051ccf663 fwd="69.63.188.207" dyno=web.1 connect=1ms service=2ms status=200 bytes=193 protocol=https
2017-10-17T11:33:32.968678+00:00 heroku[router]: at=info method=POST path="/fbmessenger" host=chat-intuitionfabric.herokuapp.com request_id=479d4ee2-6099-4d0b-a292-a41673fcaa88 fwd="66.220.152.173" dyno=web.1 connect=1ms service=752ms status=200 bytes=193 protocol=https
2017-10-17T11:33:32.963304+00:00 app[web.1]: 2017-10-17 11:33:32,963:DEBUG:urllib3.connectionpool:https://graph.facebook.com:443 "POST /v2.6/me/messages?access_token=EAACkXOgsTTEBAICIT4YDjDwLJ1GuoJQEG3PGgMcoU0HA7FtRGGgzcYg16MTlIbyLRIQZBZBZBuqU16ZC0FQfL04zF1gvj0HPmZCu4tZARzUwjReBK2RBZAuZALJRLa61DUXLkuX50SEByGEPSLQ0yL9A4sLKnKRvozuVq45LTwQ43AZDZD HTTP/1.1" 200 85
2017-10-17T11:33:33.294651+00:00 heroku[router]: at=info method=POST path="/fbmessenger" host=chat-intuitionfabric.herokuapp.com request_id=85e70f7a-69b3-45f0-bac0-bf96dfeacf81 fwd="69.63.188.210" dyno=web.1 connect=0ms service=2ms status=200 bytes=193 protocol=https
2017-10-17T11:33:33.555391+00:00 heroku[router]: at=info method=POST path="/fbmessenger" host=chat-intuitionfabric.herokuapp.com request_id=977faef8-16b1-426e-a414-1b6cb76e4f61 fwd="69.63.188.203" dyno=web.1 connect=0ms service=2ms status=200 bytes=193 protocol=https
2017-10-17T11:33:33.595678+00:00 heroku[router]: at=info method=POST path="/fbmessenger" host=chat-intuitionfabric.herokuapp.com request_id=92f1933c-501a-416a-8a54-4ead904e149c fwd="69.63.188.206" dyno=web.1 connect=1ms service=409ms status=200 bytes=193 protocol=https
2017-10-17T11:33:33.554496+00:00 app[web.1]: <class 'str'>
2017-10-17T11:33:33.556619+00:00 app[web.1]: 2017-10-17 11:33:33,556:DEBUG:urllib3.connectionpool:Starting new HTTPS connection (1): graph.facebook.com
2017-10-17T11:33:33.592283+00:00 app[web.1]: 2017-10-17 11:33:33,592:DEBUG:urllib3.connectionpool:https://graph.facebook.com:443 "POST /v2.6/me/messages?access_token=EAACkXOgsTTEBAICIT4YDjDwLJ1GuoJQEG3PGgMcoU0HA7FtRGGgzcYg16MTlIbyLRIQZBZBZBuqU16ZC0FQfL04zF1gvj0HPmZCu4tZARzUwjReBK2RBZAuZALJRLa61DUXLkuX50SEByGEPSLQ0yL9A4sLKnKRvozuVq45LTwQ43AZDZD HTTP/1.1" 400 139
2017-10-17T11:33:34.090878+00:00 heroku[router]: at=info method=POST path="/fbmessenger" host=chat-intuitionfabric.herokuapp.com request_id=569589e5-7540-40d0-b784-bd5a782ef5e9 fwd="66.220.152.141" dyno=web.1 connect=0ms service=385ms status=200 bytes=193 protocol=https
2017-10-17T11:33:34.048066+00:00 app[web.1]: <class 'str'>
2017-10-17T11:33:34.050298+00:00 app[web.1]: 2017-10-17 11:33:34,050:DEBUG:urllib3.connectionpool:Starting new HTTPS connection (1): graph.facebook.com
2017-10-17T11:33:34.086018+00:00 app[web.1]: 2017-10-17 11:33:34,085:DEBUG:urllib3.connectionpool:https://graph.facebook.com:443 "POST /v2.6/me/messages?access_token=EAACkXOgsTTEBAICIT4YDjDwLJ1GuoJQEG3PGgMcoU0HA7FtRGGgzcYg16MTlIbyLRIQZBZBZBuqU16ZC0FQfL04zF1gvj0HPmZCu4tZARzUwjReBK2RBZAuZALJRLa61DUXLkuX50SEByGEPSLQ0yL9A4sLKnKRvozuVq45LTwQ43AZDZD HTTP/1.1" 400 139
2017-10-17T11:33:35.686779+00:00 app[web.1]: <class 'str'>
2017-10-17T11:33:35.690436+00:00 app[web.1]: 2017-10-17 11:33:35,690:DEBUG:urllib3.connectionpool:Starting new HTTPS connection (1): graph.facebook.com
2017-10-17T11:33:36.268227+00:00 heroku[router]: at=info method=POST path="/fbmessenger" host=chat-intuitionfabric.herokuapp.com request_id=48ef31a0-4d4d-412b-98e9-e191a2a00a2d fwd="66.220.152.169" dyno=web.1 connect=0ms service=655ms status=200 bytes=193 protocol=https
2017-10-17T11:33:36.263219+00:00 app[web.1]: 2017-10-17 11:33:36,263:DEBUG:urllib3.connectionpool:https://graph.facebook.com:443 "POST /v2.6/me/messages?access_token=EAACkXOgsTTEBAICIT4YDjDwLJ1GuoJQEG3PGgMcoU0HA7FtRGGgzcYg16MTlIbyLRIQZBZBZBuqU16ZC0FQfL04zF1gvj0HPmZCu4tZARzUwjReBK2RBZAuZALJRLa61DUXLkuX50SEByGEPSLQ0yL9A4sLKnKRvozuVq45LTwQ43AZDZD HTTP/1.1" 200 85
2017-10-17T11:33:36.643754+00:00 heroku[router]: at=info method=POST path="/fbmessenger" host=chat-intuitionfabric.herokuapp.com request_id=4232169b-547a-4fb1-bf27-2dd9b2ac18cf fwd="69.63.188.201" dyno=web.1 connect=0ms service=2ms status=200 bytes=193 protocol=https
2017-10-17T11:33:37.157096+00:00 app[web.1]: <class 'str'>
2017-10-17T11:33:37.159954+00:00 app[web.1]: 2017-10-17 11:33:37,159:DEBUG:urllib3.connectionpool:Starting new HTTPS connection (1): graph.facebook.com
2017-10-17T11:33:37.219579+00:00 app[web.1]: 2017-10-17 11:33:37,219:DEBUG:urllib3.connectionpool:https://graph.facebook.com:443 "POST /v2.6/me/messages?access_token=EAACkXOgsTTEBAICIT4YDjDwLJ1GuoJQEG3PGgMcoU0HA7FtRGGgzcYg16MTlIbyLRIQZBZBZBuqU16ZC0FQfL04zF1gvj0HPmZCu4tZARzUwjReBK2RBZAuZALJRLa61DUXLkuX50SEByGEPSLQ0yL9A4sLKnKRvozuVq45LTwQ43AZDZD HTTP/1.1" 400 139
2017-10-17T11:33:37.223630+00:00 heroku[router]: at=info method=POST path="/fbmessenger" host=chat-intuitionfabric.herokuapp.com request_id=8939f81c-5674-4222-9f1f-3687a514b031 fwd="66.220.152.168" dyno=web.1 connect=0ms service=417ms status=200 bytes=193 protocol=https
2017-10-17T11:33:52.421548+00:00 app[web.1]: <class 'str'>
2017-10-17T11:33:52.421614+00:00 app[web.1]: type
2017-10-17T11:33:52.421654+00:00 app[web.1]: <class 'list'>
2017-10-17T11:33:52.421685+00:00 app[web.1]: {'name': 'ask-email', 'parameters': {'given-name.original': 'Ed', 'email.original': 'eduardofvaldez1@gmail.com', 'given-name': 'Ed', 'email': 'eduardofvaldez1@gmail.com'}, 'lifespan': 4}
2017-10-17T11:33:52.421795+00:00 app[web.1]: KHVLXFTOP
2017-10-17T11:33:52.496840+00:00 app[web.1]: https://chat-intuitionfabric.herokuapp.com
2017-10-17T11:33:53.020476+00:00 app[web.1]: 202
2017-10-17T11:33:53.020551+00:00 app[web.1]: b''
2017-10-17T11:33:53.032423+00:00 app[web.1]: Server: nginx
2017-10-17T11:33:53.032428+00:00 app[web.1]: Date: Tue, 17 Oct 2017 11:33:53 GMT
2017-10-17T11:33:53.032428+00:00 app[web.1]: Content-Type: text/plain; charset=utf-8
2017-10-17T11:33:53.032429+00:00 app[web.1]: Content-Length: 0
2017-10-17T11:33:53.032430+00:00 app[web.1]: Connection: close
2017-10-17T11:33:53.032430+00:00 app[web.1]: X-Message-Id: KrzU7_u4Q2a7sQDwVlbb0w
2017-10-17T11:33:53.032431+00:00 app[web.1]: Access-Control-Allow-Origin: https://sendgrid.api-docs.io
2017-10-17T11:33:53.032431+00:00 app[web.1]: Access-Control-Allow-Methods: POST
2017-10-17T11:33:53.032432+00:00 app[web.1]: Access-Control-Allow-Headers: Authorization, Content-Type, On-behalf-of, x-sg-elas-acl
2017-10-17T11:33:53.032433+00:00 app[web.1]: Access-Control-Max-Age: 600
2017-10-17T11:33:53.032434+00:00 app[web.1]: X-No-CORS-Reason: https://sendgrid.com/docs/Classroom/Basics/API/cors.html
2017-10-17T11:33:53.032434+00:00 app[web.1]: 
2017-10-17T11:33:53.032440+00:00 app[web.1]: 
2017-10-17T11:33:53.032440+00:00 app[web.1]: X
2017-10-17T11:33:53.032467+00:00 app[web.1]: {'name': 'ask-name', 'parameters': {'given-name.original': 'Ed', 'email.original': 'eduardofvaldez1@gmail.com', 'given-name': 'Ed', 'email': 'eduardofvaldez1@gmail.com'}, 'lifespan': 4}
2017-10-17T11:33:53.032543+00:00 app[web.1]: XCFSEMA
2017-10-17T11:33:53.121085+00:00 app[web.1]: 2017-10-17 11:33:53,120:ERROR:flask_appbuilder.security.sqla.manager:Add Register User Error: (psycopg2.IntegrityError) duplicate key value violates unique constraint "ab_register_user_username_key"
2017-10-17T11:33:53.121089+00:00 app[web.1]: DETAIL:  Key (username)=(eduardofvaldez1@gmail.com) already exists.
2017-10-17T11:33:53.121100+00:00 app[web.1]:  [SQL: "INSERT INTO ab_register_user (id, first_name, last_name, username, password, email, registration_date, registration_hash) VALUES (nextval('ab_register_user_id_seq'), %(first_name)s, %(last_name)s, %(username)s, %(password)s, %(email)s, %(registration_date)s, %(registration_hash)s) RETURNING ab_register_user.id"] [parameters: {'first_name': 'Ed', 'last_name': 'Ed', 'username': 'eduardofvaldez1@gmail.com', 'password': 'pbkdf2:sha256:50000$pKkcXFNt$836dae3ecef024b8ce821928d996c34bc53478e7ce85f0d06415939a486f6a57', 'email': 'eduardofvaldez1@gmail.com', 'registration_date': datetime.datetime(2017, 10, 17, 11, 33, 53, 118472), 'registration_hash': '0d9adfa2-b32f-11e7-aea7-724b1a84b04e'}]
2017-10-17T11:33:53.123893+00:00 app[web.1]: 2017-10-17 11:33:53,123:DEBUG:urllib3.connectionpool:Starting new HTTPS connection (1): graph.facebook.com
2017-10-17T11:33:53.979893+00:00 app[web.1]: 2017-10-17 11:33:53,979:DEBUG:urllib3.connectionpool:https://graph.facebook.com:443 "POST /v2.6/me/messages?access_token=EAACkXOgsTTEBAICIT4YDjDwLJ1GuoJQEG3PGgMcoU0HA7FtRGGgzcYg16MTlIbyLRIQZBZBZBuqU16ZC0FQfL04zF1gvj0HPmZCu4tZARzUwjReBK2RBZAuZALJRLa61DUXLkuX50SEByGEPSLQ0yL9A4sLKnKRvozuVq45LTwQ43AZDZD HTTP/1.1" 200 85
2017-10-17T11:33:53.984210+00:00 app[web.1]: 2017-10-17 11:33:53,984:DEBUG:urllib3.connectionpool:Starting new HTTPS connection (1): graph.facebook.com
2017-10-17T11:33:54.556460+00:00 heroku[router]: at=info method=POST path="/fbmessenger" host=chat-intuitionfabric.herokuapp.com request_id=d726474f-e9e3-41c3-870a-c86d656ff57b fwd="69.63.188.202" dyno=web.1 connect=0ms service=2245ms status=200 bytes=324 protocol=https
2017-10-17T11:33:54.380184+00:00 heroku[router]: at=info method=POST path="/fbmessenger" host=chat-intuitionfabric.herokuapp.com request_id=0112b3c0-7e0c-455a-a19a-c7f425a5a7ba fwd="69.63.188.208" dyno=web.1 connect=0ms service=2ms status=200 bytes=193 protocol=https
2017-10-17T11:33:54.551362+00:00 app[web.1]: 2017-10-17 11:33:54,551:DEBUG:urllib3.connectionpool:https://graph.facebook.com:443 "POST /v2.6/me/messages?access_token=EAACkXOgsTTEBAICIT4YDjDwLJ1GuoJQEG3PGgMcoU0HA7FtRGGgzcYg16MTlIbyLRIQZBZBZBuqU16ZC0FQfL04zF1gvj0HPmZCu4tZARzUwjReBK2RBZAuZALJRLa61DUXLkuX50SEByGEPSLQ0yL9A4sLKnKRvozuVq45LTwQ43AZDZD HTTP/1.1" 200 85
2017-10-17T11:33:55.138594+00:00 heroku[router]: at=info method=POST path="/fbmessenger" host=chat-intuitionfabric.herokuapp.com request_id=1b79a359-3cb9-4a99-9811-02e32260703f fwd="66.220.152.174" dyno=web.1 connect=0ms service=365ms status=200 bytes=193 protocol=https
2017-10-17T11:33:55.053202+00:00 app[web.1]: <class 'str'>
2017-10-17T11:33:55.055340+00:00 app[web.1]: 2017-10-17 11:33:55,055:DEBUG:urllib3.connectionpool:Starting new HTTPS connection (1): graph.facebook.com
2017-10-17T11:33:55.092364+00:00 app[web.1]: 2017-10-17 11:33:55,092:DEBUG:urllib3.connectionpool:https://graph.facebook.com:443 "POST /v2.6/me/messages?access_token=EAACkXOgsTTEBAICIT4YDjDwLJ1GuoJQEG3PGgMcoU0HA7FtRGGgzcYg16MTlIbyLRIQZBZBZBuqU16ZC0FQfL04zF1gvj0HPmZCu4tZARzUwjReBK2RBZAuZALJRLa61DUXLkuX50SEByGEPSLQ0yL9A4sLKnKRvozuVq45LTwQ43AZDZD HTTP/1.1" 400 139
2017-10-17T11:33:55.096368+00:00 app[web.1]: 2017-10-17 11:33:55,096:DEBUG:urllib3.connectionpool:Starting new HTTPS connection (1): graph.facebook.com
2017-10-17T11:33:55.134546+00:00 app[web.1]: 2017-10-17 11:33:55,134:DEBUG:urllib3.connectionpool:https://graph.facebook.com:443 "POST /v2.6/me/messages?access_token=EAACkXOgsTTEBAICIT4YDjDwLJ1GuoJQEG3PGgMcoU0HA7FtRGGgzcYg16MTlIbyLRIQZBZBZBuqU16ZC0FQfL04zF1gvj0HPmZCu4tZARzUwjReBK2RBZAuZALJRLa61DUXLkuX50SEByGEPSLQ0yL9A4sLKnKRvozuVq45LTwQ43AZDZD HTTP/1.1" 400 167
2017-10-17T11:33:55.092766+00:00 heroku[router]: at=info method=POST path="/fbmessenger" host=chat-intuitionfabric.herokuapp.com request_id=d396e6ed-d10c-4d5c-a2bb-905659b9cae3 fwd="69.63.188.220" dyno=web.1 connect=1ms service=3ms status=200 bytes=193 protocol=https
2017-10-17T11:33:55.322425+00:00 app[web.1]: <class 'str'>
2017-10-17T11:33:55.324581+00:00 app[web.1]: 2017-10-17 11:33:55,324:DEBUG:urllib3.connectionpool:Starting new HTTPS connection (1): graph.facebook.com
2017-10-17T11:33:55.362086+00:00 app[web.1]: 2017-10-17 11:33:55,361:DEBUG:urllib3.connectionpool:https://graph.facebook.com:443 "POST /v2.6/me/messages?access_token=EAACkXOgsTTEBAICIT4YDjDwLJ1GuoJQEG3PGgMcoU0HA7FtRGGgzcYg16MTlIbyLRIQZBZBZBuqU16ZC0FQfL04zF1gvj0HPmZCu4tZARzUwjReBK2RBZAuZALJRLa61DUXLkuX50SEByGEPSLQ0yL9A4sLKnKRvozuVq45LTwQ43AZDZD HTTP/1.1" 400 139
2017-10-17T11:33:55.366929+00:00 heroku[router]: at=info method=POST path="/fbmessenger" host=chat-intuitionfabric.herokuapp.com request_id=91790237-48eb-4a1e-b9f2-c1c37361cbb2 fwd="66.220.152.163" dyno=web.1 connect=0ms service=140ms status=200 bytes=193 protocol=https
2017-10-17T12:07:39.709055+00:00 heroku[web.1]: Idling
2017-10-17T12:07:39.709540+00:00 heroku[web.1]: State changed from up to down
2017-10-17T12:07:40.305872+00:00 heroku[web.1]: Stopping all processes with SIGTERM
2017-10-17T12:07:40.317754+00:00 app[web.1]: [2017-10-17 12:07:40 +0000] [10] [INFO] Worker exiting (pid: 10)
2017-10-17T12:07:40.316251+00:00 app[web.1]: [2017-10-17 12:07:40 +0000] [4] [INFO] Handling signal: term
2017-10-17T12:07:40.318779+00:00 app[web.1]: [2017-10-17 12:07:40 +0000] [8] [INFO] Worker exiting (pid: 8)
2017-10-17T12:07:40.617323+00:00 app[web.1]: [2017-10-17 12:07:40 +0000] [4] [INFO] Shutting down: Master
2017-10-17T12:07:40.736301+00:00 heroku[web.1]: Process exited with status 0
2017-10-18T01:19:18.582469+00:00 heroku[web.1]: Unidling
2017-10-18T01:19:18.582796+00:00 heroku[web.1]: State changed from down to starting
2017-10-18T01:19:24.740557+00:00 heroku[web.1]: Starting process with command `gunicorn run:app --reload`
2017-10-18T01:19:28.249069+00:00 app[web.1]: [2017-10-18 01:19:28 +0000] [4] [INFO] Starting gunicorn 19.7.1
2017-10-18T01:19:28.249584+00:00 app[web.1]: [2017-10-18 01:19:28 +0000] [4] [INFO] Listening at: http://0.0.0.0:41628 (4)
2017-10-18T01:19:28.249680+00:00 app[web.1]: [2017-10-18 01:19:28 +0000] [4] [INFO] Using worker: sync
2017-10-18T01:19:28.253113+00:00 app[web.1]: [2017-10-18 01:19:28 +0000] [8] [INFO] Booting worker with pid: 8
2017-10-18T01:19:28.297803+00:00 app[web.1]: [2017-10-18 01:19:28 +0000] [10] [INFO] Booting worker with pid: 10
2017-10-18T01:19:29.026011+00:00 heroku[web.1]: State changed from starting to up
2017-10-18T01:19:33.853719+00:00 app[web.1]: 70290e7963e543d392a19b33c4e8a90f
2017-10-18T01:19:33.856714+00:00 app[web.1]: /app/.heroku/python/lib/python3.6/site-packages/flask_sqlalchemy/__init__.py:800: UserWarning: SQLALCHEMY_TRACK_MODIFICATIONS adds significant overhead and will be disabled by default in the future.  Set it to True to suppress this warning.
2017-10-18T01:19:33.856717+00:00 app[web.1]:   warnings.warn('SQLALCHEMY_TRACK_MODIFICATIONS adds significant overhead and will be disabled by default in the future.  Set it to True to suppress this warning.')
2017-10-18T01:19:33.908893+00:00 app[web.1]: 70290e7963e543d392a19b33c4e8a90f
2017-10-18T01:19:33.912023+00:00 app[web.1]: /app/.heroku/python/lib/python3.6/site-packages/flask_sqlalchemy/__init__.py:800: UserWarning: SQLALCHEMY_TRACK_MODIFICATIONS adds significant overhead and will be disabled by default in the future.  Set it to True to suppress this warning.
2017-10-18T01:19:33.912026+00:00 app[web.1]:   warnings.warn('SQLALCHEMY_TRACK_MODIFICATIONS adds significant overhead and will be disabled by default in the future.  Set it to True to suppress this warning.')
2017-10-18T01:19:34.262258+00:00 app[web.1]: 2017-10-18 01:19:34,261:INFO:flask_appbuilder.base:Registering class MyIndexView on menu 
2017-10-18T01:19:34.280490+00:00 app[web.1]: 2017-10-18 01:19:34,280:INFO:flask_appbuilder.base:Registering class MyIndexView on menu 
2017-10-18T01:19:34.290525+00:00 app[web.1]: 2017-10-18 01:19:34,289:INFO:flask_appbuilder.base:Registering class UtilView on menu 
2017-10-18T01:19:34.299164+00:00 app[web.1]: 2017-10-18 01:19:34,298:INFO:flask_appbuilder.base:Registering class UtilView on menu 
2017-10-18T01:19:34.300812+00:00 app[web.1]: 2017-10-18 01:19:34,300:INFO:flask_appbuilder.base:Registering class LocaleView on menu 
2017-10-18T01:19:34.305061+00:00 app[web.1]: 2017-10-18 01:19:34,304:INFO:flask_appbuilder.base:Registering class LocaleView on menu 
2017-10-18T01:19:34.326852+00:00 app[web.1]: 2017-10-18 01:19:34,326:INFO:flask_appbuilder.base:Registering class RegisterUserDBView on menu 
2017-10-18T01:19:34.337303+00:00 app[web.1]: 2017-10-18 01:19:34,337:INFO:flask_appbuilder.base:Registering class RegisterUserDBView on menu 
2017-10-18T01:19:34.368054+00:00 app[web.1]: 2017-10-18 01:19:34,367:INFO:flask_appbuilder.base:Registering class ResetPasswordView on menu 
2017-10-18T01:19:34.389547+00:00 app[web.1]: 2017-10-18 01:19:34,389:INFO:flask_appbuilder.base:Registering class ResetPasswordView on menu 
2017-10-18T01:19:34.432537+00:00 app[web.1]: 2017-10-18 01:19:34,432:INFO:flask_appbuilder.base:Registering class ResetMyPasswordView on menu 
2017-10-18T01:19:34.503523+00:00 app[web.1]: 2017-10-18 01:19:34,503:INFO:flask_appbuilder.base:Registering class MyUserInfoEditView on menu 
2017-10-18T01:19:34.512953+00:00 app[web.1]: 2017-10-18 01:19:34,512:INFO:flask_appbuilder.base:Registering class ResetMyPasswordView on menu 
2017-10-18T01:19:34.578680+00:00 app[web.1]: 2017-10-18 01:19:34,578:INFO:flask_appbuilder.base:Registering class MyUserInfoEditView on menu 
2017-10-18T01:19:34.587307+00:00 app[web.1]: 2017-10-18 01:19:34,587:INFO:flask_appbuilder.base:Registering class MyAuthDBView on menu 
2017-10-18T01:19:34.665240+00:00 app[web.1]: 2017-10-18 01:19:34,665:INFO:flask_appbuilder.base:Registering class MyUserDBModelView on menu List Users
2017-10-18T01:19:34.681088+00:00 app[web.1]: 2017-10-18 01:19:34,680:INFO:flask_appbuilder.base:Registering class MyAuthDBView on menu 
2017-10-18T01:19:34.830467+00:00 app[web.1]: 2017-10-18 01:19:34,830:INFO:flask_appbuilder.base:Registering class MyUserDBModelView on menu List Users
2017-10-18T01:19:35.028730+00:00 app[web.1]: 2017-10-18 01:19:35,028:INFO:flask_appbuilder.base:Registering class RoleModelView on menu List Roles
2017-10-18T01:19:35.032610+00:00 app[web.1]: 2017-10-18 01:19:35,032:INFO:flask_appbuilder.base:Registering class RoleModelView on menu List Roles
2017-10-18T01:19:35.225782+00:00 app[web.1]: 2017-10-18 01:19:35,225:INFO:flask_appbuilder.base:Registering class MyUserStatsChartView on menu User's Statistics
2017-10-18T01:19:35.284723+00:00 app[web.1]: 2017-10-18 01:19:35,284:INFO:flask_appbuilder.base:Registering class MyUserStatsChartView on menu User's Statistics
2017-10-18T01:19:35.343546+00:00 app[web.1]: 2017-10-18 01:19:35,342:ERROR:flask_appbuilder.base:'NoneType' object has no attribute 'name'
2017-10-18T01:19:35.343549+00:00 app[web.1]: Traceback (most recent call last):
2017-10-18T01:19:35.343550+00:00 app[web.1]:   File "/app/.heroku/python/lib/python3.6/site-packages/flask_appbuilder/base.py", line 462, in _add_permission
2017-10-18T01:19:35.343551+00:00 app[web.1]:     self.sm.add_permissions_view(baseview.base_permissions, baseview.__class__.__name__)
2017-10-18T01:19:35.343552+00:00 app[web.1]:   File "/app/.heroku/python/lib/python3.6/site-packages/flask_appbuilder/security/manager.py", line 804, in add_permissions_view
2017-10-18T01:19:35.343553+00:00 app[web.1]:     if perm_view.permission.name not in base_permissions:
2017-10-18T01:19:35.343557+00:00 app[web.1]: AttributeError: 'NoneType' object has no attribute 'name'
2017-10-18T01:19:35.343690+00:00 app[web.1]: 2017-10-18 01:19:35,343:ERROR:flask_appbuilder.base:Add Permission on View Error: 'NoneType' object has no attribute 'name'
2017-10-18T01:19:35.371319+00:00 app[web.1]: 2017-10-18 01:19:35,369:ERROR:flask_appbuilder.base:'NoneType' object has no attribute 'name'
2017-10-18T01:19:35.371323+00:00 app[web.1]: Traceback (most recent call last):
2017-10-18T01:19:35.371325+00:00 app[web.1]:   File "/app/.heroku/python/lib/python3.6/site-packages/flask_appbuilder/base.py", line 462, in _add_permission
2017-10-18T01:19:35.371325+00:00 app[web.1]:     self.sm.add_permissions_view(baseview.base_permissions, baseview.__class__.__name__)
2017-10-18T01:19:35.371327+00:00 app[web.1]:   File "/app/.heroku/python/lib/python3.6/site-packages/flask_appbuilder/security/manager.py", line 804, in add_permissions_view
2017-10-18T01:19:35.371328+00:00 app[web.1]:     if perm_view.permission.name not in base_permissions:
2017-10-18T01:19:35.371334+00:00 app[web.1]: AttributeError: 'NoneType' object has no attribute 'name'
2017-10-18T01:19:35.371472+00:00 app[web.1]: 2017-10-18 01:19:35,371:ERROR:flask_appbuilder.base:Add Permission on View Error: 'NoneType' object has no attribute 'name'
2017-10-18T01:19:35.588944+00:00 app[web.1]: 2017-10-18 01:19:35,588:INFO:flask_appbuilder.base:Registering class RegisterUserModelView on menu User's Statistics
2017-10-18T01:19:35.554792+00:00 app[web.1]: 2017-10-18 01:19:35,554:INFO:flask_appbuilder.base:Registering class RegisterUserModelView on menu User's Statistics
2017-10-18T01:19:35.853631+00:00 app[web.1]: 2017-10-18 01:19:35,853:INFO:flask_appbuilder.base:Registering class PermissionModelView on menu Base Permissions
2017-10-18T01:19:35.974469+00:00 app[web.1]: 2017-10-18 01:19:35,974:INFO:flask_appbuilder.base:Registering class ViewMenuModelView on menu Views/Menus
2017-10-18T01:19:35.968811+00:00 app[web.1]: 2017-10-18 01:19:35,968:INFO:flask_appbuilder.base:Registering class PermissionModelView on menu Base Permissions
2017-10-18T01:19:36.108006+00:00 app[web.1]: 2017-10-18 01:19:36,107:INFO:flask_appbuilder.base:Registering class PermissionViewModelView on menu Permission on Views/Menus
2017-10-18T01:19:36.141450+00:00 app[web.1]: 2017-10-18 01:19:36,141:INFO:flask_appbuilder.base:Registering class ViewMenuModelView on menu Views/Menus
2017-10-18T01:19:36.233206+00:00 app[web.1]: 2017-10-18 01:19:36,232:INFO:flask_appbuilder.base:Registering class PermissionViewModelView on menu Permission on Views/Menus
2017-10-18T01:19:36.688678+00:00 app[web.1]: 2017-10-18 01:19:36,688:INFO:flask_appbuilder.base:Registering class CountryStatsModelView on menu List Countries
2017-10-18T01:19:36.539623+00:00 app[web.1]: 2017-10-18 01:19:36,539:INFO:flask_appbuilder.base:Registering class CountryStatsModelView on menu List Countries
2017-10-18T01:19:36.747833+00:00 app[web.1]: 2017-10-18 01:19:36,747:INFO:flask_appbuilder.base:Registering class CountryStatsDirectChart on menu Show Country Chart
2017-10-18T01:19:36.906146+00:00 app[web.1]: 2017-10-18 01:19:36,905:INFO:flask_appbuilder.base:Registering class CountryStatsDirectChart on menu Show Country Chart
2017-10-18T01:19:36.978193+00:00 app[web.1]: 2017-10-18 01:19:36,977:ERROR:flask_appbuilder.security.registerviews:Attempt to activate user with false hash: 7249359a-b323-11e7-8c6d-6a523fa4edc2
2017-10-18T01:19:36.993143+00:00 heroku[router]: at=info method=GET path="/register/activation/7249359a-b323-11e7-8c6d-6a523fa4edc2" host=chat-intuitionfabric.herokuapp.com request_id=a07b05b6-77f2-4b71-9245-7fe234534b5b fwd="112.209.133.119" dyno=web.1 connect=0ms service=6236ms status=302 bytes=630 protocol=https
2017-10-18T01:19:37.248498+00:00 app[web.1]: HEY
2017-10-18T01:19:37.248512+00:00 app[web.1]: 
2017-10-18T01:19:37.248511+00:00 app[web.1]: 
2017-10-18T01:19:37.248517+00:00 app[web.1]: 
2017-10-18T01:19:37.734085+00:00 heroku[router]: at=info method=GET path="/" host=chat-intuitionfabric.herokuapp.com request_id=39c43424-ee45-4ea7-90ea-24c66f147bf9 fwd="112.209.133.119" dyno=web.1 connect=0ms service=490ms status=200 bytes=8403 protocol=https
2017-10-18T01:19:38.599790+00:00 heroku[router]: at=info method=GET path="/static/appbuilder/css/bootstrap.min.css" host=chat-intuitionfabric.herokuapp.com request_id=86b1c040-dcae-4145-a5c8-a82efd707a22 fwd="112.209.133.119" dyno=web.1 connect=0ms service=15ms status=200 bytes=121581 protocol=https
2017-10-18T01:19:38.613651+00:00 heroku[router]: at=info method=GET path="/static/appbuilder/css/font-awesome.min.css" host=chat-intuitionfabric.herokuapp.com request_id=256be1ee-8201-4a49-a876-43d505284641 fwd="112.209.133.119" dyno=web.1 connect=0ms service=21ms status=200 bytes=31379 protocol=https
2017-10-18T01:19:39.172273+00:00 heroku[router]: at=info method=GET path="/static/appbuilder/select2/select2.css" host=chat-intuitionfabric.herokuapp.com request_id=bf954043-ecb4-4be2-a037-77d577646f36 fwd="112.209.133.119" dyno=web.1 connect=1ms service=27ms status=200 bytes=36843 protocol=https
2017-10-18T01:19:39.147278+00:00 heroku[router]: at=info method=GET path="/static/appbuilder/css/themes/readable.css" host=chat-intuitionfabric.herokuapp.com request_id=eb0ab43b-4883-4d0b-8c2d-5a4ba9853bd8 fwd="112.209.133.119" dyno=web.1 connect=0ms service=19ms status=200 bytes=124918 protocol=https
2017-10-18T01:19:39.162684+00:00 heroku[router]: at=info method=GET path="/static/appbuilder/datepicker/bootstrap-datepicker.css" host=chat-intuitionfabric.herokuapp.com request_id=fc1d360d-f8f7-4d48-bb3a-e87dddcc08f0 fwd="112.209.133.119" dyno=web.1 connect=1ms service=26ms status=200 bytes=3969 protocol=https
2017-10-18T01:19:39.297147+00:00 heroku[router]: at=info method=GET path="/static/appbuilder/css/ab.css" host=chat-intuitionfabric.herokuapp.com request_id=af0e596f-ac22-48c7-b956-99d75fa6fb5f fwd="112.209.133.119" dyno=web.1 connect=0ms service=5ms status=200 bytes=962 protocol=https
2017-10-18T01:19:39.276803+00:00 heroku[router]: at=info method=GET path="/static/appbuilder/css/flags/flags16.css" host=chat-intuitionfabric.herokuapp.com request_id=303fcf7a-15d1-4739-a359-04b2ca537942 fwd="112.209.133.119" dyno=web.1 connect=0ms service=7ms status=200 bytes=10653 protocol=https
2017-10-18T01:19:39.668540+00:00 heroku[router]: at=info method=GET path="/static/appbuilder/js/jquery-latest.js" host=chat-intuitionfabric.herokuapp.com request_id=05e8bd51-b199-4f50-961d-37be7ed67d97 fwd="112.209.133.119" dyno=web.1 connect=17ms service=8ms status=200 bytes=93485 protocol=https
2017-10-18T01:19:39.680320+00:00 heroku[router]: at=info method=GET path="/static/appbuilder/js/ab_filters.js" host=chat-intuitionfabric.herokuapp.com request_id=5cf96c54-4b89-4c0f-8ce1-4672bea08fe3 fwd="112.209.133.119" dyno=web.1 connect=1ms service=24ms status=200 bytes=4946 protocol=https
2017-10-18T01:19:45.582382+00:00 heroku[router]: at=info method=GET path="/static/appbuilder/js/ab_actions.js" host=chat-intuitionfabric.herokuapp.com request_id=24bfee6e-adb2-434d-842f-56d47ca3dadc fwd="112.209.133.119" dyno=web.1 connect=0ms service=4ms status=200 bytes=3753 protocol=https
2017-10-18T01:19:47.267328+00:00 heroku[router]: at=info method=GET path="/static/appbuilder/js/bootstrap.min.js" host=chat-intuitionfabric.herokuapp.com request_id=e9b75835-1048-4210-b930-9ae1b27eecc9 fwd="112.209.133.119" dyno=web.1 connect=0ms service=6ms status=200 bytes=37423 protocol=https
2017-10-18T01:19:47.482408+00:00 heroku[router]: at=info method=GET path="/static/appbuilder/datepicker/bootstrap-datepicker.js" host=chat-intuitionfabric.herokuapp.com request_id=715b680d-bec5-4076-bea3-83dde67fba7e fwd="112.209.133.119" dyno=web.1 connect=0ms service=6ms status=200 bytes=27044 protocol=https
2017-10-18T01:19:47.486629+00:00 heroku[router]: at=info method=GET path="/static/appbuilder/js/ab.js" host=chat-intuitionfabric.herokuapp.com request_id=25c75c3b-b15b-4d8b-9be8-7a3df1029150 fwd="112.209.133.119" dyno=web.1 connect=1ms service=4ms status=200 bytes=3542 protocol=https
2017-10-18T01:19:47.501939+00:00 heroku[router]: at=info method=GET path="/static/appbuilder/select2/select2.js" host=chat-intuitionfabric.herokuapp.com request_id=c3660993-0f8d-4063-9e1f-4abdde643724 fwd="112.209.133.119" dyno=web.1 connect=1ms service=7ms status=200 bytes=148916 protocol=https
2017-10-18T01:19:47.512019+00:00 heroku[router]: at=info method=GET path="/static/appbuilder/img/flags/flags16.png" host=chat-intuitionfabric.herokuapp.com request_id=b2fd44b1-299c-461f-9230-15ee3e2e7ff0 fwd="112.209.133.119" dyno=web.1 connect=1ms service=10ms status=200 bytes=63649 protocol=https
2017-10-18T01:19:47.491269+00:00 heroku[router]: at=info method=GET path="/static/img/intuitionmachine.png" host=chat-intuitionfabric.herokuapp.com request_id=512325dd-913b-4508-a269-63c19421fb4a fwd="112.209.133.119" dyno=web.1 connect=0ms service=4ms status=200 bytes=4984 protocol=https
2017-10-18T01:19:47.807010+00:00 heroku[router]: at=info method=GET path="/static/appbuilder/fonts/fontawesome-webfont.woff2?v=4.7.0" host=chat-intuitionfabric.herokuapp.com request_id=90fe6b75-a1a1-42c0-a2d0-2d7831698932 fwd="112.209.133.119" dyno=web.1 connect=0ms service=7ms status=200 bytes=77595 protocol=https
2017-10-18T01:19:51.271587+00:00 heroku[router]: at=info method=GET path="/favicon.ico" host=chat-intuitionfabric.herokuapp.com request_id=f9d41735-d6a5-4688-9e0f-7009d66e6bcc fwd="112.209.133.119" dyno=web.1 connect=1ms service=86ms status=404 bytes=6215 protocol=https
2017-10-18T01:19:59.686098+00:00 heroku[router]: at=info method=GET path="/login/" host=chat-intuitionfabric.herokuapp.com request_id=6fec8f49-5438-42b1-87cb-a3588da9145e fwd="112.209.133.119" dyno=web.1 connect=0ms service=60ms status=200 bytes=8726 protocol=https
2017-10-18T01:20:00.048339+00:00 heroku[router]: at=info method=GET path="/static/js/chat.js" host=chat-intuitionfabric.herokuapp.com request_id=f1d7b43c-5c1b-418b-bf1c-93d0a71df374 fwd="112.209.133.119" dyno=web.1 connect=0ms service=13ms status=200 bytes=1691 protocol=https
2017-10-18T01:20:00.032224+00:00 heroku[router]: at=info method=GET path="/static/css/chat.css" host=chat-intuitionfabric.herokuapp.com request_id=299f11f0-0a55-4966-804d-551a6d81f7dc fwd="112.209.133.119" dyno=web.1 connect=0ms service=4ms status=200 bytes=1813 protocol=https
2017-10-18T01:20:00.667556+00:00 heroku[router]: at=info method=GET path="/login/static/img/intuitionmachine.png" host=chat-intuitionfabric.herokuapp.com request_id=86b53ad9-e20b-4501-a6fc-1dcee0bb09bf fwd="112.209.133.119" dyno=web.1 connect=0ms service=320ms status=404 bytes=6215 protocol=https
2017-10-18T01:20:47.859564+00:00 heroku[router]: at=info method=POST path="/login/" host=chat-intuitionfabric.herokuapp.com request_id=105d7721-66d2-4ac5-aacc-8bfc808eb99b fwd="112.209.133.119" dyno=web.1 connect=0ms service=46ms status=302 bytes=816 protocol=https
2017-10-18T01:20:47.849089+00:00 app[web.1]: 2017-10-18 01:20:47,848:INFO:flask_appbuilder.security.manager:Login Failed for user: ivyvaldez
2017-10-18T01:20:48.863306+00:00 heroku[router]: at=info method=GET path="/login/" host=chat-intuitionfabric.herokuapp.com request_id=c4b46ae6-1476-42f0-a8b3-a01ac907fcd0 fwd="112.209.133.119" dyno=web.1 connect=0ms service=103ms status=200 bytes=8975 protocol=https
2017-10-18T01:20:49.564750+00:00 heroku[router]: at=info method=GET path="/login/static/img/intuitionmachine.png" host=chat-intuitionfabric.herokuapp.com request_id=285efd06-f3f9-4911-a377-0e935321abb8 fwd="112.209.133.119" dyno=web.1 connect=0ms service=56ms status=404 bytes=6215 protocol=https
2017-10-18T01:21:39.982998+00:00 heroku[router]: at=info method=POST path="/login/" host=chat-intuitionfabric.herokuapp.com request_id=2b8af3fd-4b0c-4c33-ba3c-fc740ad6b203 fwd="112.209.133.119" dyno=web.1 connect=0ms service=29ms status=302 bytes=816 protocol=https
2017-10-18T01:21:39.975037+00:00 app[web.1]: 2017-10-18 01:21:39,974:INFO:flask_appbuilder.security.manager:Login Failed for user: divinia_valdez@yahoo.com
2017-10-18T01:21:40.365111+00:00 heroku[router]: at=info method=GET path="/login/" host=chat-intuitionfabric.herokuapp.com request_id=3ba91295-41a9-4b85-9aab-0b8e5b8926b3 fwd="112.209.133.119" dyno=web.1 connect=0ms service=83ms status=200 bytes=8975 protocol=https
2017-10-18T01:21:41.164116+00:00 heroku[router]: at=info method=GET path="/login/static/img/intuitionmachine.png" host=chat-intuitionfabric.herokuapp.com request_id=7796a459-0509-4e26-a0a6-9a0e2e8025a1 fwd="112.209.133.119" dyno=web.1 connect=0ms service=180ms status=404 bytes=6215 protocol=https
2017-10-18T01:21:54.716353+00:00 app[web.1]: 2017-10-18 01:21:54,716:ERROR:flask_appbuilder.security.registerviews:Attempt to activate user with false hash: 7249359a-b323-11e7-8c6d-6a523fa4edc2
2017-10-18T01:21:54.724036+00:00 heroku[router]: at=info method=GET path="/register/activation/7249359a-b323-11e7-8c6d-6a523fa4edc2" host=chat-intuitionfabric.herokuapp.com request_id=30273751-7358-42e6-9538-c9305449436d fwd="112.209.133.119" dyno=web.1 connect=0ms service=37ms status=302 bytes=728 protocol=https
2017-10-18T01:21:55.064152+00:00 heroku[router]: at=info method=GET path="/" host=chat-intuitionfabric.herokuapp.com request_id=0cfb19d1-118f-4439-a2f7-0d0c9656afc3 fwd="112.209.133.119" dyno=web.1 connect=0ms service=42ms status=200 bytes=8465 protocol=https
2017-10-18T01:21:55.026962+00:00 app[web.1]: HEY
2017-10-18T01:21:55.026975+00:00 app[web.1]: 
2017-10-18T01:21:55.027026+00:00 app[web.1]: 
2017-10-18T01:21:55.026974+00:00 app[web.1]: 
2017-10-18T01:56:32.515445+00:00 heroku[web.1]: Idling
2017-10-18T01:56:32.515811+00:00 heroku[web.1]: State changed from up to down
2017-10-18T01:56:33.290258+00:00 heroku[web.1]: Stopping all processes with SIGTERM
2017-10-18T01:56:33.301175+00:00 app[web.1]: [2017-10-18 01:56:33 +0000] [8] [INFO] Worker exiting (pid: 8)
2017-10-18T01:56:33.302594+00:00 app[web.1]: [2017-10-18 01:56:33 +0000] [10] [INFO] Worker exiting (pid: 10)
2017-10-18T01:56:33.305451+00:00 app[web.1]: [2017-10-18 01:56:33 +0000] [4] [INFO] Handling signal: term
2017-10-18T01:56:33.409059+00:00 app[web.1]: [2017-10-18 01:56:33 +0000] [4] [INFO] Shutting down: Master
2017-10-18T01:56:33.619053+00:00 heroku[web.1]: Process exited with status 0
2017-10-18T04:44:08.683592+00:00 heroku[web.1]: Unidling
2017-10-18T04:44:08.683834+00:00 heroku[web.1]: State changed from down to starting
2017-10-18T04:44:14.361745+00:00 heroku[web.1]: Starting process with command `gunicorn run:app --reload`
2017-10-18T04:44:16.823645+00:00 app[web.1]: [2017-10-18 04:44:16 +0000] [4] [INFO] Starting gunicorn 19.7.1
2017-10-18T04:44:16.824969+00:00 app[web.1]: [2017-10-18 04:44:16 +0000] [4] [INFO] Using worker: sync
2017-10-18T04:44:16.824765+00:00 app[web.1]: [2017-10-18 04:44:16 +0000] [4] [INFO] Listening at: http://0.0.0.0:4072 (4)
2017-10-18T04:44:16.830831+00:00 app[web.1]: [2017-10-18 04:44:16 +0000] [8] [INFO] Booting worker with pid: 8
2017-10-18T04:44:16.926795+00:00 app[web.1]: [2017-10-18 04:44:16 +0000] [10] [INFO] Booting worker with pid: 10
2017-10-18T04:44:18.020170+00:00 heroku[web.1]: State changed from starting to up
2017-10-18T04:44:19.436728+00:00 app[web.1]: 70290e7963e543d392a19b33c4e8a90f
2017-10-18T04:44:19.439714+00:00 app[web.1]: /app/.heroku/python/lib/python3.6/site-packages/flask_sqlalchemy/__init__.py:800: UserWarning: SQLALCHEMY_TRACK_MODIFICATIONS adds significant overhead and will be disabled by default in the future.  Set it to True to suppress this warning.
2017-10-18T04:44:19.439716+00:00 app[web.1]:   warnings.warn('SQLALCHEMY_TRACK_MODIFICATIONS adds significant overhead and will be disabled by default in the future.  Set it to True to suppress this warning.')
2017-10-18T04:44:19.490347+00:00 app[web.1]: 70290e7963e543d392a19b33c4e8a90f
2017-10-18T04:44:19.492374+00:00 app[web.1]: /app/.heroku/python/lib/python3.6/site-packages/flask_sqlalchemy/__init__.py:800: UserWarning: SQLALCHEMY_TRACK_MODIFICATIONS adds significant overhead and will be disabled by default in the future.  Set it to True to suppress this warning.
2017-10-18T04:44:19.492377+00:00 app[web.1]:   warnings.warn('SQLALCHEMY_TRACK_MODIFICATIONS adds significant overhead and will be disabled by default in the future.  Set it to True to suppress this warning.')
2017-10-18T04:44:19.696405+00:00 app[web.1]: 2017-10-18 04:44:19,696:INFO:flask_appbuilder.base:Registering class MyIndexView on menu 
2017-10-18T04:44:19.700663+00:00 app[web.1]: 2017-10-18 04:44:19,700:INFO:flask_appbuilder.base:Registering class MyIndexView on menu 
2017-10-18T04:44:19.708781+00:00 app[web.1]: 2017-10-18 04:44:19,708:INFO:flask_appbuilder.base:Registering class UtilView on menu 
2017-10-18T04:44:19.711915+00:00 app[web.1]: 2017-10-18 04:44:19,711:INFO:flask_appbuilder.base:Registering class UtilView on menu 
2017-10-18T04:44:19.714573+00:00 app[web.1]: 2017-10-18 04:44:19,714:INFO:flask_appbuilder.base:Registering class LocaleView on menu 
2017-10-18T04:44:19.716933+00:00 app[web.1]: 2017-10-18 04:44:19,716:INFO:flask_appbuilder.base:Registering class LocaleView on menu 
2017-10-18T04:44:19.721690+00:00 app[web.1]: 2017-10-18 04:44:19,721:INFO:flask_appbuilder.base:Registering class RegisterUserDBView on menu 
2017-10-18T04:44:19.722048+00:00 app[web.1]: 2017-10-18 04:44:19,721:INFO:flask_appbuilder.base:Registering class RegisterUserDBView on menu 
2017-10-18T04:44:19.726686+00:00 app[web.1]: 2017-10-18 04:44:19,726:INFO:flask_appbuilder.base:Registering class ResetPasswordView on menu 
2017-10-18T04:44:19.726687+00:00 app[web.1]: 2017-10-18 04:44:19,726:INFO:flask_appbuilder.base:Registering class ResetPasswordView on menu 
2017-10-18T04:44:19.741168+00:00 app[web.1]: 2017-10-18 04:44:19,741:INFO:flask_appbuilder.base:Registering class ResetMyPasswordView on menu 
2017-10-18T04:44:19.745565+00:00 app[web.1]: 2017-10-18 04:44:19,745:INFO:flask_appbuilder.base:Registering class ResetMyPasswordView on menu 
2017-10-18T04:44:19.754999+00:00 app[web.1]: 2017-10-18 04:44:19,754:INFO:flask_appbuilder.base:Registering class MyUserInfoEditView on menu 
2017-10-18T04:44:19.764342+00:00 app[web.1]: 2017-10-18 04:44:19,764:INFO:flask_appbuilder.base:Registering class MyUserInfoEditView on menu 
2017-10-18T04:44:19.771922+00:00 app[web.1]: 2017-10-18 04:44:19,769:INFO:flask_appbuilder.base:Registering class MyAuthDBView on menu 
2017-10-18T04:44:19.783200+00:00 app[web.1]: 2017-10-18 04:44:19,782:INFO:flask_appbuilder.base:Registering class MyAuthDBView on menu 
2017-10-18T04:44:19.783203+00:00 app[web.1]: 2017-10-18 04:44:19,782:INFO:flask_appbuilder.base:Registering class MyUserDBModelView on menu List Users
2017-10-18T04:44:19.809072+00:00 app[web.1]: 2017-10-18 04:44:19,808:INFO:flask_appbuilder.base:Registering class MyUserDBModelView on menu List Users
2017-10-18T04:44:19.861838+00:00 app[web.1]: 2017-10-18 04:44:19,861:INFO:flask_appbuilder.base:Registering class RoleModelView on menu List Roles
2017-10-18T04:44:19.897033+00:00 app[web.1]: 2017-10-18 04:44:19,896:INFO:flask_appbuilder.base:Registering class RoleModelView on menu List Roles
2017-10-18T04:44:19.944060+00:00 app[web.1]: 2017-10-18 04:44:19,943:INFO:flask_appbuilder.base:Registering class MyUserStatsChartView on menu User's Statistics
2017-10-18T04:44:19.956438+00:00 app[web.1]: 2017-10-18 04:44:19,955:ERROR:flask_appbuilder.base:'NoneType' object has no attribute 'name'
2017-10-18T04:44:19.956455+00:00 app[web.1]: Traceback (most recent call last):
2017-10-18T04:44:19.956456+00:00 app[web.1]:   File "/app/.heroku/python/lib/python3.6/site-packages/flask_appbuilder/base.py", line 462, in _add_permission
2017-10-18T04:44:19.956457+00:00 app[web.1]:     self.sm.add_permissions_view(baseview.base_permissions, baseview.__class__.__name__)
2017-10-18T04:44:19.956458+00:00 app[web.1]:   File "/app/.heroku/python/lib/python3.6/site-packages/flask_appbuilder/security/manager.py", line 804, in add_permissions_view
2017-10-18T04:44:19.956458+00:00 app[web.1]:     if perm_view.permission.name not in base_permissions:
2017-10-18T04:44:19.956593+00:00 app[web.1]: 2017-10-18 04:44:19,956:ERROR:flask_appbuilder.base:Add Permission on View Error: 'NoneType' object has no attribute 'name'
2017-10-18T04:44:19.979442+00:00 app[web.1]: 2017-10-18 04:44:19,979:INFO:flask_appbuilder.base:Registering class MyUserStatsChartView on menu User's Statistics
2017-10-18T04:44:19.994536+00:00 app[web.1]: 2017-10-18 04:44:19,994:INFO:flask_appbuilder.base:Registering class RegisterUserModelView on menu User's Statistics
2017-10-18T04:44:19.956463+00:00 app[web.1]: AttributeError: 'NoneType' object has no attribute 'name'
2017-10-18T04:44:20.008734+00:00 app[web.1]: 2017-10-18 04:44:20,006:ERROR:flask_appbuilder.base:'NoneType' object has no attribute 'name'
2017-10-18T04:44:20.008738+00:00 app[web.1]: Traceback (most recent call last):
2017-10-18T04:44:20.008739+00:00 app[web.1]:   File "/app/.heroku/python/lib/python3.6/site-packages/flask_appbuilder/base.py", line 462, in _add_permission
2017-10-18T04:44:20.008740+00:00 app[web.1]:     self.sm.add_permissions_view(baseview.base_permissions, baseview.__class__.__name__)
2017-10-18T04:44:20.008741+00:00 app[web.1]:   File "/app/.heroku/python/lib/python3.6/site-packages/flask_appbuilder/security/manager.py", line 804, in add_permissions_view
2017-10-18T04:44:20.008742+00:00 app[web.1]:     if perm_view.permission.name not in base_permissions:
2017-10-18T04:44:20.008774+00:00 app[web.1]: AttributeError: 'NoneType' object has no attribute 'name'
2017-10-18T04:44:20.009025+00:00 app[web.1]: 2017-10-18 04:44:20,008:ERROR:flask_appbuilder.base:Add Permission on View Error: 'NoneType' object has no attribute 'name'
2017-10-18T04:44:20.031270+00:00 app[web.1]: 2017-10-18 04:44:20,031:INFO:flask_appbuilder.base:Registering class RegisterUserModelView on menu User's Statistics
2017-10-18T04:44:20.044516+00:00 app[web.1]: 2017-10-18 04:44:20,044:INFO:flask_appbuilder.base:Registering class PermissionModelView on menu Base Permissions
2017-10-18T04:44:20.082478+00:00 app[web.1]: 2017-10-18 04:44:20,082:INFO:flask_appbuilder.base:Registering class PermissionModelView on menu Base Permissions
2017-10-18T04:44:20.091448+00:00 app[web.1]: 2017-10-18 04:44:20,091:INFO:flask_appbuilder.base:Registering class ViewMenuModelView on menu Views/Menus
2017-10-18T04:44:20.129402+00:00 app[web.1]: 2017-10-18 04:44:20,129:INFO:flask_appbuilder.base:Registering class ViewMenuModelView on menu Views/Menus
2017-10-18T04:44:20.194209+00:00 app[web.1]: 2017-10-18 04:44:20,193:INFO:flask_appbuilder.base:Registering class PermissionViewModelView on menu Permission on Views/Menus
2017-10-18T04:44:20.218660+00:00 app[web.1]: 2017-10-18 04:44:20,218:INFO:flask_appbuilder.base:Registering class PermissionViewModelView on menu Permission on Views/Menus
2017-10-18T04:44:20.335953+00:00 app[web.1]: 2017-10-18 04:44:20,335:INFO:flask_appbuilder.base:Registering class CountryStatsModelView on menu List Countries
2017-10-18T04:44:20.340859+00:00 app[web.1]: 2017-10-18 04:44:20,340:INFO:flask_appbuilder.base:Registering class CountryStatsModelView on menu List Countries
2017-10-18T04:44:20.387684+00:00 app[web.1]: 2017-10-18 04:44:20,387:INFO:flask_appbuilder.base:Registering class CountryStatsDirectChart on menu Show Country Chart
2017-10-18T04:44:20.381295+00:00 app[web.1]: 2017-10-18 04:44:20,381:INFO:flask_appbuilder.base:Registering class CountryStatsDirectChart on menu Show Country Chart
2017-10-18T04:44:20.440936+00:00 heroku[router]: at=info method=POST path="/fbmessenger" host=chat-intuitionfabric.herokuapp.com request_id=0f315020-bfd2-4378-928b-f9cc652f4d22 fwd="69.63.188.205" dyno=web.1 connect=2ms service=644ms status=200 bytes=193 protocol=https
2017-10-18T04:44:21.753554+00:00 heroku[router]: at=info method=POST path="/fbmessenger" host=chat-intuitionfabric.herokuapp.com request_id=b8cda7bf-41c4-4972-a8b6-7f5ece44e410 fwd="173.252.123.142" dyno=web.1 connect=1ms service=992ms status=200 bytes=193 protocol=https
2017-10-18T04:44:21.821448+00:00 heroku[router]: at=info method=POST path="/fbmessenger" host=chat-intuitionfabric.herokuapp.com request_id=490177cf-f871-41e5-8982-eea2852b0dcb fwd="69.63.188.215" dyno=web.1 connect=0ms service=2ms status=200 bytes=193 protocol=https
2017-10-18T04:44:21.672314+00:00 app[web.1]: <class 'str'>
2017-10-18T04:44:21.677972+00:00 app[web.1]: 2017-10-18 04:44:21,677:DEBUG:urllib3.connectionpool:Starting new HTTPS connection (1): graph.facebook.com
2017-10-18T04:44:21.748821+00:00 app[web.1]: 2017-10-18 04:44:21,748:DEBUG:urllib3.connectionpool:https://graph.facebook.com:443 "POST /v2.6/me/messages?access_token=EAACkXOgsTTEBAICIT4YDjDwLJ1GuoJQEG3PGgMcoU0HA7FtRGGgzcYg16MTlIbyLRIQZBZBZBuqU16ZC0FQfL04zF1gvj0HPmZCu4tZARzUwjReBK2RBZAuZALJRLa61DUXLkuX50SEByGEPSLQ0yL9A4sLKnKRvozuVq45LTwQ43AZDZD HTTP/1.1" 400 139
2017-10-18T04:44:22.000303+00:00 heroku[router]: at=info method=POST path="/fbmessenger" host=chat-intuitionfabric.herokuapp.com request_id=617f4917-771b-4f55-97e9-4565a945b897 fwd="69.63.188.199" dyno=web.1 connect=0ms service=3ms status=200 bytes=193 protocol=https
2017-10-18T04:44:22.005804+00:00 app[web.1]: <class 'str'>
2017-10-18T04:44:22.010892+00:00 app[web.1]: 2017-10-18 04:44:22,010:DEBUG:urllib3.connectionpool:Starting new HTTPS connection (1): graph.facebook.com
2017-10-18T04:44:22.193752+00:00 app[web.1]: 2017-10-18 04:44:22,193:DEBUG:urllib3.connectionpool:https://graph.facebook.com:443 "POST /v2.6/me/messages?access_token=EAACkXOgsTTEBAICIT4YDjDwLJ1GuoJQEG3PGgMcoU0HA7FtRGGgzcYg16MTlIbyLRIQZBZBZBuqU16ZC0FQfL04zF1gvj0HPmZCu4tZARzUwjReBK2RBZAuZALJRLa61DUXLkuX50SEByGEPSLQ0yL9A4sLKnKRvozuVq45LTwQ43AZDZD HTTP/1.1" 200 85
2017-10-18T04:44:22.195032+00:00 heroku[router]: at=info method=POST path="/fbmessenger" host=chat-intuitionfabric.herokuapp.com request_id=54f92e0e-774d-45cb-98cc-fe37230208f9 fwd="173.252.123.128" dyno=web.1 connect=0ms service=328ms status=200 bytes=193 protocol=https
2017-10-18T04:44:22.777278+00:00 heroku[router]: at=info method=POST path="/fbmessenger" host=chat-intuitionfabric.herokuapp.com request_id=ebf4154d-0b0e-4f72-ac24-671621861514 fwd="69.63.188.204" dyno=web.1 connect=0ms service=4ms status=200 bytes=193 protocol=https
2017-10-18T04:44:23.657622+00:00 app[web.1]: <class 'str'>
2017-10-18T04:44:23.659804+00:00 app[web.1]: 2017-10-18 04:44:23,659:DEBUG:urllib3.connectionpool:Starting new HTTPS connection (1): graph.facebook.com
2017-10-18T04:44:23.719857+00:00 app[web.1]: 2017-10-18 04:44:23,719:DEBUG:urllib3.connectionpool:https://graph.facebook.com:443 "POST /v2.6/me/messages?access_token=EAACkXOgsTTEBAICIT4YDjDwLJ1GuoJQEG3PGgMcoU0HA7FtRGGgzcYg16MTlIbyLRIQZBZBZBuqU16ZC0FQfL04zF1gvj0HPmZCu4tZARzUwjReBK2RBZAuZALJRLa61DUXLkuX50SEByGEPSLQ0yL9A4sLKnKRvozuVq45LTwQ43AZDZD HTTP/1.1" 400 139
2017-10-18T04:44:23.723819+00:00 app[web.1]: 2017-10-18 04:44:23,723:DEBUG:urllib3.connectionpool:Starting new HTTPS connection (1): graph.facebook.com
2017-10-18T04:44:23.790694+00:00 app[web.1]: 2017-10-18 04:44:23,790:DEBUG:urllib3.connectionpool:https://graph.facebook.com:443 "POST /v2.6/me/messages?access_token=EAACkXOgsTTEBAICIT4YDjDwLJ1GuoJQEG3PGgMcoU0HA7FtRGGgzcYg16MTlIbyLRIQZBZBZBuqU16ZC0FQfL04zF1gvj0HPmZCu4tZARzUwjReBK2RBZAuZALJRLa61DUXLkuX50SEByGEPSLQ0yL9A4sLKnKRvozuVq45LTwQ43AZDZD HTTP/1.1" 400 139
2017-10-18T04:44:23.793693+00:00 heroku[router]: at=info method=POST path="/fbmessenger" host=chat-intuitionfabric.herokuapp.com request_id=75944186-e053-4b9d-8d54-48698552d40c fwd="66.220.152.137" dyno=web.1 connect=0ms service=1492ms status=200 bytes=193 protocol=https
2017-10-18T04:44:25.269308+00:00 app[web.1]: <class 'str'>
2017-10-18T04:44:25.271860+00:00 app[web.1]: 2017-10-18 04:44:25,271:DEBUG:urllib3.connectionpool:Starting new HTTPS connection (1): graph.facebook.com
2017-10-18T04:44:25.716612+00:00 heroku[router]: at=info method=POST path="/fbmessenger" host=chat-intuitionfabric.herokuapp.com request_id=0ccad616-9bcc-469b-82e8-db87fd4a1ea3 fwd="69.63.188.217" dyno=web.1 connect=0ms service=532ms status=200 bytes=193 protocol=https
2017-10-18T04:44:25.712778+00:00 app[web.1]: 2017-10-18 04:44:25,712:DEBUG:urllib3.connectionpool:https://graph.facebook.com:443 "POST /v2.6/me/messages?access_token=EAACkXOgsTTEBAICIT4YDjDwLJ1GuoJQEG3PGgMcoU0HA7FtRGGgzcYg16MTlIbyLRIQZBZBZBuqU16ZC0FQfL04zF1gvj0HPmZCu4tZARzUwjReBK2RBZAuZALJRLa61DUXLkuX50SEByGEPSLQ0yL9A4sLKnKRvozuVq45LTwQ43AZDZD HTTP/1.1" 200 85
2017-10-18T04:44:26.380003+00:00 app[web.1]: <class 'str'>
2017-10-18T04:44:26.383721+00:00 app[web.1]: 2017-10-18 04:44:26,383:DEBUG:urllib3.connectionpool:Starting new HTTPS connection (1): graph.facebook.com
2017-10-18T04:44:26.461528+00:00 app[web.1]: 2017-10-18 04:44:26,461:DEBUG:urllib3.connectionpool:https://graph.facebook.com:443 "POST /v2.6/me/messages?access_token=EAACkXOgsTTEBAICIT4YDjDwLJ1GuoJQEG3PGgMcoU0HA7FtRGGgzcYg16MTlIbyLRIQZBZBZBuqU16ZC0FQfL04zF1gvj0HPmZCu4tZARzUwjReBK2RBZAuZALJRLa61DUXLkuX50SEByGEPSLQ0yL9A4sLKnKRvozuVq45LTwQ43AZDZD HTTP/1.1" 400 139
2017-10-18T04:44:26.466866+00:00 app[web.1]: 2017-10-18 04:44:26,466:DEBUG:urllib3.connectionpool:Starting new HTTPS connection (1): graph.facebook.com
2017-10-18T04:44:26.531246+00:00 app[web.1]: 2017-10-18 04:44:26,531:DEBUG:urllib3.connectionpool:https://graph.facebook.com:443 "POST /v2.6/me/messages?access_token=EAACkXOgsTTEBAICIT4YDjDwLJ1GuoJQEG3PGgMcoU0HA7FtRGGgzcYg16MTlIbyLRIQZBZBZBuqU16ZC0FQfL04zF1gvj0HPmZCu4tZARzUwjReBK2RBZAuZALJRLa61DUXLkuX50SEByGEPSLQ0yL9A4sLKnKRvozuVq45LTwQ43AZDZD HTTP/1.1" 400 140
2017-10-18T04:44:26.535271+00:00 app[web.1]: 2017-10-18 04:44:26,535:DEBUG:urllib3.connectionpool:Starting new HTTPS connection (1): graph.facebook.com
2017-10-18T04:44:26.608714+00:00 app[web.1]: 2017-10-18 04:44:26,608:DEBUG:urllib3.connectionpool:https://graph.facebook.com:443 "POST /v2.6/me/messages?access_token=EAACkXOgsTTEBAICIT4YDjDwLJ1GuoJQEG3PGgMcoU0HA7FtRGGgzcYg16MTlIbyLRIQZBZBZBuqU16ZC0FQfL04zF1gvj0HPmZCu4tZARzUwjReBK2RBZAuZALJRLa61DUXLkuX50SEByGEPSLQ0yL9A4sLKnKRvozuVq45LTwQ43AZDZD HTTP/1.1" 400 167
2017-10-18T04:44:26.612852+00:00 heroku[router]: at=info method=POST path="/fbmessenger" host=chat-intuitionfabric.herokuapp.com request_id=c15c4857-7cd9-4dac-b820-a4d1e8ad1e43 fwd="66.220.152.142" dyno=web.1 connect=0ms service=788ms status=200 bytes=193 protocol=https
2017-10-18T04:44:26.887357+00:00 heroku[router]: at=info method=POST path="/fbmessenger" host=chat-intuitionfabric.herokuapp.com request_id=503e2a8e-90b2-45e4-b44e-05e890b28234 fwd="69.63.188.200" dyno=web.1 connect=0ms service=2ms status=200 bytes=193 protocol=https
2017-10-18T04:44:32.333977+00:00 app[web.1]: <class 'str'>
2017-10-18T04:44:32.333991+00:00 app[web.1]: type
2017-10-18T04:44:32.333992+00:00 app[web.1]: <class 'list'>
2017-10-18T04:44:32.333994+00:00 app[web.1]: {'name': 'ask-email', 'parameters': {'given-name.original': 'Ed', 'email.original': 'eduardofvaldez1@gmail.com', 'given-name': 'Ed', 'email': 'eduardofvaldez1@gmail.com'}, 'lifespan': 3}
2017-10-18T04:44:32.334057+00:00 app[web.1]: CVIROPH
2017-10-18T04:44:32.410497+00:00 app[web.1]: 2017-10-18 04:44:32,410:ERROR:flask_appbuilder.security.sqla.manager:Add Register User Error: (psycopg2.IntegrityError) duplicate key value violates unique constraint "ab_register_user_username_key"
2017-10-18T04:44:32.410500+00:00 app[web.1]: DETAIL:  Key (username)=(eduardofvaldez1@gmail.com) already exists.
2017-10-18T04:44:32.410510+00:00 app[web.1]:  [SQL: "INSERT INTO ab_register_user (id, first_name, last_name, username, password, email, registration_date, registration_hash) VALUES (nextval('ab_register_user_id_seq'), %(first_name)s, %(last_name)s, %(username)s, %(password)s, %(email)s, %(registration_date)s, %(registration_hash)s) RETURNING ab_register_user.id"] [parameters: {'first_name': 'Ed', 'last_name': 'Ed', 'username': 'eduardofvaldez1@gmail.com', 'password': 'pbkdf2:sha256:50000$Yc0rIDmM$3868ace79e89c81570d425cdb68a38ef779c58018fd52559689e5dfe858dd639', 'email': 'eduardofvaldez1@gmail.com', 'registration_date': datetime.datetime(2017, 10, 18, 4, 44, 32, 406052), 'registration_hash': '08b0bb70-b3bf-11e7-91dc-cef6ce398fc8'}]
2017-10-18T04:44:32.410882+00:00 app[web.1]: {'name': 'ask-name', 'parameters': {'given-name.original': 'Ed', 'email.original': 'eduardofvaldez1@gmail.com', 'given-name': 'Ed', 'email': 'eduardofvaldez1@gmail.com'}, 'lifespan': 3}
2017-10-18T04:44:32.410948+00:00 app[web.1]: RRWGMQKZY
2017-10-18T04:44:32.510047+00:00 app[web.1]: 2017-10-18 04:44:32,509:ERROR:flask_appbuilder.security.sqla.manager:Add Register User Error: (psycopg2.IntegrityError) duplicate key value violates unique constraint "ab_register_user_username_key"
2017-10-18T04:44:32.510050+00:00 app[web.1]: DETAIL:  Key (username)=(eduardofvaldez1@gmail.com) already exists.
2017-10-18T04:44:32.510052+00:00 app[web.1]:  [SQL: "INSERT INTO ab_register_user (id, first_name, last_name, username, password, email, registration_date, registration_hash) VALUES (nextval('ab_register_user_id_seq'), %(first_name)s, %(last_name)s, %(username)s, %(password)s, %(email)s, %(registration_date)s, %(registration_hash)s) RETURNING ab_register_user.id"] [parameters: {'first_name': 'Ed', 'last_name': 'Ed', 'username': 'eduardofvaldez1@gmail.com', 'password': 'pbkdf2:sha256:50000$kBkWLlni$275c18ee5a3367544e9d6cdd1ac32041aff0651185d54e47175c5b3bd202eff9', 'email': 'eduardofvaldez1@gmail.com', 'registration_date': datetime.datetime(2017, 10, 18, 4, 44, 32, 505458), 'registration_hash': '08c077cc-b3bf-11e7-91dc-cef6ce398fc8'}]
2017-10-18T04:44:32.512662+00:00 app[web.1]: 2017-10-18 04:44:32,512:DEBUG:urllib3.connectionpool:Starting new HTTPS connection (1): graph.facebook.com
2017-10-18T04:44:33.056465+00:00 app[web.1]: 2017-10-18 04:44:33,056:DEBUG:urllib3.connectionpool:https://graph.facebook.com:443 "POST /v2.6/me/messages?access_token=EAACkXOgsTTEBAICIT4YDjDwLJ1GuoJQEG3PGgMcoU0HA7FtRGGgzcYg16MTlIbyLRIQZBZBZBuqU16ZC0FQfL04zF1gvj0HPmZCu4tZARzUwjReBK2RBZAuZALJRLa61DUXLkuX50SEByGEPSLQ0yL9A4sLKnKRvozuVq45LTwQ43AZDZD HTTP/1.1" 200 85
2017-10-18T04:44:33.061642+00:00 app[web.1]: 2017-10-18 04:44:33,061:DEBUG:urllib3.connectionpool:Starting new HTTPS connection (1): graph.facebook.com
2017-10-18T04:44:33.736065+00:00 heroku[router]: at=info method=POST path="/fbmessenger" host=chat-intuitionfabric.herokuapp.com request_id=a7d4da96-41ae-4e4e-8572-7c4d65fb3c24 fwd="69.63.188.196" dyno=web.1 connect=0ms service=2ms status=200 bytes=193 protocol=https
2017-10-18T04:44:33.616994+00:00 heroku[router]: at=info method=POST path="/fbmessenger" host=chat-intuitionfabric.herokuapp.com request_id=d1994289-c12f-49ad-b564-504faced15f4 fwd="173.252.123.139" dyno=web.1 connect=0ms service=1469ms status=200 bytes=193 protocol=https
2017-10-18T04:44:33.610747+00:00 app[web.1]: 2017-10-18 04:44:33,610:DEBUG:urllib3.connectionpool:https://graph.facebook.com:443 "POST /v2.6/me/messages?access_token=EAACkXOgsTTEBAICIT4YDjDwLJ1GuoJQEG3PGgMcoU0HA7FtRGGgzcYg16MTlIbyLRIQZBZBZBuqU16ZC0FQfL04zF1gvj0HPmZCu4tZARzUwjReBK2RBZAuZALJRLa61DUXLkuX50SEByGEPSLQ0yL9A4sLKnKRvozuVq45LTwQ43AZDZD HTTP/1.1" 200 85
2017-10-18T04:44:34.028116+00:00 app[web.1]: <class 'str'>
2017-10-18T04:44:34.030620+00:00 app[web.1]: 2017-10-18 04:44:34,030:DEBUG:urllib3.connectionpool:Starting new HTTPS connection (1): graph.facebook.com
2017-10-18T04:44:34.095918+00:00 app[web.1]: 2017-10-18 04:44:34,095:DEBUG:urllib3.connectionpool:https://graph.facebook.com:443 "POST /v2.6/me/messages?access_token=EAACkXOgsTTEBAICIT4YDjDwLJ1GuoJQEG3PGgMcoU0HA7FtRGGgzcYg16MTlIbyLRIQZBZBZBuqU16ZC0FQfL04zF1gvj0HPmZCu4tZARzUwjReBK2RBZAuZALJRLa61DUXLkuX50SEByGEPSLQ0yL9A4sLKnKRvozuVq45LTwQ43AZDZD HTTP/1.1" 400 139
2017-10-18T04:44:34.101935+00:00 app[web.1]: 2017-10-18 04:44:34,101:DEBUG:urllib3.connectionpool:Starting new HTTPS connection (1): graph.facebook.com
2017-10-18T04:44:34.167666+00:00 app[web.1]: 2017-10-18 04:44:34,167:DEBUG:urllib3.connectionpool:https://graph.facebook.com:443 "POST /v2.6/me/messages?access_token=EAACkXOgsTTEBAICIT4YDjDwLJ1GuoJQEG3PGgMcoU0HA7FtRGGgzcYg16MTlIbyLRIQZBZBZBuqU16ZC0FQfL04zF1gvj0HPmZCu4tZARzUwjReBK2RBZAuZALJRLa61DUXLkuX50SEByGEPSLQ0yL9A4sLKnKRvozuVq45LTwQ43AZDZD HTTP/1.1" 400 166
2017-10-18T04:44:34.171236+00:00 heroku[router]: at=info method=POST path="/fbmessenger" host=chat-intuitionfabric.herokuapp.com request_id=9112245c-2a9f-49d8-b8e6-30a590e4abac fwd="173.252.123.143" dyno=web.1 connect=0ms service=450ms status=200 bytes=193 protocol=https
2017-10-18T04:44:34.500283+00:00 heroku[router]: at=info method=POST path="/fbmessenger" host=chat-intuitionfabric.herokuapp.com request_id=64429683-ce64-43e7-bb51-c42e5570a9e1 fwd="69.63.188.222" dyno=web.1 connect=1ms service=242ms status=200 bytes=193 protocol=https
2017-10-18T04:44:34.423008+00:00 app[web.1]: <class 'str'>
2017-10-18T04:44:34.425470+00:00 app[web.1]: 2017-10-18 04:44:34,425:DEBUG:urllib3.connectionpool:Starting new HTTPS connection (1): graph.facebook.com
2017-10-18T04:44:34.494735+00:00 app[web.1]: 2017-10-18 04:44:34,494:DEBUG:urllib3.connectionpool:https://graph.facebook.com:443 "POST /v2.6/me/messages?access_token=EAACkXOgsTTEBAICIT4YDjDwLJ1GuoJQEG3PGgMcoU0HA7FtRGGgzcYg16MTlIbyLRIQZBZBZBuqU16ZC0FQfL04zF1gvj0HPmZCu4tZARzUwjReBK2RBZAuZALJRLa61DUXLkuX50SEByGEPSLQ0yL9A4sLKnKRvozuVq45LTwQ43AZDZD HTTP/1.1" 400 139
2017-10-18T04:44:35.615539+00:00 heroku[router]: at=info method=POST path="/fbmessenger" host=chat-intuitionfabric.herokuapp.com request_id=4fcef073-c57f-441d-8f7b-245118d25058 fwd="69.63.188.220" dyno=web.1 connect=0ms service=2ms status=200 bytes=193 protocol=https
2017-10-18T05:22:31.604671+00:00 heroku[web.1]: Idling
2017-10-18T05:22:31.605275+00:00 heroku[web.1]: State changed from up to down
2017-10-18T05:22:32.235464+00:00 heroku[web.1]: Stopping all processes with SIGTERM
2017-10-18T05:22:32.260237+00:00 app[web.1]: [2017-10-18 05:22:32 +0000] [4] [INFO] Handling signal: term
2017-10-18T05:22:32.260338+00:00 app[web.1]: [2017-10-18 05:22:32 +0000] [8] [INFO] Worker exiting (pid: 8)
2017-10-18T05:22:32.260515+00:00 app[web.1]: [2017-10-18 05:22:32 +0000] [10] [INFO] Worker exiting (pid: 10)
2017-10-18T05:22:32.366436+00:00 app[web.1]: [2017-10-18 05:22:32 +0000] [4] [INFO] Shutting down: Master
2017-10-18T05:22:32.526146+00:00 heroku[web.1]: Process exited with status 0
2017-10-18T09:36:56.946788+00:00 heroku[web.1]: Unidling
2017-10-18T09:36:56.947073+00:00 heroku[web.1]: State changed from down to starting
2017-10-18T09:37:01.686987+00:00 heroku[web.1]: Starting process with command `gunicorn run:app --reload`
2017-10-18T09:37:04.261453+00:00 app[web.1]: [2017-10-18 09:37:04 +0000] [4] [INFO] Starting gunicorn 19.7.1
2017-10-18T09:37:04.262007+00:00 app[web.1]: [2017-10-18 09:37:04 +0000] [4] [INFO] Listening at: http://0.0.0.0:54002 (4)
2017-10-18T09:37:04.262123+00:00 app[web.1]: [2017-10-18 09:37:04 +0000] [4] [INFO] Using worker: sync
2017-10-18T09:37:04.265786+00:00 app[web.1]: [2017-10-18 09:37:04 +0000] [8] [INFO] Booting worker with pid: 8
2017-10-18T09:37:04.321225+00:00 app[web.1]: [2017-10-18 09:37:04 +0000] [10] [INFO] Booting worker with pid: 10
2017-10-18T09:37:05.512227+00:00 heroku[web.1]: State changed from starting to up
2017-10-18T09:37:07.062619+00:00 app[web.1]: 70290e7963e543d392a19b33c4e8a90f
2017-10-18T09:37:07.064333+00:00 app[web.1]: 70290e7963e543d392a19b33c4e8a90f
2017-10-18T09:37:07.064370+00:00 app[web.1]: /app/.heroku/python/lib/python3.6/site-packages/flask_sqlalchemy/__init__.py:800: UserWarning: SQLALCHEMY_TRACK_MODIFICATIONS adds significant overhead and will be disabled by default in the future.  Set it to True to suppress this warning.
2017-10-18T09:37:07.064371+00:00 app[web.1]:   warnings.warn('SQLALCHEMY_TRACK_MODIFICATIONS adds significant overhead and will be disabled by default in the future.  Set it to True to suppress this warning.')
2017-10-18T09:37:07.065518+00:00 app[web.1]: /app/.heroku/python/lib/python3.6/site-packages/flask_sqlalchemy/__init__.py:800: UserWarning: SQLALCHEMY_TRACK_MODIFICATIONS adds significant overhead and will be disabled by default in the future.  Set it to True to suppress this warning.
2017-10-18T09:37:07.065520+00:00 app[web.1]:   warnings.warn('SQLALCHEMY_TRACK_MODIFICATIONS adds significant overhead and will be disabled by default in the future.  Set it to True to suppress this warning.')
2017-10-18T09:37:07.229799+00:00 app[web.1]: 2017-10-18 09:37:07,229:INFO:flask_appbuilder.base:Registering class MyIndexView on menu 
2017-10-18T09:37:07.235517+00:00 app[web.1]: 2017-10-18 09:37:07,235:INFO:flask_appbuilder.base:Registering class UtilView on menu 
2017-10-18T09:37:07.238570+00:00 app[web.1]: 2017-10-18 09:37:07,238:INFO:flask_appbuilder.base:Registering class MyIndexView on menu 
2017-10-18T09:37:07.239803+00:00 app[web.1]: 2017-10-18 09:37:07,239:INFO:flask_appbuilder.base:Registering class LocaleView on menu 
2017-10-18T09:37:07.246009+00:00 app[web.1]: 2017-10-18 09:37:07,245:INFO:flask_appbuilder.base:Registering class UtilView on menu 
2017-10-18T09:37:07.250779+00:00 app[web.1]: 2017-10-18 09:37:07,250:INFO:flask_appbuilder.base:Registering class RegisterUserDBView on menu 
2017-10-18T09:37:07.252228+00:00 app[web.1]: 2017-10-18 09:37:07,252:INFO:flask_appbuilder.base:Registering class LocaleView on menu 
2017-10-18T09:37:07.256714+00:00 app[web.1]: 2017-10-18 09:37:07,256:INFO:flask_appbuilder.base:Registering class ResetPasswordView on menu 
2017-10-18T09:37:07.257481+00:00 app[web.1]: 2017-10-18 09:37:07,257:INFO:flask_appbuilder.base:Registering class RegisterUserDBView on menu 
2017-10-18T09:37:07.262890+00:00 app[web.1]: 2017-10-18 09:37:07,262:INFO:flask_appbuilder.base:Registering class ResetPasswordView on menu 
2017-10-18T09:37:07.272812+00:00 app[web.1]: 2017-10-18 09:37:07,272:INFO:flask_appbuilder.base:Registering class ResetMyPasswordView on menu 
2017-10-18T09:37:07.276253+00:00 app[web.1]: 2017-10-18 09:37:07,276:INFO:flask_appbuilder.base:Registering class ResetMyPasswordView on menu 
2017-10-18T09:37:07.285012+00:00 app[web.1]: 2017-10-18 09:37:07,284:INFO:flask_appbuilder.base:Registering class MyUserInfoEditView on menu 
2017-10-18T09:37:07.287579+00:00 app[web.1]: 2017-10-18 09:37:07,287:INFO:flask_appbuilder.base:Registering class MyUserInfoEditView on menu 
2017-10-18T09:37:07.302525+00:00 app[web.1]: 2017-10-18 09:37:07,302:INFO:flask_appbuilder.base:Registering class MyAuthDBView on menu 
2017-10-18T09:37:07.302532+00:00 app[web.1]: 2017-10-18 09:37:07,302:INFO:flask_appbuilder.base:Registering class MyAuthDBView on menu 
2017-10-18T09:37:07.316062+00:00 app[web.1]: 2017-10-18 09:37:07,315:INFO:flask_appbuilder.base:Registering class MyUserDBModelView on menu List Users
2017-10-18T09:37:07.321425+00:00 app[web.1]: 2017-10-18 09:37:07,321:INFO:flask_appbuilder.base:Registering class MyUserDBModelView on menu List Users
2017-10-18T09:37:07.371655+00:00 app[web.1]: 2017-10-18 09:37:07,371:INFO:flask_appbuilder.base:Registering class RoleModelView on menu List Roles
2017-10-18T09:37:07.401550+00:00 app[web.1]: 2017-10-18 09:37:07,401:INFO:flask_appbuilder.base:Registering class RoleModelView on menu List Roles
2017-10-18T09:37:07.424161+00:00 app[web.1]: 2017-10-18 09:37:07,423:INFO:flask_appbuilder.base:Registering class MyUserStatsChartView on menu User's Statistics
2017-10-18T09:37:07.435811+00:00 app[web.1]: 2017-10-18 09:37:07,434:ERROR:flask_appbuilder.base:'NoneType' object has no attribute 'name'
2017-10-18T09:37:07.435814+00:00 app[web.1]: Traceback (most recent call last):
2017-10-18T09:37:07.435815+00:00 app[web.1]:   File "/app/.heroku/python/lib/python3.6/site-packages/flask_appbuilder/base.py", line 462, in _add_permission
2017-10-18T09:37:07.435816+00:00 app[web.1]:     self.sm.add_permissions_view(baseview.base_permissions, baseview.__class__.__name__)
2017-10-18T09:37:07.435820+00:00 app[web.1]:   File "/app/.heroku/python/lib/python3.6/site-packages/flask_appbuilder/security/manager.py", line 804, in add_permissions_view
2017-10-18T09:37:07.435822+00:00 app[web.1]:     if perm_view.permission.name not in base_permissions:
2017-10-18T09:37:07.435822+00:00 app[web.1]: AttributeError: 'NoneType' object has no attribute 'name'
2017-10-18T09:37:07.457877+00:00 app[web.1]: 2017-10-18 09:37:07,457:INFO:flask_appbuilder.base:Registering class RegisterUserModelView on menu User's Statistics
2017-10-18T09:37:07.435925+00:00 app[web.1]: 2017-10-18 09:37:07,435:ERROR:flask_appbuilder.base:Add Permission on View Error: 'NoneType' object has no attribute 'name'
2017-10-18T09:37:07.463222+00:00 app[web.1]: 2017-10-18 09:37:07,463:INFO:flask_appbuilder.base:Registering class MyUserStatsChartView on menu User's Statistics
2017-10-18T09:37:07.474589+00:00 app[web.1]: 2017-10-18 09:37:07,473:ERROR:flask_appbuilder.base:'NoneType' object has no attribute 'name'
2017-10-18T09:37:07.474592+00:00 app[web.1]:   File "/app/.heroku/python/lib/python3.6/site-packages/flask_appbuilder/base.py", line 462, in _add_permission
2017-10-18T09:37:07.474591+00:00 app[web.1]: Traceback (most recent call last):
2017-10-18T09:37:07.474593+00:00 app[web.1]:     self.sm.add_permissions_view(baseview.base_permissions, baseview.__class__.__name__)
2017-10-18T09:37:07.474593+00:00 app[web.1]:   File "/app/.heroku/python/lib/python3.6/site-packages/flask_appbuilder/security/manager.py", line 804, in add_permissions_view
2017-10-18T09:37:07.474606+00:00 app[web.1]:     if perm_view.permission.name not in base_permissions:
2017-10-18T09:37:07.474610+00:00 app[web.1]: AttributeError: 'NoneType' object has no attribute 'name'
2017-10-18T09:37:07.474766+00:00 app[web.1]: 2017-10-18 09:37:07,474:ERROR:flask_appbuilder.base:Add Permission on View Error: 'NoneType' object has no attribute 'name'
2017-10-18T09:37:07.498893+00:00 app[web.1]: 2017-10-18 09:37:07,498:INFO:flask_appbuilder.base:Registering class RegisterUserModelView on menu User's Statistics
2017-10-18T09:37:07.501831+00:00 app[web.1]: 2017-10-18 09:37:07,501:INFO:flask_appbuilder.base:Registering class PermissionModelView on menu Base Permissions
2017-10-18T09:37:07.535986+00:00 app[web.1]: 2017-10-18 09:37:07,535:INFO:flask_appbuilder.base:Registering class ViewMenuModelView on menu Views/Menus
2017-10-18T09:37:07.551333+00:00 app[web.1]: 2017-10-18 09:37:07,551:INFO:flask_appbuilder.base:Registering class PermissionModelView on menu Base Permissions
2017-10-18T09:37:07.607975+00:00 app[web.1]: 2017-10-18 09:37:07,607:INFO:flask_appbuilder.base:Registering class PermissionViewModelView on menu Permission on Views/Menus
2017-10-18T09:37:07.591687+00:00 app[web.1]: 2017-10-18 09:37:07,591:INFO:flask_appbuilder.base:Registering class ViewMenuModelView on menu Views/Menus
2017-10-18T09:37:07.654568+00:00 app[web.1]: 2017-10-18 09:37:07,654:INFO:flask_appbuilder.base:Registering class PermissionViewModelView on menu Permission on Views/Menus
2017-10-18T09:37:07.748076+00:00 app[web.1]: 2017-10-18 09:37:07,747:INFO:flask_appbuilder.base:Registering class CountryStatsModelView on menu List Countries
2017-10-18T09:37:07.794168+00:00 app[web.1]: 2017-10-18 09:37:07,793:INFO:flask_appbuilder.base:Registering class CountryStatsDirectChart on menu Show Country Chart
2017-10-18T09:37:07.823661+00:00 app[web.1]: 2017-10-18 09:37:07,823:INFO:flask_appbuilder.base:Registering class CountryStatsDirectChart on menu Show Country Chart
2017-10-18T09:37:07.778377+00:00 app[web.1]: 2017-10-18 09:37:07,778:INFO:flask_appbuilder.base:Registering class CountryStatsModelView on menu List Countries
2017-10-18T09:37:07.851631+00:00 app[web.1]: HEY
2017-10-18T09:37:07.851640+00:00 app[web.1]: 
2017-10-18T09:37:07.851641+00:00 app[web.1]: 
2017-10-18T09:37:07.851641+00:00 app[web.1]: 
2017-10-18T09:37:07.999896+00:00 heroku[router]: at=info method=GET path="/" host=chat-intuitionfabric.herokuapp.com request_id=fe757d50-caaa-4720-8747-48c9122122ee fwd="108.31.8.74" dyno=web.1 connect=0ms service=1989ms status=200 bytes=8165 protocol=https
2017-10-18T09:37:08.213476+00:00 heroku[router]: at=info method=GET path="/static/appbuilder/css/bootstrap.min.css" host=chat-intuitionfabric.herokuapp.com request_id=e46fd3ae-91d7-447e-b01d-5229ba69e5ef fwd="108.31.8.74" dyno=web.1 connect=0ms service=12ms status=200 bytes=121581 protocol=https
2017-10-18T09:37:08.374792+00:00 heroku[router]: at=info method=GET path="/static/appbuilder/css/font-awesome.min.css" host=chat-intuitionfabric.herokuapp.com request_id=40c1d8c9-b339-488e-b2b5-52c8ee090e5a fwd="108.31.8.74" dyno=web.1 connect=1ms service=11ms status=200 bytes=31379 protocol=https
2017-10-18T09:37:08.467599+00:00 heroku[router]: at=info method=GET path="/static/appbuilder/js/ab_filters.js" host=chat-intuitionfabric.herokuapp.com request_id=3c2d96d8-015d-4823-8b12-890e4993dc83 fwd="108.31.8.74" dyno=web.1 connect=0ms service=12ms status=200 bytes=4946 protocol=https
2017-10-18T09:37:08.417023+00:00 heroku[router]: at=info method=GET path="/static/appbuilder/datepicker/bootstrap-datepicker.css" host=chat-intuitionfabric.herokuapp.com request_id=d1248be8-3b2d-44b9-87d2-3a16ab234191 fwd="108.31.8.74" dyno=web.1 connect=0ms service=48ms status=200 bytes=3969 protocol=https
2017-10-18T09:37:08.424380+00:00 heroku[router]: at=info method=GET path="/static/appbuilder/select2/select2.css" host=chat-intuitionfabric.herokuapp.com request_id=0e363974-62f0-46e3-a755-ca665006830f fwd="108.31.8.74" dyno=web.1 connect=1ms service=53ms status=200 bytes=36843 protocol=https
2017-10-18T09:37:08.456756+00:00 heroku[router]: at=info method=GET path="/static/appbuilder/css/flags/flags16.css" host=chat-intuitionfabric.herokuapp.com request_id=2269510a-7a23-4419-8df2-9c1313bd223c fwd="108.31.8.74" dyno=web.1 connect=0ms service=82ms status=200 bytes=10653 protocol=https
2017-10-18T09:37:08.467910+00:00 heroku[router]: at=info method=GET path="/static/appbuilder/js/jquery-latest.js" host=chat-intuitionfabric.herokuapp.com request_id=980eaa45-a256-4848-a541-b7f7275044cc fwd="108.31.8.74" dyno=web.1 connect=0ms service=19ms status=200 bytes=93485 protocol=https
2017-10-18T09:37:08.478280+00:00 heroku[router]: at=info method=GET path="/static/appbuilder/js/ab_actions.js" host=chat-intuitionfabric.herokuapp.com request_id=033947a3-5a2c-46e4-aef6-cbda9ed66a74 fwd="108.31.8.74" dyno=web.1 connect=0ms service=4ms status=200 bytes=3753 protocol=https
2017-10-18T09:37:08.444554+00:00 heroku[router]: at=info method=GET path="/static/appbuilder/css/themes/readable.css" host=chat-intuitionfabric.herokuapp.com request_id=9ccb1c4d-43ad-4fef-8911-78be47298a53 fwd="108.31.8.74" dyno=web.1 connect=0ms service=79ms status=200 bytes=124918 protocol=https
2017-10-18T09:37:08.454487+00:00 heroku[router]: at=info method=GET path="/static/appbuilder/css/ab.css" host=chat-intuitionfabric.herokuapp.com request_id=1da16c0a-8bb3-40ab-9756-820385018c98 fwd="108.31.8.74" dyno=web.1 connect=0ms service=34ms status=200 bytes=962 protocol=https
2017-10-18T09:37:08.684038+00:00 heroku[router]: at=info method=GET path="/static/appbuilder/select2/select2.js" host=chat-intuitionfabric.herokuapp.com request_id=b91646fb-0c59-46c5-8875-0bf1d689577c fwd="108.31.8.74" dyno=web.1 connect=0ms service=10ms status=200 bytes=148916 protocol=https
2017-10-18T09:37:08.702087+00:00 heroku[router]: at=info method=GET path="/static/appbuilder/js/ab.js" host=chat-intuitionfabric.herokuapp.com request_id=618fd59c-90de-4cfa-9c39-873393d58315 fwd="108.31.8.74" dyno=web.1 connect=1ms service=17ms status=200 bytes=3542 protocol=https
2017-10-18T09:37:08.584817+00:00 heroku[router]: at=info method=GET path="/static/appbuilder/js/bootstrap.min.js" host=chat-intuitionfabric.herokuapp.com request_id=d5085aad-cc32-471d-b0d3-13afacc190ae fwd="108.31.8.74" dyno=web.1 connect=0ms service=10ms status=200 bytes=37423 protocol=https
2017-10-18T09:37:08.642048+00:00 heroku[router]: at=info method=GET path="/static/appbuilder/datepicker/bootstrap-datepicker.js" host=chat-intuitionfabric.herokuapp.com request_id=67bdf34b-cc57-4de0-b7ba-8ec8f80b9240 fwd="108.31.8.74" dyno=web.1 connect=0ms service=8ms status=200 bytes=27044 protocol=https
2017-10-18T09:37:08.701891+00:00 heroku[router]: at=info method=GET path="/static/img/intuitionmachine.png" host=chat-intuitionfabric.herokuapp.com request_id=c54bae9a-2615-471a-947b-04d10de623d1 fwd="108.31.8.74" dyno=web.1 connect=0ms service=14ms status=200 bytes=4984 protocol=https
2017-10-18T09:37:08.811487+00:00 heroku[router]: at=info method=GET path="/static/appbuilder/fonts/fontawesome-webfont.woff2?v=4.7.0" host=chat-intuitionfabric.herokuapp.com request_id=7bd0742e-4e0e-4588-86cc-8622a41ed6d1 fwd="108.31.8.74" dyno=web.1 connect=0ms service=19ms status=200 bytes=77595 protocol=https
2017-10-18T09:37:08.807051+00:00 heroku[router]: at=info method=GET path="/static/appbuilder/img/flags/flags16.png" host=chat-intuitionfabric.herokuapp.com request_id=2d3eb7d3-1431-42dd-a91e-629a2d2f31dc fwd="108.31.8.74" dyno=web.1 connect=0ms service=16ms status=200 bytes=63649 protocol=https
2017-10-18T09:37:08.994172+00:00 heroku[router]: at=info method=GET path="/favicon.ico" host=chat-intuitionfabric.herokuapp.com request_id=550fcfe2-eef8-4088-9b76-1ab07486f287 fwd="108.31.8.74" dyno=web.1 connect=0ms service=36ms status=404 bytes=6215 protocol=https
2017-10-18T09:37:26.077468+00:00 heroku[router]: at=info method=GET path="/static/js/chat.js" host=chat-intuitionfabric.herokuapp.com request_id=f0b02c7f-c030-4e99-aee2-187ba44fe616 fwd="108.31.8.74" dyno=web.1 connect=0ms service=3ms status=200 bytes=1691 protocol=https
2017-10-18T09:37:26.075619+00:00 heroku[router]: at=info method=GET path="/static/css/chat.css" host=chat-intuitionfabric.herokuapp.com request_id=0843e854-f790-49c7-8029-5da6c913e726 fwd="108.31.8.74" dyno=web.1 connect=1ms service=3ms status=200 bytes=1813 protocol=https
2017-10-18T09:37:26.029002+00:00 heroku[router]: at=info method=GET path="/login/" host=chat-intuitionfabric.herokuapp.com request_id=f864e0a9-8a44-4077-8bba-6b6cadff2961 fwd="108.31.8.74" dyno=web.1 connect=0ms service=140ms status=200 bytes=8726 protocol=https
2017-10-18T09:37:26.124143+00:00 heroku[router]: at=info method=GET path="/login/static/img/intuitionmachine.png" host=chat-intuitionfabric.herokuapp.com request_id=e96558db-2953-4b72-9d0e-2863ff85ff20 fwd="108.31.8.74" dyno=web.1 connect=0ms service=22ms status=404 bytes=6215 protocol=https
2017-10-18T09:37:32.558708+00:00 heroku[router]: at=info method=GET path="/login/static/img/intuitionmachine.png" host=chat-intuitionfabric.herokuapp.com request_id=fa10bb5f-7a1d-4f58-9ddc-d740b3161faf fwd="108.31.8.74" dyno=web.1 connect=0ms service=17ms status=404 bytes=6215 protocol=https
2017-10-18T09:37:32.475501+00:00 heroku[router]: at=info method=GET path="/login/" host=chat-intuitionfabric.herokuapp.com request_id=aaa6790b-1e91-4606-aa4a-e8e9bc4dd19f fwd="108.31.8.74" dyno=web.1 connect=3ms service=18ms status=200 bytes=8514 protocol=https
2017-10-18T09:37:39.508924+00:00 heroku[router]: at=info method=GET path="/l" host=chat-intuitionfabric.herokuapp.com request_id=e6680ddb-d0be-4916-b7e1-492004d9dd81 fwd="108.31.8.74" dyno=web.1 connect=0ms service=17ms status=404 bytes=6215 protocol=https
2017-10-18T09:37:44.304757+00:00 app[web.1]: HEY
2017-10-18T09:37:44.304774+00:00 app[web.1]: 
2017-10-18T09:37:44.304775+00:00 app[web.1]: 
2017-10-18T09:37:44.304780+00:00 app[web.1]: 
2017-10-18T09:37:44.335716+00:00 heroku[router]: at=info method=GET path="/" host=chat-intuitionfabric.herokuapp.com request_id=b61e1bc5-7859-48e8-b560-80b2473a8c43 fwd="108.31.8.74" dyno=web.1 connect=0ms service=33ms status=200 bytes=8015 protocol=https
2017-10-18T09:37:47.899378+00:00 heroku[router]: at=info method=GET path="/login/" host=chat-intuitionfabric.herokuapp.com request_id=2c43ef62-ad09-4fe6-8879-966ee39229fe fwd="108.31.8.74" dyno=web.1 connect=0ms service=79ms status=200 bytes=8514 protocol=https
2017-10-18T09:37:48.012160+00:00 heroku[router]: at=info method=GET path="/login/static/img/intuitionmachine.png" host=chat-intuitionfabric.herokuapp.com request_id=632ad4d7-8db2-40f0-8be1-e87deeef8812 fwd="108.31.8.74" dyno=web.1 connect=0ms service=30ms status=404 bytes=6215 protocol=https
2017-10-18T09:37:50.624860+00:00 heroku[router]: at=info method=GET path="/querychatbot/hi" host=chat-intuitionfabric.herokuapp.com request_id=50d0318f-068c-41f9-b5a4-ca9addcc254d fwd="108.31.8.74" dyno=web.1 connect=0ms service=310ms status=200 bytes=217 protocol=https
2017-10-18T09:37:50.623275+00:00 app[web.1]: <class 'str'>
2017-10-18T09:37:56.991106+00:00 heroku[router]: at=info method=GET path="/querychatbot/Hello" host=chat-intuitionfabric.herokuapp.com request_id=a5e10dbd-7a47-4a17-a1f0-db5ac1f0c45d fwd="108.31.8.74" dyno=web.1 connect=4ms service=205ms status=200 bytes=220 protocol=https
2017-10-18T09:37:56.989470+00:00 app[web.1]: <class 'str'>
2017-10-18T09:38:12.039851+00:00 heroku[router]: at=info method=GET path="/querychatbot/Carlos" host=chat-intuitionfabric.herokuapp.com request_id=41afb799-37bc-450a-9205-fab48f4f286e fwd="108.31.8.74" dyno=web.1 connect=0ms service=136ms status=200 bytes=213 protocol=https
2017-10-18T09:38:12.038412+00:00 app[web.1]: <class 'str'>
2017-10-18T09:38:22.963676+00:00 heroku[router]: at=info method=GET path="/querychatbot/Carlos" host=chat-intuitionfabric.herokuapp.com request_id=bce104e2-0d48-4a96-8776-542916cdc002 fwd="108.31.8.74" dyno=web.1 connect=0ms service=171ms status=200 bytes=233 protocol=https
2017-10-18T09:38:22.962537+00:00 app[web.1]: <class 'str'>
2017-10-18T09:39:21.135808+00:00 heroku[router]: at=info method=GET path="/register/form" host=chat-intuitionfabric.herokuapp.com request_id=73afb535-4714-47fa-90e6-c55c1c2df938 fwd="108.31.8.74" dyno=web.1 connect=0ms service=187ms status=200 bytes=12467 protocol=https
2017-10-18T09:39:21.214140+00:00 heroku[router]: at=info method=GET path="/static/appbuilder/js/ab_keep_tab.js" host=chat-intuitionfabric.herokuapp.com request_id=02048f88-fa89-49fe-9e68-f2ca7a7be24a fwd="108.31.8.74" dyno=web.1 connect=0ms service=3ms status=200 bytes=1898 protocol=https
2017-10-18T09:39:21.253816+00:00 heroku[router]: at=info method=GET path="/register/static/img/intuitionmachine.png" host=chat-intuitionfabric.herokuapp.com request_id=80603b0e-a3b4-4078-a19f-4fc5ef893090 fwd="108.31.8.74" dyno=web.1 connect=0ms service=18ms status=404 bytes=6215 protocol=https
2017-10-18T09:39:40.625469+00:00 heroku[router]: at=info method=POST path="/register/form" host=chat-intuitionfabric.herokuapp.com request_id=206c978a-48ff-4a09-a2ab-50fd1b8b345b fwd="108.31.8.74" dyno=web.1 connect=0ms service=181ms status=302 bytes=809 protocol=https
2017-10-18T09:39:40.677473+00:00 heroku[router]: at=info method=GET path="/" host=chat-intuitionfabric.herokuapp.com request_id=4db6487e-cd06-4fe3-8e4d-6ce525202bfd fwd="108.31.8.74" dyno=web.1 connect=0ms service=27ms status=200 bytes=8492 protocol=https
2017-10-18T09:39:40.651143+00:00 app[web.1]: HEY
2017-10-18T09:39:40.651156+00:00 app[web.1]: 
2017-10-18T09:39:40.651156+00:00 app[web.1]: 
2017-10-18T09:39:40.651162+00:00 app[web.1]: 
2017-10-18T09:39:49.084716+00:00 heroku[router]: at=info method=GET path="/login/" host=chat-intuitionfabric.herokuapp.com request_id=9186672f-f3df-4dd5-b07f-a515df4024f6 fwd="108.31.8.74" dyno=web.1 connect=0ms service=28ms status=200 bytes=8514 protocol=https
2017-10-18T09:39:49.180295+00:00 heroku[router]: at=info method=GET path="/login/static/img/intuitionmachine.png" host=chat-intuitionfabric.herokuapp.com request_id=3c34304c-edc3-489a-a40f-3b34c4082d58 fwd="108.31.8.74" dyno=web.1 connect=0ms service=40ms status=404 bytes=6215 protocol=https
2017-10-18T09:39:57.347400+00:00 heroku[router]: at=info method=POST path="/login/" host=chat-intuitionfabric.herokuapp.com request_id=f1c96367-63aa-46b6-92b6-7f71223e3792 fwd="108.31.8.74" dyno=web.1 connect=0ms service=17ms status=302 bytes=832 protocol=https
2017-10-18T09:39:57.472386+00:00 heroku[router]: at=info method=GET path="/login/static/img/intuitionmachine.png" host=chat-intuitionfabric.herokuapp.com request_id=19844d73-cc06-4bf7-be20-74e383fb6888 fwd="108.31.8.74" dyno=web.1 connect=0ms service=19ms status=404 bytes=6215 protocol=https
2017-10-18T09:39:57.395177+00:00 heroku[router]: at=info method=GET path="/login/" host=chat-intuitionfabric.herokuapp.com request_id=12afef2d-c9fb-4a41-83c4-b63b40534d2a fwd="108.31.8.74" dyno=web.1 connect=0ms service=20ms status=200 bytes=8995 protocol=https
2017-10-18T09:39:57.343711+00:00 app[web.1]: 2017-10-18 09:39:57,343:INFO:flask_appbuilder.security.manager:Login Failed for user: ceperez@intuitionmachine.com
2017-10-18T09:40:52.200258+00:00 app[web.1]: HEY
2017-10-18T09:40:52.200274+00:00 app[web.1]: 
2017-10-18T09:40:52.200275+00:00 app[web.1]: 
2017-10-18T09:40:52.200276+00:00 app[web.1]: 
2017-10-18T09:40:52.225846+00:00 heroku[router]: at=info method=GET path="/" host=chat-intuitionfabric.herokuapp.com request_id=b93515df-6a22-4469-a609-e344de013e2e fwd="108.31.8.74" dyno=web.1 connect=0ms service=27ms status=200 bytes=8015 protocol=https
2017-10-18T09:40:54.905846+00:00 heroku[router]: at=info method=GET path="/login/" host=chat-intuitionfabric.herokuapp.com request_id=7cac06a8-7f98-4efa-8f15-21beed65fa72 fwd="108.31.8.74" dyno=web.1 connect=0ms service=24ms status=200 bytes=8514 protocol=https
2017-10-18T09:40:54.985537+00:00 heroku[router]: at=info method=GET path="/login/static/img/intuitionmachine.png" host=chat-intuitionfabric.herokuapp.com request_id=21aad657-1125-4fc8-a8c6-31e0afac7946 fwd="108.31.8.74" dyno=web.1 connect=0ms service=19ms status=404 bytes=6215 protocol=https
2017-10-18T09:41:33.813040+00:00 heroku[router]: at=info method=GET path="/login/" host=chat-intuitionfabric.herokuapp.com request_id=01c0ea44-c31e-4764-a6e0-161625c8d71c fwd="108.31.8.74" dyno=web.1 connect=1ms service=64ms status=200 bytes=8514 protocol=https
2017-10-18T09:41:33.908555+00:00 heroku[router]: at=info method=GET path="/login/static/img/intuitionmachine.png" host=chat-intuitionfabric.herokuapp.com request_id=97570b7e-557f-4fba-a39d-edcab8968d43 fwd="108.31.8.74" dyno=web.1 connect=0ms service=32ms status=404 bytes=6215 protocol=https
2017-10-18T09:41:38.048608+00:00 heroku[router]: at=info method=GET path="/querychatbot/hi" host=chat-intuitionfabric.herokuapp.com request_id=bc6c3387-1fff-4a6d-a77a-158ce38b45fa fwd="108.31.8.74" dyno=web.1 connect=3ms service=302ms status=200 bytes=217 protocol=https
2017-10-18T09:41:38.046803+00:00 app[web.1]: <class 'str'>
2017-10-18T09:41:44.036856+00:00 heroku[router]: at=info method=GET path="/querychatbot/hello" host=chat-intuitionfabric.herokuapp.com request_id=dd62c33a-8bf0-44c8-ba50-ff78ee0c43cd fwd="108.31.8.74" dyno=web.1 connect=0ms service=120ms status=200 bytes=220 protocol=https
2017-10-18T09:41:44.035639+00:00 app[web.1]: <class 'str'>
2017-10-18T09:41:50.053282+00:00 heroku[router]: at=info method=GET path="/querychatbot/carlos" host=chat-intuitionfabric.herokuapp.com request_id=2e61128f-7047-4299-8eb2-0847c4942e5a fwd="108.31.8.74" dyno=web.1 connect=0ms service=83ms status=200 bytes=237 protocol=https
2017-10-18T09:41:50.051670+00:00 app[web.1]: <class 'str'>
2017-10-18T09:42:35.764256+00:00 heroku[router]: at=info method=GET path="/" host=chat-intuitionfabric.herokuapp.com request_id=677852ae-c2f3-4461-b035-782793660f5e fwd="112.209.161.248" dyno=web.1 connect=2ms service=34ms status=200 bytes=8165 protocol=https
2017-10-18T09:42:35.731842+00:00 app[web.1]: HEY
2017-10-18T09:42:35.731852+00:00 app[web.1]: 
2017-10-18T09:42:35.731852+00:00 app[web.1]: 
2017-10-18T09:42:35.731857+00:00 app[web.1]: 
2017-10-18T09:42:36.096729+00:00 heroku[router]: at=info method=GET path="/static/appbuilder/css/font-awesome.min.css" host=chat-intuitionfabric.herokuapp.com request_id=1a7b5423-4caa-463d-9dab-6261405cd8cc fwd="112.209.161.248" dyno=web.1 connect=1ms service=12ms status=200 bytes=31379 protocol=https
2017-10-18T09:42:36.118311+00:00 heroku[router]: at=info method=GET path="/static/appbuilder/select2/select2.css" host=chat-intuitionfabric.herokuapp.com request_id=6303e9ca-a9c8-48bf-8435-f9191f78f153 fwd="112.209.161.248" dyno=web.1 connect=1ms service=5ms status=200 bytes=36843 protocol=https
2017-10-18T09:42:36.108974+00:00 heroku[router]: at=info method=GET path="/static/appbuilder/css/themes/readable.css" host=chat-intuitionfabric.herokuapp.com request_id=53523db9-2be3-4236-b809-d3c782b9972d fwd="112.209.161.248" dyno=web.1 connect=1ms service=17ms status=200 bytes=124918 protocol=https
2017-10-18T09:42:36.120115+00:00 heroku[router]: at=info method=GET path="/static/appbuilder/css/flags/flags16.css" host=chat-intuitionfabric.herokuapp.com request_id=4befe6ea-f994-4323-91db-770d25ba1d69 fwd="112.209.161.248" dyno=web.1 connect=1ms service=4ms status=200 bytes=10653 protocol=https
2017-10-18T09:42:36.104306+00:00 heroku[router]: at=info method=GET path="/static/appbuilder/datepicker/bootstrap-datepicker.css" host=chat-intuitionfabric.herokuapp.com request_id=f37a2a83-26d5-477e-8f0e-d8ba366d860f fwd="112.209.161.248" dyno=web.1 connect=1ms service=6ms status=200 bytes=3969 protocol=https
2017-10-18T09:42:36.093165+00:00 heroku[router]: at=info method=GET path="/static/appbuilder/css/bootstrap.min.css" host=chat-intuitionfabric.herokuapp.com request_id=98ca2177-2333-486e-bef3-c6f0585db222 fwd="112.209.161.248" dyno=web.1 connect=1ms service=15ms status=200 bytes=121581 protocol=https
2017-10-18T09:42:36.544144+00:00 heroku[router]: at=info method=GET path="/static/appbuilder/css/ab.css" host=chat-intuitionfabric.herokuapp.com request_id=782bf149-dba0-477f-a125-4a8e2f942fe8 fwd="112.209.161.248" dyno=web.1 connect=1ms service=5ms status=200 bytes=962 protocol=https
2017-10-18T09:42:36.564156+00:00 heroku[router]: at=info method=GET path="/static/appbuilder/js/jquery-latest.js" host=chat-intuitionfabric.herokuapp.com request_id=91ad19f3-8635-4375-8e47-bf1f52696f40 fwd="112.209.161.248" dyno=web.1 connect=1ms service=9ms status=200 bytes=93485 protocol=https
2017-10-18T09:42:36.845564+00:00 heroku[router]: at=info method=GET path="/static/appbuilder/js/ab_filters.js" host=chat-intuitionfabric.herokuapp.com request_id=753a0df3-5c3e-409c-8cf0-7a549e9efa30 fwd="112.209.161.248" dyno=web.1 connect=1ms service=8ms status=200 bytes=4946 protocol=https
2017-10-18T09:42:36.927523+00:00 heroku[router]: at=info method=GET path="/static/appbuilder/js/ab_actions.js" host=chat-intuitionfabric.herokuapp.com request_id=572b7ba0-e08e-4da3-a235-0b406164b00d fwd="112.209.161.248" dyno=web.1 connect=1ms service=4ms status=200 bytes=3753 protocol=https
2017-10-18T09:42:37.383933+00:00 heroku[router]: at=info method=GET path="/static/appbuilder/js/bootstrap.min.js" host=chat-intuitionfabric.herokuapp.com request_id=dadc35b1-694b-49bd-b0a2-f6653f8ef411 fwd="112.209.161.248" dyno=web.1 connect=1ms service=4ms status=200 bytes=37423 protocol=https
2017-10-18T09:42:37.836970+00:00 heroku[router]: at=info method=GET path="/static/appbuilder/js/ab.js" host=chat-intuitionfabric.herokuapp.com request_id=4b113156-aabd-4484-be6a-0d054845be57 fwd="112.209.161.248" dyno=web.1 connect=1ms service=5ms status=200 bytes=3542 protocol=https
2017-10-18T09:42:37.849933+00:00 heroku[router]: at=info method=GET path="/static/img/intuitionmachine.png" host=chat-intuitionfabric.herokuapp.com request_id=0858c20b-5091-4a5b-aa84-cef4b7a8e0b6 fwd="112.209.161.248" dyno=web.1 connect=1ms service=4ms status=200 bytes=4984 protocol=https
2017-10-18T09:42:37.840965+00:00 heroku[router]: at=info method=GET path="/static/appbuilder/select2/select2.js" host=chat-intuitionfabric.herokuapp.com request_id=466035e6-5ab6-4f70-9702-7561e198c760 fwd="112.209.161.248" dyno=web.1 connect=1ms service=11ms status=200 bytes=148916 protocol=https
2017-10-18T09:42:37.704625+00:00 heroku[router]: at=info method=GET path="/static/appbuilder/datepicker/bootstrap-datepicker.js" host=chat-intuitionfabric.herokuapp.com request_id=7f256f46-feb4-4df0-9d39-d7b0f6c2eba5 fwd="112.209.161.248" dyno=web.1 connect=1ms service=5ms status=200 bytes=27044 protocol=https
2017-10-18T09:42:37.857828+00:00 heroku[router]: at=info method=GET path="/static/appbuilder/fonts/fontawesome-webfont.woff2?v=4.7.0" host=chat-intuitionfabric.herokuapp.com request_id=4f99284b-ad6d-488e-8d71-bd29dd781f7e fwd="112.209.161.248" dyno=web.1 connect=1ms service=7ms status=200 bytes=77595 protocol=https
2017-10-18T09:42:37.851283+00:00 heroku[router]: at=info method=GET path="/static/appbuilder/img/flags/flags16.png" host=chat-intuitionfabric.herokuapp.com request_id=fbd37b24-b855-4bc1-a032-919bf7939510 fwd="112.209.161.248" dyno=web.1 connect=1ms service=7ms status=200 bytes=63649 protocol=https
2017-10-18T09:42:39.185689+00:00 heroku[router]: at=info method=GET path="/favicon.ico" host=chat-intuitionfabric.herokuapp.com request_id=3bbad4d3-672e-478a-9f1b-2b3057b70c0a fwd="112.209.161.248" dyno=web.1 connect=1ms service=40ms status=404 bytes=6215 protocol=https
2017-10-18T09:42:42.542593+00:00 heroku[router]: at=info method=GET path="/login/" host=chat-intuitionfabric.herokuapp.com request_id=91b299c4-ac3a-4e69-89f9-3a53ff3b274d fwd="112.209.161.248" dyno=web.1 connect=1ms service=27ms status=200 bytes=8726 protocol=https
2017-10-18T09:42:42.877475+00:00 heroku[router]: at=info method=GET path="/static/css/chat.css" host=chat-intuitionfabric.herokuapp.com request_id=5b0d6286-3b86-4566-87f5-a8d0564be7f7 fwd="112.209.161.248" dyno=web.1 connect=1ms service=3ms status=200 bytes=1813 protocol=https
2017-10-18T09:42:42.880006+00:00 heroku[router]: at=info method=GET path="/static/js/chat.js" host=chat-intuitionfabric.herokuapp.com request_id=0a680e53-6d46-4d64-b62a-8b32b10a9633 fwd="112.209.161.248" dyno=web.1 connect=1ms service=3ms status=200 bytes=1691 protocol=https
2017-10-18T09:42:43.163733+00:00 heroku[router]: at=info method=GET path="/login/static/img/intuitionmachine.png" host=chat-intuitionfabric.herokuapp.com request_id=665bb404-982e-46c1-bf48-a2232f26518a fwd="112.209.161.248" dyno=web.1 connect=1ms service=22ms status=404 bytes=6215 protocol=https
2017-10-18T09:42:44.845934+00:00 heroku[router]: at=info method=GET path="/querychatbot/hi" host=chat-intuitionfabric.herokuapp.com request_id=f220c7d7-1abb-4f03-ada7-fefc2b9e4c5e fwd="112.209.161.248" dyno=web.1 connect=1ms service=290ms status=200 bytes=208 protocol=https
2017-10-18T09:42:44.843301+00:00 app[web.1]: <class 'str'>
2017-10-18T09:42:47.574619+00:00 heroku[router]: at=info method=GET path="/querychatbot/ed" host=chat-intuitionfabric.herokuapp.com request_id=a8960495-5011-42cf-8bf4-ee476506fb37 fwd="112.209.161.248" dyno=web.1 connect=1ms service=92ms status=200 bytes=226 protocol=https
2017-10-18T09:42:47.571948+00:00 app[web.1]: <class 'str'>
2017-10-18T09:42:57.276565+00:00 heroku[router]: at=info method=GET path="/querychatbot/valdez@codeaudit.com" host=chat-intuitionfabric.herokuapp.com request_id=f02a7788-0048-4a81-817f-bf289e6f2568 fwd="112.209.161.248" dyno=web.1 connect=1ms service=210ms status=500 bytes=244 protocol=https
2017-10-18T09:42:57.270433+00:00 app[web.1]: <class 'str'>
2017-10-18T09:42:57.270451+00:00 app[web.1]: <class 'list'>
2017-10-18T09:42:57.270454+00:00 app[web.1]: {'name': 'ask-name', 'parameters': {'email.original': 'valdez@codeaudit.com', 'email': 'valdez@codeaudit.com'}, 'lifespan': 4}
2017-10-18T09:42:57.270450+00:00 app[web.1]: type
2017-10-18T09:42:57.274393+00:00 app[web.1]: [2017-10-18 09:42:57 +0000] [8] [ERROR] Error handling request /querychatbot/valdez@codeaudit.com
2017-10-18T09:42:57.274395+00:00 app[web.1]: Traceback (most recent call last):
2017-10-18T09:42:57.274395+00:00 app[web.1]:   File "/app/.heroku/python/lib/python3.6/site-packages/gunicorn/workers/sync.py", line 135, in handle
2017-10-18T09:42:57.274399+00:00 app[web.1]:     return self.wsgi_app(environ, start_response)
2017-10-18T09:42:57.274396+00:00 app[web.1]:     self.handle_request(listener, req, client, addr)
2017-10-18T09:42:57.274397+00:00 app[web.1]:     respiter = self.wsgi(environ, resp.start_response)
2017-10-18T09:42:57.274397+00:00 app[web.1]:   File "/app/.heroku/python/lib/python3.6/site-packages/gunicorn/workers/sync.py", line 176, in handle_request
2017-10-18T09:42:57.274398+00:00 app[web.1]:   File "/app/.heroku/python/lib/python3.6/site-packages/flask/app.py", line 1997, in __call__
2017-10-18T09:42:57.274400+00:00 app[web.1]:   File "/app/.heroku/python/lib/python3.6/site-packages/flask_cors/extension.py", line 161, in wrapped_function
2017-10-18T09:42:57.274402+00:00 app[web.1]:     reraise(exc_type, exc_value, tb)
2017-10-18T09:42:57.274401+00:00 app[web.1]:     return cors_after_request(app.make_response(f(*args, **kwargs)))
2017-10-18T09:42:57.274400+00:00 app[web.1]:     response = self.handle_exception(e)
2017-10-18T09:42:57.274401+00:00 app[web.1]:   File "/app/.heroku/python/lib/python3.6/site-packages/flask/app.py", line 1540, in handle_exception
2017-10-18T09:42:57.274399+00:00 app[web.1]:   File "/app/.heroku/python/lib/python3.6/site-packages/flask/app.py", line 1985, in wsgi_app
2017-10-18T09:42:57.274403+00:00 app[web.1]:   File "/app/.heroku/python/lib/python3.6/site-packages/flask/app.py", line 1982, in wsgi_app
2017-10-18T09:42:57.274402+00:00 app[web.1]:   File "/app/.heroku/python/lib/python3.6/site-packages/flask/_compat.py", line 33, in reraise
2017-10-18T09:42:57.274402+00:00 app[web.1]:     raise value
2017-10-18T09:42:57.274403+00:00 app[web.1]:     response = self.full_dispatch_request()
2017-10-18T09:42:57.274404+00:00 app[web.1]:   File "/app/.heroku/python/lib/python3.6/site-packages/flask/app.py", line 1614, in full_dispatch_request
2017-10-18T09:42:57.274404+00:00 app[web.1]:     rv = self.handle_user_exception(e)
2017-10-18T09:42:57.274405+00:00 app[web.1]:   File "/app/.heroku/python/lib/python3.6/site-packages/flask_cors/extension.py", line 161, in wrapped_function
2017-10-18T09:42:57.274406+00:00 app[web.1]:   File "/app/.heroku/python/lib/python3.6/site-packages/flask/_compat.py", line 33, in reraise
2017-10-18T09:42:57.274405+00:00 app[web.1]:     return cors_after_request(app.make_response(f(*args, **kwargs)))
2017-10-18T09:42:57.274405+00:00 app[web.1]:   File "/app/.heroku/python/lib/python3.6/site-packages/flask/app.py", line 1517, in handle_user_exception
2017-10-18T09:42:57.274406+00:00 app[web.1]:     reraise(exc_type, exc_value, tb)
2017-10-18T09:42:57.274408+00:00 app[web.1]:   File "/app/.heroku/python/lib/python3.6/site-packages/flask_cors/decorator.py", line 128, in wrapped_function
2017-10-18T09:42:57.274412+00:00 app[web.1]: KeyError: 'given-name'
2017-10-18T09:42:57.274408+00:00 app[web.1]:     return self.view_functions[rule.endpoint](**req.view_args)
2017-10-18T09:42:57.274407+00:00 app[web.1]:   File "/app/.heroku/python/lib/python3.6/site-packages/flask/app.py", line 1612, in full_dispatch_request
2017-10-18T09:42:57.274407+00:00 app[web.1]:     rv = self.dispatch_request()
2017-10-18T09:42:57.274406+00:00 app[web.1]:     raise value
2017-10-18T09:42:57.274407+00:00 app[web.1]:   File "/app/.heroku/python/lib/python3.6/site-packages/flask/app.py", line 1598, in dispatch_request
2017-10-18T09:42:57.274409+00:00 app[web.1]:   File "/app/app/__init__.py", line 283, in get_chatbot_response
2017-10-18T09:42:57.274409+00:00 app[web.1]:     resp = make_response(f(*args, **kwargs))
2017-10-18T09:42:57.274409+00:00 app[web.1]:     firstname=context['parameters']['given-name']
2017-10-18T09:43:02.680195+00:00 heroku[router]: at=info method=GET path="/static/appbuilder/css/bootstrap.min.css.map" host=chat-intuitionfabric.herokuapp.com request_id=4aea66ef-51b7-439a-a6e0-5389a54d4506 fwd="112.209.161.248" dyno=web.1 connect=1ms service=27ms status=404 bytes=6215 protocol=https
2017-10-18T09:44:53.358387+00:00 heroku[router]: at=info method=GET path="/login/" host=chat-intuitionfabric.herokuapp.com request_id=334d8a5f-459a-4f0e-bc49-b353f3116493 fwd="112.209.161.248" dyno=web.1 connect=0ms service=20ms status=200 bytes=8514 protocol=https
2017-10-18T09:44:53.655405+00:00 heroku[router]: at=info method=GET path="/static/appbuilder/css/bootstrap.min.css" host=chat-intuitionfabric.herokuapp.com request_id=fa675879-f143-4bb5-9bea-3c3fded2b88b fwd="112.209.161.248" dyno=web.1 connect=0ms service=7ms status=200 bytes=121581 protocol=https
2017-10-18T09:44:53.890221+00:00 heroku[router]: at=info method=GET path="/static/appbuilder/css/font-awesome.min.css" host=chat-intuitionfabric.herokuapp.com request_id=43f84341-2968-4457-833e-f87d8deb2fd5 fwd="112.209.161.248" dyno=web.1 connect=0ms service=5ms status=200 bytes=31379 protocol=https
2017-10-18T09:44:54.168555+00:00 heroku[router]: at=info method=GET path="/static/appbuilder/datepicker/bootstrap-datepicker.css" host=chat-intuitionfabric.herokuapp.com request_id=d2266518-3131-48f6-aefd-cf329470612e fwd="112.209.161.248" dyno=web.1 connect=0ms service=4ms status=200 bytes=3969 protocol=https
2017-10-18T09:44:54.156109+00:00 heroku[router]: at=info method=GET path="/static/appbuilder/css/themes/readable.css" host=chat-intuitionfabric.herokuapp.com request_id=1fd927d3-a088-4a44-9092-399299cdee86 fwd="112.209.161.248" dyno=web.1 connect=0ms service=7ms status=200 bytes=124918 protocol=https
2017-10-18T09:44:54.211413+00:00 heroku[router]: at=info method=GET path="/static/appbuilder/css/flags/flags16.css" host=chat-intuitionfabric.herokuapp.com request_id=d66ba5b5-dc81-44a3-8a5f-eda1a0d7243c fwd="112.209.161.248" dyno=web.1 connect=0ms service=3ms status=200 bytes=10653 protocol=https
2017-10-18T09:44:54.205711+00:00 heroku[router]: at=info method=GET path="/static/appbuilder/select2/select2.css" host=chat-intuitionfabric.herokuapp.com request_id=171f49fa-c645-42a5-b5f4-59f14bda7a83 fwd="112.209.161.248" dyno=web.1 connect=1ms service=5ms status=200 bytes=36843 protocol=https
2017-10-18T09:44:54.487421+00:00 heroku[router]: at=info method=GET path="/static/css/chat.css" host=chat-intuitionfabric.herokuapp.com request_id=576453a8-8a2d-4279-8376-b6c5696e1199 fwd="112.209.161.248" dyno=web.1 connect=0ms service=7ms status=200 bytes=1813 protocol=https
2017-10-18T09:44:54.405197+00:00 heroku[router]: at=info method=GET path="/static/appbuilder/css/ab.css" host=chat-intuitionfabric.herokuapp.com request_id=9f008609-6e92-4127-8034-fd839cac94c4 fwd="112.209.161.248" dyno=web.1 connect=0ms service=4ms status=200 bytes=962 protocol=https
2017-10-18T09:44:54.558579+00:00 heroku[router]: at=info method=GET path="/static/appbuilder/js/jquery-latest.js" host=chat-intuitionfabric.herokuapp.com request_id=f20934f8-8891-4194-8524-0355935a0d8c fwd="112.209.161.248" dyno=web.1 connect=0ms service=7ms status=200 bytes=93485 protocol=https
2017-10-18T09:44:54.612607+00:00 heroku[router]: at=info method=GET path="/static/appbuilder/js/ab_filters.js" host=chat-intuitionfabric.herokuapp.com request_id=1a436692-f27a-4cd3-ac3f-ca7d8e08bdfc fwd="112.209.161.248" dyno=web.1 connect=0ms service=5ms status=200 bytes=4946 protocol=https
2017-10-18T09:44:54.678628+00:00 heroku[router]: at=info method=GET path="/static/appbuilder/js/ab_actions.js" host=chat-intuitionfabric.herokuapp.com request_id=49f0a5c4-2a00-4401-b53d-116346e3db9c fwd="112.209.161.248" dyno=web.1 connect=0ms service=5ms status=200 bytes=3753 protocol=https
2017-10-18T09:44:54.738151+00:00 heroku[router]: at=info method=GET path="/static/js/chat.js" host=chat-intuitionfabric.herokuapp.com request_id=8cb4d2a5-9468-4256-b97d-d7761fd71342 fwd="112.209.161.248" dyno=web.1 connect=0ms service=4ms status=200 bytes=1691 protocol=https
2017-10-18T09:44:55.165760+00:00 heroku[router]: at=info method=GET path="/static/appbuilder/js/bootstrap.min.js" host=chat-intuitionfabric.herokuapp.com request_id=b3b0bbf0-a6bb-499b-be08-22031cc6e8a0 fwd="112.209.161.248" dyno=web.1 connect=0ms service=7ms status=200 bytes=37423 protocol=https
2017-10-18T09:44:55.384457+00:00 heroku[router]: at=info method=GET path="/static/appbuilder/fonts/fontawesome-webfont.woff2?v=4.7.0" host=chat-intuitionfabric.herokuapp.com request_id=d06927e7-2e23-4521-9138-7f5c69c4439f fwd="112.209.161.248" dyno=web.1 connect=1ms service=6ms status=200 bytes=77595 protocol=https
2017-10-18T09:44:55.354556+00:00 heroku[router]: at=info method=GET path="/static/appbuilder/datepicker/bootstrap-datepicker.js" host=chat-intuitionfabric.herokuapp.com request_id=ae4d1d87-77ef-4e51-8c44-5456ee4fe051 fwd="112.209.161.248" dyno=web.1 connect=1ms service=4ms status=200 bytes=27044 protocol=https
2017-10-18T09:44:55.399527+00:00 heroku[router]: at=info method=GET path="/login/static/img/intuitionmachine.png" host=chat-intuitionfabric.herokuapp.com request_id=4bfec3f6-594a-4e64-a131-1568ca08232e fwd="112.209.161.248" dyno=web.1 connect=0ms service=29ms status=404 bytes=6215 protocol=https
2017-10-18T09:44:55.364813+00:00 heroku[router]: at=info method=GET path="/static/appbuilder/select2/select2.js" host=chat-intuitionfabric.herokuapp.com request_id=1b1e58c7-3102-450e-a3e3-0f9038840d2a fwd="112.209.161.248" dyno=web.1 connect=0ms service=8ms status=200 bytes=148916 protocol=https
2017-10-18T09:44:55.516964+00:00 heroku[router]: at=info method=GET path="/static/appbuilder/css/bootstrap.min.css.map" host=chat-intuitionfabric.herokuapp.com request_id=b586ac60-7f33-4c64-bc53-688c748956e0 fwd="112.209.161.248" dyno=web.1 connect=0ms service=33ms status=404 bytes=6215 protocol=https
2017-10-18T09:44:55.370903+00:00 heroku[router]: at=info method=GET path="/static/appbuilder/js/ab.js" host=chat-intuitionfabric.herokuapp.com request_id=e1563352-ee71-4cef-923f-b18d8cad10cc fwd="112.209.161.248" dyno=web.1 connect=1ms service=7ms status=200 bytes=3542 protocol=https
2017-10-18T09:44:58.433221+00:00 heroku[router]: at=info method=GET path="/querychatbot/hi" host=chat-intuitionfabric.herokuapp.com request_id=164ea960-17dc-494e-9ba8-d6230c31d431 fwd="112.209.161.248" dyno=web.1 connect=0ms service=146ms status=200 bytes=220 protocol=https
2017-10-18T09:44:58.431001+00:00 app[web.1]: <class 'str'>
2017-10-18T09:45:02.025164+00:00 heroku[router]: at=info method=GET path="/querychatbot/hello" host=chat-intuitionfabric.herokuapp.com request_id=2b2258d9-5fb9-4c7e-b269-0f2bd4b66a45 fwd="112.209.161.248" dyno=web.1 connect=0ms service=138ms status=200 bytes=220 protocol=https
2017-10-18T09:45:02.023027+00:00 app[web.1]: <class 'str'>
2017-10-18T09:45:07.426886+00:00 heroku[router]: at=info method=GET path="/querychatbot/ed" host=chat-intuitionfabric.herokuapp.com request_id=3f57e2ba-fe50-4279-845d-d14ed5a3e923 fwd="112.209.161.248" dyno=web.1 connect=0ms service=83ms status=200 bytes=226 protocol=https
2017-10-18T09:45:07.423164+00:00 app[web.1]: <class 'str'>
2017-10-18T09:45:14.139470+00:00 app[web.1]: type
2017-10-18T09:45:14.139454+00:00 app[web.1]: <class 'str'>
2017-10-18T09:45:14.139471+00:00 app[web.1]: <class 'list'>
2017-10-18T09:45:14.139489+00:00 app[web.1]: {'name': 'ask-email', 'parameters': {'given-name.original': 'ed', 'email.original': 'valdez@codeaudit.com', 'given-name': 'Ed', 'email': 'valdez@codeaudit.com'}, 'lifespan': 4}
2017-10-18T09:45:14.141528+00:00 app[web.1]: {'name': 'ask-name', 'parameters': {'given-name.original': 'ed', 'email.original': 'valdez@codeaudit.com', 'given-name': 'Ed', 'email': 'valdez@codeaudit.com'}, 'lifespan': 4}
2017-10-18T09:45:14.207687+00:00 app[web.1]: https://chat-intuitionfabric.herokuapp.com
2017-10-18T09:45:14.379583+00:00 app[web.1]: 202
2017-10-18T09:45:14.379591+00:00 app[web.1]: b''
2017-10-18T09:45:14.141657+00:00 app[web.1]: QKXXFJNAA
2017-10-18T09:45:14.141627+00:00 app[web.1]: password
2017-10-18T09:45:14.380889+00:00 app[web.1]: Date: Wed, 18 Oct 2017 09:45:14 GMT
2017-10-18T09:45:14.380886+00:00 app[web.1]: Server: nginx
2017-10-18T09:45:14.380890+00:00 app[web.1]: Content-Type: text/plain; charset=utf-8
2017-10-18T09:45:14.380890+00:00 app[web.1]: Content-Length: 0
2017-10-18T09:45:14.380891+00:00 app[web.1]: Connection: close
2017-10-18T09:45:14.380893+00:00 app[web.1]: Access-Control-Allow-Methods: POST
2017-10-18T09:45:14.380892+00:00 app[web.1]: X-Message-Id: t4balQ8oRmSMq5_eo7k9IQ
2017-10-18T09:45:14.380894+00:00 app[web.1]: Access-Control-Allow-Headers: Authorization, Content-Type, On-behalf-of, x-sg-elas-acl
2017-10-18T09:45:14.380893+00:00 app[web.1]: Access-Control-Allow-Origin: https://sendgrid.api-docs.io
2017-10-18T09:45:14.380895+00:00 app[web.1]: Access-Control-Max-Age: 600
2017-10-18T09:45:14.380896+00:00 app[web.1]: 
2017-10-18T09:45:14.380895+00:00 app[web.1]: X-No-CORS-Reason: https://sendgrid.com/docs/Classroom/Basics/API/cors.html
2017-10-18T09:45:14.380924+00:00 app[web.1]: 
2017-10-18T09:45:14.380976+00:00 app[web.1]: X
2017-10-18T09:45:14.383842+00:00 heroku[router]: at=info method=GET path="/querychatbot/valdez@codeaudit.com" host=chat-intuitionfabric.herokuapp.com request_id=65a11f45-a362-421a-ad69-a7979b85b5f2 fwd="112.209.161.248" dyno=web.1 connect=0ms service=371ms status=200 bytes=305 protocol=https
2017-10-18T09:54:38.625387+00:00 heroku[router]: at=info method=GET path="/register/activation/0a711818-b3e9-11e7-a29b-4ae8d950cae3" host=chat-intuitionfabric.herokuapp.com request_id=64eca345-5a94-4cf9-9c2c-4bb541b66830 fwd="112.209.161.248" dyno=web.1 connect=1ms service=60ms status=200 bytes=6270 protocol=https
2017-10-18T09:54:38.589509+00:00 app[web.1]: 2017-10-18 09:54:38,589:INFO:flask_appbuilder.security.sqla.manager:Added user valdez@codeaudit.com
2017-10-18T09:54:39.037778+00:00 heroku[router]: at=info method=GET path="/register/activation/static/img/intuitionmachine.png" host=chat-intuitionfabric.herokuapp.com request_id=646637a9-45df-4c6d-a823-aa5879a52599 fwd="112.209.161.248" dyno=web.1 connect=0ms service=19ms status=404 bytes=6215 protocol=https
2017-10-18T09:54:43.044516+00:00 heroku[router]: at=info method=GET path="/login/" host=chat-intuitionfabric.herokuapp.com request_id=75dcd5bd-6fcb-4d1e-9869-5f98afe69c57 fwd="112.209.161.248" dyno=web.1 connect=0ms service=22ms status=200 bytes=8514 protocol=https
2017-10-18T09:54:43.342732+00:00 heroku[router]: at=info method=GET path="/login/static/img/intuitionmachine.png" host=chat-intuitionfabric.herokuapp.com request_id=5b484baf-7fc0-4b82-8408-517e5c6168da fwd="112.209.161.248" dyno=web.1 connect=0ms service=23ms status=404 bytes=6215 protocol=https
2017-10-18T09:55:00.728347+00:00 heroku[router]: at=info method=POST path="/login/" host=chat-intuitionfabric.herokuapp.com request_id=15cd6396-cd65-4b3a-9a9d-35472e834451 fwd="112.209.161.248" dyno=web.1 connect=0ms service=96ms status=302 bytes=816 protocol=https
2017-10-18T09:55:00.723466+00:00 app[web.1]: 2017-10-18 09:55:00,723:INFO:flask_appbuilder.security.sqla.manager:Updated user Ed Ed
2017-10-18T09:55:00.723558+00:00 app[web.1]: 2017-10-18 09:55:00,723:INFO:flask_appbuilder.security.manager:Login Failed for user: valdez@codeaudit.com
2017-10-18T09:55:01.000008+00:00 heroku[router]: at=info method=GET path="/login/" host=chat-intuitionfabric.herokuapp.com request_id=36c59e4d-1681-4589-b817-fe4c973fecea fwd="112.209.161.248" dyno=web.1 connect=0ms service=24ms status=200 bytes=8975 protocol=https
2017-10-18T09:55:01.361853+00:00 heroku[router]: at=info method=GET path="/login/static/img/intuitionmachine.png" host=chat-intuitionfabric.herokuapp.com request_id=a57773a1-14c5-4686-a1ef-83185803562c fwd="112.209.161.248" dyno=web.1 connect=0ms service=44ms status=404 bytes=6215 protocol=https
2017-10-18T09:55:41.420076+00:00 heroku[router]: at=info method=POST path="/login/" host=chat-intuitionfabric.herokuapp.com request_id=ea231a56-a8b3-4fe3-9183-dd2dea6037e2 fwd="112.209.161.248" dyno=web.1 connect=0ms service=91ms status=302 bytes=753 protocol=https
2017-10-18T09:55:41.415346+00:00 app[web.1]: 2017-10-18 09:55:41,415:INFO:flask_appbuilder.security.sqla.manager:Updated user Ed Ed
2017-10-18T09:55:41.661196+00:00 app[web.1]: HEY
2017-10-18T09:55:41.661200+00:00 app[web.1]: 
2017-10-18T09:55:41.661201+00:00 app[web.1]: 
2017-10-18T09:55:41.661201+00:00 app[web.1]: 
2017-10-18T09:55:41.734636+00:00 heroku[router]: at=info method=GET path="/" host=chat-intuitionfabric.herokuapp.com request_id=64935e9a-708f-436d-a323-057b629c8a1a fwd="112.209.161.248" dyno=web.1 connect=0ms service=74ms status=200 bytes=11543 protocol=https
2017-10-18T10:31:06.494349+00:00 heroku[web.1]: Idling
2017-10-18T10:31:06.494897+00:00 heroku[web.1]: State changed from up to down
2017-10-18T10:31:07.447427+00:00 heroku[web.1]: Stopping all processes with SIGTERM
2017-10-18T10:31:07.483816+00:00 app[web.1]: [2017-10-18 10:31:07 +0000] [10] [INFO] Worker exiting (pid: 10)
2017-10-18T10:31:07.484331+00:00 app[web.1]: [2017-10-18 10:31:07 +0000] [8] [INFO] Worker exiting (pid: 8)
2017-10-18T10:31:07.490869+00:00 app[web.1]: [2017-10-18 10:31:07 +0000] [4] [INFO] Handling signal: term
2017-10-18T10:31:07.922057+00:00 app[web.1]: [2017-10-18 10:31:07 +0000] [4] [INFO] Shutting down: Master
2017-10-18T10:31:08.154087+00:00 heroku[web.1]: Process exited with status 0
2017-10-18T15:38:12.889054+00:00 heroku[web.1]: Unidling
2017-10-18T15:38:12.889392+00:00 heroku[web.1]: State changed from down to starting
2017-10-18T15:38:17.994004+00:00 heroku[web.1]: Starting process with command `gunicorn run:app --reload`
2017-10-18T15:38:20.462174+00:00 app[web.1]: [2017-10-18 15:38:20 +0000] [4] [INFO] Starting gunicorn 19.7.1
2017-10-18T15:38:20.462998+00:00 app[web.1]: [2017-10-18 15:38:20 +0000] [4] [INFO] Listening at: http://0.0.0.0:10138 (4)
2017-10-18T15:38:20.463142+00:00 app[web.1]: [2017-10-18 15:38:20 +0000] [4] [INFO] Using worker: sync
2017-10-18T15:38:20.468054+00:00 app[web.1]: [2017-10-18 15:38:20 +0000] [8] [INFO] Booting worker with pid: 8
2017-10-18T15:38:20.547960+00:00 app[web.1]: [2017-10-18 15:38:20 +0000] [10] [INFO] Booting worker with pid: 10
2017-10-18T15:38:21.748815+00:00 heroku[web.1]: State changed from starting to up
2017-10-18T15:38:23.163409+00:00 app[web.1]: 70290e7963e543d392a19b33c4e8a90f
2017-10-18T15:38:23.162207+00:00 app[web.1]: 70290e7963e543d392a19b33c4e8a90f
2017-10-18T15:38:23.164675+00:00 app[web.1]: /app/.heroku/python/lib/python3.6/site-packages/flask_sqlalchemy/__init__.py:800: UserWarning: SQLALCHEMY_TRACK_MODIFICATIONS adds significant overhead and will be disabled by default in the future.  Set it to True to suppress this warning.
2017-10-18T15:38:23.164678+00:00 app[web.1]:   warnings.warn('SQLALCHEMY_TRACK_MODIFICATIONS adds significant overhead and will be disabled by default in the future.  Set it to True to suppress this warning.')
2017-10-18T15:38:23.165385+00:00 app[web.1]: /app/.heroku/python/lib/python3.6/site-packages/flask_sqlalchemy/__init__.py:800: UserWarning: SQLALCHEMY_TRACK_MODIFICATIONS adds significant overhead and will be disabled by default in the future.  Set it to True to suppress this warning.
2017-10-18T15:38:23.165387+00:00 app[web.1]:   warnings.warn('SQLALCHEMY_TRACK_MODIFICATIONS adds significant overhead and will be disabled by default in the future.  Set it to True to suppress this warning.')
2017-10-18T15:38:23.337088+00:00 app[web.1]: 2017-10-18 15:38:23,336:INFO:flask_appbuilder.base:Registering class MyIndexView on menu 
2017-10-18T15:38:23.340527+00:00 app[web.1]: 2017-10-18 15:38:23,340:INFO:flask_appbuilder.base:Registering class MyIndexView on menu 
2017-10-18T15:38:23.344618+00:00 app[web.1]: 2017-10-18 15:38:23,344:INFO:flask_appbuilder.base:Registering class UtilView on menu 
2017-10-18T15:38:23.347375+00:00 app[web.1]: 2017-10-18 15:38:23,347:INFO:flask_appbuilder.base:Registering class UtilView on menu 
2017-10-18T15:38:23.349956+00:00 app[web.1]: 2017-10-18 15:38:23,349:INFO:flask_appbuilder.base:Registering class LocaleView on menu 
2017-10-18T15:38:23.359253+00:00 app[web.1]: 2017-10-18 15:38:23,359:INFO:flask_appbuilder.base:Registering class RegisterUserDBView on menu 
2017-10-18T15:38:23.365602+00:00 app[web.1]: 2017-10-18 15:38:23,365:INFO:flask_appbuilder.base:Registering class ResetPasswordView on menu 
2017-10-18T15:38:23.369429+00:00 app[web.1]: 2017-10-18 15:38:23,369:INFO:flask_appbuilder.base:Registering class ResetPasswordView on menu 
2017-10-18T15:38:23.395588+00:00 app[web.1]: 2017-10-18 15:38:23,395:INFO:flask_appbuilder.base:Registering class ResetMyPasswordView on menu 
2017-10-18T15:38:23.397730+00:00 app[web.1]: 2017-10-18 15:38:23,397:INFO:flask_appbuilder.base:Registering class ResetMyPasswordView on menu 
2017-10-18T15:38:23.353460+00:00 app[web.1]: 2017-10-18 15:38:23,353:INFO:flask_appbuilder.base:Registering class LocaleView on menu 
2017-10-18T15:38:23.357249+00:00 app[web.1]: 2017-10-18 15:38:23,357:INFO:flask_appbuilder.base:Registering class RegisterUserDBView on menu 
2017-10-18T15:38:23.413077+00:00 app[web.1]: 2017-10-18 15:38:23,412:INFO:flask_appbuilder.base:Registering class MyUserInfoEditView on menu 
2017-10-18T15:38:23.417648+00:00 app[web.1]: 2017-10-18 15:38:23,417:INFO:flask_appbuilder.base:Registering class MyUserInfoEditView on menu 
2017-10-18T15:38:23.428812+00:00 app[web.1]: 2017-10-18 15:38:23,428:INFO:flask_appbuilder.base:Registering class MyAuthDBView on menu 
2017-10-18T15:38:23.431962+00:00 app[web.1]: 2017-10-18 15:38:23,431:INFO:flask_appbuilder.base:Registering class MyAuthDBView on menu 
2017-10-18T15:38:23.445732+00:00 app[web.1]: 2017-10-18 15:38:23,445:INFO:flask_appbuilder.base:Registering class MyUserDBModelView on menu List Users
2017-10-18T15:38:23.447988+00:00 app[web.1]: 2017-10-18 15:38:23,447:INFO:flask_appbuilder.base:Registering class MyUserDBModelView on menu List Users
2017-10-18T15:38:23.520627+00:00 app[web.1]: 2017-10-18 15:38:23,520:INFO:flask_appbuilder.base:Registering class RoleModelView on menu List Roles
2017-10-18T15:38:23.520771+00:00 app[web.1]: 2017-10-18 15:38:23,520:INFO:flask_appbuilder.base:Registering class RoleModelView on menu List Roles
2017-10-18T15:38:23.581023+00:00 app[web.1]: 2017-10-18 15:38:23,580:INFO:flask_appbuilder.base:Registering class MyUserStatsChartView on menu User's Statistics
2017-10-18T15:38:23.571831+00:00 app[web.1]: 2017-10-18 15:38:23,571:INFO:flask_appbuilder.base:Registering class MyUserStatsChartView on menu User's Statistics
2017-10-18T15:38:23.582412+00:00 app[web.1]: 2017-10-18 15:38:23,581:ERROR:flask_appbuilder.base:'NoneType' object has no attribute 'name'
2017-10-18T15:38:23.582414+00:00 app[web.1]: Traceback (most recent call last):
2017-10-18T15:38:23.582415+00:00 app[web.1]:   File "/app/.heroku/python/lib/python3.6/site-packages/flask_appbuilder/base.py", line 462, in _add_permission
2017-10-18T15:38:23.582417+00:00 app[web.1]:   File "/app/.heroku/python/lib/python3.6/site-packages/flask_appbuilder/security/manager.py", line 804, in add_permissions_view
2017-10-18T15:38:23.582415+00:00 app[web.1]:     self.sm.add_permissions_view(baseview.base_permissions, baseview.__class__.__name__)
2017-10-18T15:38:23.582417+00:00 app[web.1]:     if perm_view.permission.name not in base_permissions:
2017-10-18T15:38:23.582418+00:00 app[web.1]: AttributeError: 'NoneType' object has no attribute 'name'
2017-10-18T15:38:23.582511+00:00 app[web.1]: 2017-10-18 15:38:23,582:ERROR:flask_appbuilder.base:Add Permission on View Error: 'NoneType' object has no attribute 'name'
2017-10-18T15:38:23.590445+00:00 app[web.1]: Traceback (most recent call last):
2017-10-18T15:38:23.590447+00:00 app[web.1]:     self.sm.add_permissions_view(baseview.base_permissions, baseview.__class__.__name__)
2017-10-18T15:38:23.590446+00:00 app[web.1]:   File "/app/.heroku/python/lib/python3.6/site-packages/flask_appbuilder/base.py", line 462, in _add_permission
2017-10-18T15:38:23.590448+00:00 app[web.1]:   File "/app/.heroku/python/lib/python3.6/site-packages/flask_appbuilder/security/manager.py", line 804, in add_permissions_view
2017-10-18T15:38:23.590450+00:00 app[web.1]: AttributeError: 'NoneType' object has no attribute 'name'
2017-10-18T15:38:23.590443+00:00 app[web.1]: 2017-10-18 15:38:23,589:ERROR:flask_appbuilder.base:'NoneType' object has no attribute 'name'
2017-10-18T15:38:23.590449+00:00 app[web.1]:     if perm_view.permission.name not in base_permissions:
2017-10-18T15:38:23.590562+00:00 app[web.1]: 2017-10-18 15:38:23,590:ERROR:flask_appbuilder.base:Add Permission on View Error: 'NoneType' object has no attribute 'name'
2017-10-18T15:38:23.605396+00:00 app[web.1]: 2017-10-18 15:38:23,605:INFO:flask_appbuilder.base:Registering class RegisterUserModelView on menu User's Statistics
2017-10-18T15:38:23.617766+00:00 app[web.1]: 2017-10-18 15:38:23,617:INFO:flask_appbuilder.base:Registering class RegisterUserModelView on menu User's Statistics
2017-10-18T15:38:23.658945+00:00 app[web.1]: 2017-10-18 15:38:23,658:INFO:flask_appbuilder.base:Registering class PermissionModelView on menu Base Permissions
2017-10-18T15:38:23.681565+00:00 app[web.1]: 2017-10-18 15:38:23,681:INFO:flask_appbuilder.base:Registering class PermissionModelView on menu Base Permissions
2017-10-18T15:38:23.705093+00:00 app[web.1]: 2017-10-18 15:38:23,704:INFO:flask_appbuilder.base:Registering class ViewMenuModelView on menu Views/Menus
2017-10-18T15:38:23.733678+00:00 app[web.1]: 2017-10-18 15:38:23,733:INFO:flask_appbuilder.base:Registering class ViewMenuModelView on menu Views/Menus
2017-10-18T15:38:23.809858+00:00 app[web.1]: 2017-10-18 15:38:23,809:INFO:flask_appbuilder.base:Registering class PermissionViewModelView on menu Permission on Views/Menus
2017-10-18T15:38:23.813389+00:00 app[web.1]: 2017-10-18 15:38:23,813:INFO:flask_appbuilder.base:Registering class PermissionViewModelView on menu Permission on Views/Menus
2017-10-18T15:38:23.955800+00:00 app[web.1]: 2017-10-18 15:38:23,955:INFO:flask_appbuilder.base:Registering class CountryStatsModelView on menu List Countries
2017-10-18T15:38:23.964984+00:00 app[web.1]: 2017-10-18 15:38:23,964:INFO:flask_appbuilder.base:Registering class CountryStatsModelView on menu List Countries
2017-10-18T15:38:24.038130+00:00 app[web.1]: 2017-10-18 15:38:24,037:INFO:flask_appbuilder.base:Registering class CountryStatsDirectChart on menu Show Country Chart
2017-10-18T15:38:24.056049+00:00 app[web.1]: 2017-10-18 15:38:24,055:INFO:flask_appbuilder.base:Registering class CountryStatsDirectChart on menu Show Country Chart
2017-10-18T15:38:24.127843+00:00 app[web.1]: HEY
2017-10-18T15:38:24.127845+00:00 app[web.1]: 
2017-10-18T15:38:24.127846+00:00 app[web.1]: 
2017-10-18T15:38:24.127851+00:00 app[web.1]: 
2017-10-18T15:38:24.362836+00:00 heroku[router]: at=info method=GET path="/" host=chat-intuitionfabric.herokuapp.com request_id=b0ce169d-0248-4096-8031-bb809f9dea18 fwd="112.209.133.119" dyno=web.1 connect=0ms service=1392ms status=200 bytes=8165 protocol=https
2017-10-18T15:38:24.992935+00:00 heroku[router]: at=info method=GET path="/favicon.ico" host=chat-intuitionfabric.herokuapp.com request_id=e975b89f-7831-44c7-b553-854747821797 fwd="112.209.133.119" dyno=web.1 connect=0ms service=31ms status=404 bytes=6215 protocol=https
